algo.c:218:6:Algo_init	8	static
algo.c:241:13:manageStateMachine	88	static
algo.c:678:6:Algo_task	16	static
algo.c:695:6:Algo_setSimulatorMode	16	static
algo.c:699:7:Algo_getBaffleTempSlope	4	static
algo.c:704:14:computeSlopeBaffleTemp	16	static
algo.c:716:6:Algo_setState	16	static
algo.c:722:7:Algo_getState	4	static
algo.c:725:10:getStateTime	4	static
algo.c:729:6:Algo_setBaffleTemp	16	static
algo.c:734:6:Algo_setRearTemp	16	static
algo.c:737:5:Algo_getRearTemp	4	static
algo.c:741:5:Algo_getBaffleTemp	4	static
algo.c:745:6:Algo_setPlenumTemp	16	static
algo.c:748:5:Algo_getPlenumTemp	4	static
algo.c:752:5:Algo_getPrimary	8	static
algo.c:756:5:Algo_getGrill	8	static
algo.c:760:5:Algo_getSecondary	8	static
algo.c:764:15:Algo_getStateFinChargemenent	4	static
algo.c:768:15:Algo_getStateFermeturePorte	4	static
algo.c:772:6:Algo_setThermostatRequest	16	static
algo.c:775:6:Algo_getThermostatRequest	4	static
algo.c:778:6:Algo_setInterlockRequest	16	static
algo.c:781:6:Algo_getInterlockRequest	4	static
algo.c:785:6:Algo_startChargement	16	static
algo.c:790:10:Algo_getTimeOfReloadRequest	4	static
algo.c:794:6:Algo_IsFanPauseRequested	4	static
algo.c:798:6:Algo_clearReloadRequest	4	static
algo.c:802:12:computeAjustement	72	static
algo.c:833:6:AirAdjustment	24	static
algo.c:870:6:StateEntryControlAdjustment	48	static
