algo.c:203:6:Algo_init	8	static
algo.c:226:13:manageStateMachine	88	static
algo.c:657:6:Algo_task	16	static
algo.c:674:6:Algo_setSimulatorMode	16	static
algo.c:678:7:Algo_getBaffleTempSlope	4	static
algo.c:683:14:computeSlopeBaffleTemp	16	static
algo.c:695:6:Algo_setState	16	static
algo.c:701:7:Algo_getState	4	static
algo.c:704:10:getStateTime	4	static
algo.c:708:6:Algo_setBaffleTemp	16	static
algo.c:713:6:Algo_setRearTemp	16	static
algo.c:716:5:Algo_getRearTemp	4	static
algo.c:720:5:Algo_getBaffleTemp	4	static
algo.c:724:6:Algo_setPlenumTemp	16	static
algo.c:727:5:Algo_getPlenumTemp	4	static
algo.c:731:5:Algo_getPrimary	8	static
algo.c:735:5:Algo_getGrill	8	static
algo.c:739:5:Algo_getSecondary	8	static
algo.c:743:15:Algo_getStateFinChargemenent	4	static
algo.c:747:15:Algo_getStateFermeturePorte	4	static
algo.c:751:6:Algo_setThermostatRequest	16	static
algo.c:754:6:Algo_getThermostatRequest	4	static
algo.c:757:6:Algo_setInterlockRequest	16	static
algo.c:760:6:Algo_getInterlockRequest	4	static
algo.c:764:6:Algo_startChargement	16	static
algo.c:769:10:Algo_getTimeOfReloadRequest	4	static
algo.c:773:6:Algo_IsFanPauseRequested	4	static
algo.c:777:6:Algo_clearReloadRequest	4	static
algo.c:781:12:computeAjustement	72	static
algo.c:812:6:AirAdjustment	24	static
algo.c:849:6:StateEntryControlAdjustment	48	static
