algo.c:218:6:Algo_init	8	static
algo.c:241:13:manageStateMachine	88	static
algo.c:743:6:Algo_task	16	static
algo.c:760:6:Algo_setSimulatorMode	16	static
algo.c:764:7:Algo_getBaffleTempSlope	4	static
algo.c:769:14:computeSlopeBaffleTemp	16	static
algo.c:781:6:Algo_setState	16	static
algo.c:787:7:Algo_getState	4	static
algo.c:790:10:getStateTime	4	static
algo.c:794:6:Algo_setBaffleTemp	16	static
algo.c:799:6:Algo_setRearTemp	16	static
algo.c:802:5:Algo_getRearTemp	4	static
algo.c:806:5:Algo_getBaffleTemp	4	static
algo.c:810:6:Algo_setPlenumTemp	16	static
algo.c:813:5:Algo_getPlenumTemp	4	static
algo.c:817:5:Algo_getPrimary	8	static
algo.c:821:5:Algo_getGrill	8	static
algo.c:825:5:Algo_getSecondary	8	static
algo.c:829:15:Algo_getStateFinChargemenent	4	static
algo.c:833:15:Algo_getStateFermeturePorte	4	static
algo.c:837:6:Algo_setThermostatRequest	16	static
algo.c:840:6:Algo_getThermostatRequest	4	static
algo.c:843:6:Algo_setInterlockRequest	16	static
algo.c:846:6:Algo_getInterlockRequest	4	static
algo.c:850:6:Algo_startChargement	16	static
algo.c:855:10:Algo_getTimeOfReloadRequest	4	static
algo.c:859:6:Algo_IsFanPauseRequested	4	static
algo.c:863:6:Algo_clearReloadRequest	4	static
algo.c:867:12:computeAjustement	72	static
algo.c:898:6:AirAdjustment	24	static
algo.c:935:6:StateEntryControlAdjustment	48	static
