algo.c:222:6:Algo_init	8	static
algo.c:245:13:manageStateMachine	88	static
algo.c:747:6:Algo_task	16	static
algo.c:764:6:Algo_setSimulatorMode	16	static
algo.c:768:7:Algo_getBaffleTempSlope	4	static
algo.c:773:14:computeSlopeBaffleTemp	16	static
algo.c:785:6:Algo_setState	16	static
algo.c:791:7:Algo_getState	4	static
algo.c:794:10:getStateTime	4	static
algo.c:798:6:Algo_setBaffleTemp	16	static
algo.c:803:6:Algo_setRearTemp	16	static
algo.c:806:5:Algo_getRearTemp	4	static
algo.c:810:5:Algo_getBaffleTemp	4	static
algo.c:814:6:Algo_setPlenumTemp	16	static
algo.c:817:5:Algo_getPlenumTemp	4	static
algo.c:821:5:Algo_getPrimary	8	static
algo.c:825:5:Algo_getGrill	8	static
algo.c:829:5:Algo_getSecondary	8	static
algo.c:833:15:Algo_getStateFinChargemenent	4	static
algo.c:837:15:Algo_getStateFermeturePorte	4	static
algo.c:841:6:Algo_setThermostatRequest	16	static
algo.c:844:6:Algo_getThermostatRequest	4	static
algo.c:847:6:Algo_setInterlockRequest	16	static
algo.c:850:6:Algo_getInterlockRequest	4	static
algo.c:854:6:Algo_startChargement	16	static
algo.c:859:10:Algo_getTimeOfReloadRequest	4	static
algo.c:863:6:Algo_IsFanPauseRequested	4	static
algo.c:867:6:Algo_clearReloadRequest	4	static
algo.c:871:12:computeAjustement	72	static
algo.c:902:6:AirAdjustment	24	static
algo.c:939:6:StateEntryControlAdjustment	48	static
algo.c:977:6:IsDoorOpen	8	static
