main.c:110:5:main	192	static
main.c:216:6:SystemClock_Config	120	static
main.c:268:6:MX_I2C1_Init	8	static
main.c:302:13:MX_RTC_Init	16	static
main.c:359:13:MX_USART1_UART_Init	8	static
main.c:392:6:MX_USART2_UART_Init	4	static
main.c:425:6:MX_USART3_UART_Init	8	static
main.c:458:13:MX_GPIO_Init	40	static
main.c:560:6:StartDefaultTask	24	static,ignoring_inline_asm
main.c:632:6:TimerCallback	16	static
main.c:647:6:HAL_TIM_PeriodElapsedCallback	16	static
main.c:664:6:Error_Handler	8	static,ignoring_inline_asm
