ParticlesManager.c:54:6:ParticlesManager	40	static
ParticlesManager.c:175:10:Particle_getCH0	4	static
ParticlesManager.c:180:10:Particle_getCH1	4	static
ParticlesManager.c:185:10:Particle_getVariance	4	static
ParticlesManager.c:190:5:Particle_getSlope	4	static
ParticlesManager.c:195:10:Particle_getTemperature	4	static
ParticlesManager.c:200:10:Particle_getCurrent	8	static
ParticlesManager.c:205:10:Particle_getLuxON	4	static
ParticlesManager.c:209:10:Particle_getLuxOFF	4	static
ParticlesManager.c:214:10:Particle_getTime	4	static
ParticlesManager.c:219:6:validateRxChecksum	24	static
ParticlesManager.c:233:6:HAL_UART_RxCpltCallback	16	static
ParticlesManager.c:247:6:HAL_UART_TxCpltCallback	16	static
ParticlesManager.c:260:6:HAL_UART_ErrorCallback	24	static
