algo.c:315:6:Algo_init	16	static
algo.c:784:6:Algo_setSimulatorMode	0	static
algo.c:788:7:Algo_getBaffleTempSlope	0	static
algo.c:805:6:Algo_setState	0	static
algo.c:811:7:Algo_getState	0	static
algo.c:814:10:getStateTime	0	static
algo.c:818:6:Algo_setBaffleTemp	0	static
algo.c:823:6:Algo_setRearTemp	0	static
algo.c:826:5:Algo_getRearTemp	0	static
algo.c:830:5:Algo_getBaffleTemp	0	static
algo.c:834:6:Algo_setPlenumTemp	0	static
algo.c:837:5:Algo_getPlenumTemp	0	static
algo.c:841:5:Algo_getPrimary	0	static
algo.c:845:5:Algo_getGrill	0	static
algo.c:849:15:Algo_getStateFinChargemenent	0	static
algo.c:853:15:Algo_getStateFermeturePorte	0	static
algo.c:857:6:Algo_setThermostatRequest	0	static
algo.c:860:6:Algo_getThermostatRequest	0	static
algo.c:863:6:Algo_setInterlockRequest	0	static
algo.c:866:6:Algo_getInterlockRequest	0	static
algo.c:870:6:Algo_startChargement	4	static
algo.c:875:10:Algo_getTimeOfReloadRequest	0	static
algo.c:879:6:Algo_IsFanPauseRequested	0	static
algo.c:883:6:Algo_clearReloadRequest	0	static
algo.c:918:6:AirAdjustment	40	static
algo.c:954:6:StateEntryControlAdjustment	48	static
algo.c:768:6:Algo_task	104	static
