algo.c:315:6:Algo_init	16	static
algo.c:781:6:Algo_setSimulatorMode	0	static
algo.c:785:7:Algo_getBaffleTempSlope	0	static
algo.c:802:6:Algo_setState	0	static
algo.c:808:7:Algo_getState	0	static
algo.c:811:10:getStateTime	0	static
algo.c:815:6:Algo_setBaffleTemp	0	static
algo.c:820:6:Algo_setRearTemp	0	static
algo.c:823:5:Algo_getRearTemp	0	static
algo.c:827:5:Algo_getBaffleTemp	0	static
algo.c:831:6:Algo_setPlenumTemp	0	static
algo.c:834:5:Algo_getPlenumTemp	0	static
algo.c:838:5:Algo_getPrimary	0	static
algo.c:842:5:Algo_getGrill	0	static
algo.c:846:15:Algo_getStateFinChargemenent	0	static
algo.c:850:15:Algo_getStateFermeturePorte	0	static
algo.c:854:6:Algo_setThermostatRequest	0	static
algo.c:857:6:Algo_getThermostatRequest	0	static
algo.c:860:6:Algo_setInterlockRequest	0	static
algo.c:863:6:Algo_getInterlockRequest	0	static
algo.c:867:6:Algo_startChargement	4	static
algo.c:872:10:Algo_getTimeOfReloadRequest	0	static
algo.c:876:6:Algo_IsFanPauseRequested	0	static
algo.c:880:6:Algo_clearReloadRequest	0	static
algo.c:915:6:AirAdjustment	40	static
algo.c:951:6:StateEntryControlAdjustment	48	static
algo.c:765:6:Algo_task	112	static
