MotorManager.c:92:6:Mot_InPosition	0	static
MotorManager.c:104:6:Steppermanager	8	static
MotorManager.c:139:6:vStepperPositioning	32	static
MotorManager.c:216:6:vToggleOneStep	8	static
MotorManager.c:236:6:vLimitSwitchActive	8	static
MotorManager.c:260:6:vEnableStepper	8	static
MotorManager.c:278:6:vStepperMaxTorque	0	static
MotorManager.c:307:6:vDisableStepper	0	static
MotorManager.c:323:6:vSetStepperMotorDirection	0	static
MotorManager.c:354:6:mot_SetStepMotor	0	static
MotorManager.c:359:17:pstGetMotor	0	static
MotorManager.c:364:6:vSetSpeed	8	static
MotorManager.c:395:14:Mot_getFanSpeed	0	static
MotorManager.c:399:6:managePlenumSpeed	24	static
MotorManager.c:454:6:StepperMotorProdTest	32	static
MotorManager.c:510:6:AllMotorToZero	24	static
