algo.c:400:6:Algo_init	8	static
algo.c:422:13:manageStateMachine	88	static
algo.c:849:6:Algo_task	16	static
algo.c:865:6:Algo_setSimulatorMode	16	static
algo.c:869:7:Algo_getBaffleTempSlope	4	static
algo.c:874:14:computeSlopeBaffleTemp	16	static
algo.c:886:6:Algo_setState	16	static
algo.c:892:7:Algo_getState	4	static
algo.c:895:10:getStateTime	4	static
algo.c:899:6:Algo_setBaffleTemp	16	static
algo.c:904:6:Algo_setRearTemp	16	static
algo.c:907:5:Algo_getRearTemp	4	static
algo.c:911:5:Algo_getBaffleTemp	4	static
algo.c:915:6:Algo_setPlenumTemp	16	static
algo.c:918:5:Algo_getPlenumTemp	4	static
algo.c:922:5:Algo_getPrimary	8	static
algo.c:926:5:Algo_getGrill	8	static
algo.c:930:15:Algo_getStateFinChargemenent	4	static
algo.c:934:15:Algo_getStateFermeturePorte	4	static
algo.c:938:6:Algo_setThermostatRequest	16	static
algo.c:941:6:Algo_getThermostatRequest	4	static
algo.c:944:6:Algo_setInterlockRequest	16	static
algo.c:947:6:Algo_getInterlockRequest	4	static
algo.c:951:6:Algo_startChargement	16	static
algo.c:956:10:Algo_getTimeOfReloadRequest	4	static
algo.c:960:6:Algo_IsFanPauseRequested	4	static
algo.c:964:6:Algo_clearReloadRequest	4	static
algo.c:968:12:computeAjustement	72	static
algo.c:999:6:AirAdjustment	24	static
algo.c:1035:6:StateEntryControlAdjustment	48	static
