algo.c:317:6:Algo_init	8	static
algo.c:339:13:manageStateMachine	88	static
algo.c:766:6:Algo_task	16	static
algo.c:782:6:Algo_setSimulatorMode	16	static
algo.c:786:7:Algo_getBaffleTempSlope	4	static
algo.c:791:14:computeSlopeBaffleTemp	16	static
algo.c:803:6:Algo_setState	16	static
algo.c:809:7:Algo_getState	4	static
algo.c:812:10:getStateTime	4	static
algo.c:816:6:Algo_setBaffleTemp	16	static
algo.c:821:6:Algo_setRearTemp	16	static
algo.c:824:5:Algo_getRearTemp	4	static
algo.c:828:5:Algo_getBaffleTemp	4	static
algo.c:832:6:Algo_setPlenumTemp	16	static
algo.c:835:5:Algo_getPlenumTemp	4	static
algo.c:839:5:Algo_getPrimary	8	static
algo.c:843:5:Algo_getGrill	8	static
algo.c:847:15:Algo_getStateFinChargemenent	4	static
algo.c:851:15:Algo_getStateFermeturePorte	4	static
algo.c:855:6:Algo_setThermostatRequest	16	static
algo.c:858:6:Algo_getThermostatRequest	4	static
algo.c:861:6:Algo_setInterlockRequest	16	static
algo.c:864:6:Algo_getInterlockRequest	4	static
algo.c:868:6:Algo_startChargement	16	static
algo.c:873:10:Algo_getTimeOfReloadRequest	4	static
algo.c:877:6:Algo_IsFanPauseRequested	4	static
algo.c:881:6:Algo_clearReloadRequest	4	static
algo.c:885:12:computeAjustement	72	static
algo.c:916:6:AirAdjustment	24	static
algo.c:952:6:StateEntryControlAdjustment	48	static
