algo.c:401:6:Algo_init	8	static
algo.c:424:13:manageStateMachine	88	static
algo.c:855:6:Algo_task	16	static
algo.c:871:6:Algo_setSimulatorMode	16	static
algo.c:875:7:Algo_getBaffleTempSlope	4	static
algo.c:880:14:computeSlopeBaffleTemp	16	static
algo.c:892:6:Algo_setState	16	static
algo.c:898:7:Algo_getState	4	static
algo.c:901:10:getStateTime	4	static
algo.c:905:6:Algo_setBaffleTemp	16	static
algo.c:910:6:Algo_setRearTemp	16	static
algo.c:913:5:Algo_getRearTemp	4	static
algo.c:917:5:Algo_getBaffleTemp	4	static
algo.c:921:6:Algo_setPlenumTemp	16	static
algo.c:924:5:Algo_getPlenumTemp	4	static
algo.c:928:5:Algo_getPrimary	8	static
algo.c:932:5:Algo_getGrill	8	static
algo.c:936:15:Algo_getStateFinChargemenent	4	static
algo.c:940:15:Algo_getStateFermeturePorte	4	static
algo.c:944:6:Algo_setThermostatRequest	16	static
algo.c:947:6:Algo_getThermostatRequest	4	static
algo.c:950:6:Algo_setInterlockRequest	16	static
algo.c:953:6:Algo_getInterlockRequest	4	static
algo.c:957:6:Algo_startChargement	16	static
algo.c:962:10:Algo_getTimeOfReloadRequest	4	static
algo.c:966:6:Algo_IsFanPauseRequested	4	static
algo.c:970:6:Algo_clearReloadRequest	4	static
algo.c:974:12:computeAjustement	72	static
algo.c:1005:6:AirAdjustment	24	static
algo.c:1041:6:StateEntryControlAdjustment	48	static
