main.c:102:5:main	184	static,ignoring_inline_asm
main.c:260:6:SystemClock_Config	120	static
main.c:311:6:MX_I2C1_Init	8	static
main.c:345:13:MX_RTC_Init	16	static
main.c:402:13:MX_USART1_UART_Init	8	static
main.c:435:13:MX_USART2_UART_Init	8	static
main.c:468:13:MX_USART3_UART_Init	8	static
main.c:501:13:MX_GPIO_Init	40	static
main.c:601:6:StartDefaultTask	16	static
main.c:613:6:TimerCallback	16	static
main.c:628:6:HAL_TIM_PeriodElapsedCallback	16	static
main.c:645:6:Error_Handler	8	static,ignoring_inline_asm
