Archive member included to satisfy reference by file (symbol)

c:/st/stm32cubeide_1.6.1/stm32cubeide/plugins/com.st.stm32cube.ide.mcu.externaltools.gnu-tools-for-stm32.9-2020-q2-update.win32_1.5.0.202011040924/tools/bin/../lib/gcc/arm-none-eabi/9.3.1/../../../../arm-none-eabi/lib/thumb/v7-m/nofp\libc_nano.a(lib_a-assert.o)
                              Core/Src/ParameterFileLib.o (__assert_func)
c:/st/stm32cubeide_1.6.1/stm32cubeide/plugins/com.st.stm32cube.ide.mcu.externaltools.gnu-tools-for-stm32.9-2020-q2-update.win32_1.5.0.202011040924/tools/bin/../lib/gcc/arm-none-eabi/9.3.1/../../../../arm-none-eabi/lib/thumb/v7-m/nofp\libc_nano.a(lib_a-errno.o)
                              Core/Src/syscalls.o (__errno)
c:/st/stm32cubeide_1.6.1/stm32cubeide/plugins/com.st.stm32cube.ide.mcu.externaltools.gnu-tools-for-stm32.9-2020-q2-update.win32_1.5.0.202011040924/tools/bin/../lib/gcc/arm-none-eabi/9.3.1/../../../../arm-none-eabi/lib/thumb/v7-m/nofp\libc_nano.a(lib_a-exit.o)
                              c:/st/stm32cubeide_1.6.1/stm32cubeide/plugins/com.st.stm32cube.ide.mcu.externaltools.gnu-tools-for-stm32.9-2020-q2-update.win32_1.5.0.202011040924/tools/bin/../lib/gcc/arm-none-eabi/9.3.1/../../../../arm-none-eabi/lib/thumb/v7-m/nofp/crt0.o (exit)
c:/st/stm32cubeide_1.6.1/stm32cubeide/plugins/com.st.stm32cube.ide.mcu.externaltools.gnu-tools-for-stm32.9-2020-q2-update.win32_1.5.0.202011040924/tools/bin/../lib/gcc/arm-none-eabi/9.3.1/../../../../arm-none-eabi/lib/thumb/v7-m/nofp\libc_nano.a(lib_a-fprintf.o)
                              c:/st/stm32cubeide_1.6.1/stm32cubeide/plugins/com.st.stm32cube.ide.mcu.externaltools.gnu-tools-for-stm32.9-2020-q2-update.win32_1.5.0.202011040924/tools/bin/../lib/gcc/arm-none-eabi/9.3.1/../../../../arm-none-eabi/lib/thumb/v7-m/nofp\libc_nano.a(lib_a-assert.o) (fiprintf)
c:/st/stm32cubeide_1.6.1/stm32cubeide/plugins/com.st.stm32cube.ide.mcu.externaltools.gnu-tools-for-stm32.9-2020-q2-update.win32_1.5.0.202011040924/tools/bin/../lib/gcc/arm-none-eabi/9.3.1/../../../../arm-none-eabi/lib/thumb/v7-m/nofp\libc_nano.a(lib_a-impure.o)
                              c:/st/stm32cubeide_1.6.1/stm32cubeide/plugins/com.st.stm32cube.ide.mcu.externaltools.gnu-tools-for-stm32.9-2020-q2-update.win32_1.5.0.202011040924/tools/bin/../lib/gcc/arm-none-eabi/9.3.1/../../../../arm-none-eabi/lib/thumb/v7-m/nofp\libc_nano.a(lib_a-exit.o) (_global_impure_ptr)
c:/st/stm32cubeide_1.6.1/stm32cubeide/plugins/com.st.stm32cube.ide.mcu.externaltools.gnu-tools-for-stm32.9-2020-q2-update.win32_1.5.0.202011040924/tools/bin/../lib/gcc/arm-none-eabi/9.3.1/../../../../arm-none-eabi/lib/thumb/v7-m/nofp\libc_nano.a(lib_a-init.o)
                              c:/st/stm32cubeide_1.6.1/stm32cubeide/plugins/com.st.stm32cube.ide.mcu.externaltools.gnu-tools-for-stm32.9-2020-q2-update.win32_1.5.0.202011040924/tools/bin/../lib/gcc/arm-none-eabi/9.3.1/../../../../arm-none-eabi/lib/thumb/v7-m/nofp/crt0.o (__libc_init_array)
c:/st/stm32cubeide_1.6.1/stm32cubeide/plugins/com.st.stm32cube.ide.mcu.externaltools.gnu-tools-for-stm32.9-2020-q2-update.win32_1.5.0.202011040924/tools/bin/../lib/gcc/arm-none-eabi/9.3.1/../../../../arm-none-eabi/lib/thumb/v7-m/nofp\libc_nano.a(lib_a-memcpy-stub.o)
                              Core/esp32/ufec23_protocol/ufec23_endec.o (memcpy)
c:/st/stm32cubeide_1.6.1/stm32cubeide/plugins/com.st.stm32cube.ide.mcu.externaltools.gnu-tools-for-stm32.9-2020-q2-update.win32_1.5.0.202011040924/tools/bin/../lib/gcc/arm-none-eabi/9.3.1/../../../../arm-none-eabi/lib/thumb/v7-m/nofp\libc_nano.a(lib_a-memset.o)
                              c:/st/stm32cubeide_1.6.1/stm32cubeide/plugins/com.st.stm32cube.ide.mcu.externaltools.gnu-tools-for-stm32.9-2020-q2-update.win32_1.5.0.202011040924/tools/bin/../lib/gcc/arm-none-eabi/9.3.1/../../../../arm-none-eabi/lib/thumb/v7-m/nofp/crt0.o (memset)
c:/st/stm32cubeide_1.6.1/stm32cubeide/plugins/com.st.stm32cube.ide.mcu.externaltools.gnu-tools-for-stm32.9-2020-q2-update.win32_1.5.0.202011040924/tools/bin/../lib/gcc/arm-none-eabi/9.3.1/../../../../arm-none-eabi/lib/thumb/v7-m/nofp\libc_nano.a(lib_a-nano-vfprintf.o)
                              c:/st/stm32cubeide_1.6.1/stm32cubeide/plugins/com.st.stm32cube.ide.mcu.externaltools.gnu-tools-for-stm32.9-2020-q2-update.win32_1.5.0.202011040924/tools/bin/../lib/gcc/arm-none-eabi/9.3.1/../../../../arm-none-eabi/lib/thumb/v7-m/nofp\libc_nano.a(lib_a-fprintf.o) (_vfprintf_r)
c:/st/stm32cubeide_1.6.1/stm32cubeide/plugins/com.st.stm32cube.ide.mcu.externaltools.gnu-tools-for-stm32.9-2020-q2-update.win32_1.5.0.202011040924/tools/bin/../lib/gcc/arm-none-eabi/9.3.1/../../../../arm-none-eabi/lib/thumb/v7-m/nofp\libc_nano.a(lib_a-nano-vfprintf_float.o)
[...]
Memory Configuration

Name             Origin             Length             Attributes
RAM              0x0000000020000000 0x0000000000010000 xrw
FLASH            0x0000000008000000 0x0000000000040000 xr
*default*        0x0000000000000000 0xffffffffffffffff

Linker script and memory map

LOAD c:/st/stm32cubeide_1.6.1/stm32cubeide/plugins/com.st.stm32cube.ide.mcu.externaltools.gnu-tools-for-stm32.9-2020-q2-update.win32_1.5.0.202011040924/tools/bin/../lib/gcc/arm-none-eabi/9.3.1/thumb/v7-m/nofp/crti.o
LOAD c:/st/stm32cubeide_1.6.1/stm32cubeide/plugins/com.st.stm32cube.ide.mcu.externaltools.gnu-tools-for-stm32.9-2020-q2-update.win32_1.5.0.202011040924/tools/bin/../lib/gcc/arm-none-eabi/9.3.1/thumb/v7-m/nofp/crtbegin.o
LOAD c:/st/stm32cubeide_1.6.1/stm32cubeide/plugins/com.st.stm32cube.ide.mcu.externaltools.gnu-tools-for-stm32.9-2020-q2-update.win32_1.5.0.202011040924/tools/bin/../lib/gcc/arm-none-eabi/9.3.1/../../../../arm-none-eabi/lib/thumb/v7-m/nofp/crt0.o
LOAD Core/Src/AirInput.o
LOAD Core/Src/Algo.o
LOAD Core/Src/DebugManager.o
LOAD Core/Src/DebugPort.o
LOAD Core/Src/EspBridge.o
LOAD Core/Src/MotorManager.o
LOAD Core/Src/ParamFile.o
LOAD Core/Src/ParameterFileLib.o
LOAD Core/Src/ParticlesManager.o
LOAD Core/Src/TemperatureManager.o
LOAD Core/Src/freertos.o
LOAD Core/Src/main.o
LOAD Core/Src/stm32f1xx_hal_msp.o
LOAD Core/Src/stm32f1xx_hal_timebase_tim.o
LOAD Core/Src/stm32f1xx_it.o
LOAD Core/Src/syscalls.o
LOAD Core/Src/sysmem.o
LOAD Core/Src/system_stm32f1xx.o
LOAD Core/Startup/startup_stm32f105rctx.o
LOAD Core/esp32/uart_protocol/uart_protocol_dec.o
LOAD Core/esp32/uart_protocol/uart_protocol_enc.o
LOAD Core/esp32/ufec23_protocol/ufec23_endec.o
LOAD Core/esp32/ufec23_protocol/ufec_stream.o
LOAD Drivers/STM32F1xx_HAL_Driver/Src/stm32f1xx_hal.o
LOAD Drivers/STM32F1xx_HAL_Driver/Src/stm32f1xx_hal_cortex.o
LOAD Drivers/STM32F1xx_HAL_Driver/Src/stm32f1xx_hal_dma.o
LOAD Drivers/STM32F1xx_HAL_Driver/Src/stm32f1xx_hal_exti.o
LOAD Drivers/STM32F1xx_HAL_Driver/Src/stm32f1xx_hal_flash.o
LOAD Drivers/STM32F1xx_HAL_Driver/Src/stm32f1xx_hal_flash_ex.o
LOAD Drivers/STM32F1xx_HAL_Driver/Src/stm32f1xx_hal_gpio.o
LOAD Drivers/STM32F1xx_HAL_Driver/Src/stm32f1xx_hal_gpio_ex.o
LOAD Drivers/STM32F1xx_HAL_Driver/Src/stm32f1xx_hal_i2c.o
LOAD Drivers/STM32F1xx_HAL_Driver/Src/stm32f1xx_hal_pwr.o
LOAD Drivers/STM32F1xx_HAL_Driver/Src/stm32f1xx_hal_rcc.o
LOAD Drivers/STM32F1xx_HAL_Driver/Src/stm32f1xx_hal_rcc_ex.o
LOAD Drivers/STM32F1xx_HAL_Driver/Src/stm32f1xx_hal_rtc.o
LOAD Drivers/STM32F1xx_HAL_Driver/Src/stm32f1xx_hal_rtc_ex.o
LOAD Drivers/STM32F1xx_HAL_Driver/Src/stm32f1xx_hal_tim.o
LOAD Drivers/STM32F1xx_HAL_Driver/Src/stm32f1xx_hal_tim_ex.o
LOAD Drivers/STM32F1xx_HAL_Driver/Src/stm32f1xx_hal_uart.o
LOAD Middlewares/Third_Party/FreeRTOS/Source/CMSIS_RTOS/cmsis_os.o
LOAD Middlewares/Third_Party/FreeRTOS/Source/croutine.o
LOAD Middlewares/Third_Party/FreeRTOS/Source/event_groups.o
LOAD Middlewares/Third_Party/FreeRTOS/Source/list.o
LOAD Middlewares/Third_Party/FreeRTOS/Source/queue.o
LOAD Middlewares/Third_Party/FreeRTOS/Source/stream_buffer.o
LOAD Middlewares/Third_Party/FreeRTOS/Source/tasks.o
LOAD Middlewares/Third_Party/FreeRTOS/Source/timers.o
LOAD Middlewares/Third_Party/FreeRTOS/Source/portable/GCC/ARM_CM3/port.o
LOAD Middlewares/Third_Party/FreeRTOS/Source/portable/MemMang/heap_4.o
START GROUP
LOAD c:/st/stm32cubeide_1.6.1/stm32cubeide/plugins/com.st.stm32cube.ide.mcu.externaltools.gnu-tools-for-stm32.9-2020-q2-update.win32_1.5.0.202011040924/tools/bin/../lib/gcc/arm-none-eabi/9.3.1/../../../../arm-none-eabi/lib/thumb/v7-m/nofp\libc_nano.a
LOAD c:/st/stm32cubeide_1.6.1/stm32cubeide/plugins/com.st.stm32cube.ide.mcu.externaltools.gnu-tools-for-stm32.9-2020-q2-update.win32_1.5.0.202011040924/tools/bin/../lib/gcc/arm-none-eabi/9.3.1/../../../../arm-none-eabi/lib/thumb/v7-m/nofp\libm.a
END GROUP
START GROUP
LOAD c:/st/stm32cubeide_1.6.1/stm32cubeide/plugins/com.st.stm32cube.ide.mcu.externaltools.gnu-tools-for-stm32.9-2020-q2-update.win32_1.5.0.202011040924/tools/bin/../lib/gcc/arm-none-eabi/9.3.1/thumb/v7-m/nofp\libgcc.a
LOAD c:/st/stm32cubeide_1.6.1/stm32cubeide/plugins/com.st.stm32cube.ide.mcu.externaltools.gnu-tools-for-stm32.9-2020-q2-update.win32_1.5.0.202011040924/tools/bin/../lib/gcc/arm-none-eabi/9.3.1/../../../../arm-none-eabi/lib/thumb/v7-m/nofp\libc_nano.a
END GROUP
START GROUP
LOAD c:/st/stm32cubeide_1.6.1/stm32cubeide/plugins/com.st.stm32cube.ide.mcu.externaltools.gnu-tools-for-stm32.9-2020-q2-update.win32_1.5.0.202011040924/tools/bin/../lib/gcc/arm-none-eabi/9.3.1/thumb/v7-m/nofp\libgcc.a
LOAD c:/st/stm32cubeide_1.6.1/stm32cubeide/plugins/com.st.stm32cube.ide.mcu.externaltools.gnu-tools-for-stm32.9-2020-q2-update.win32_1.5.0.202011040924/tools/bin/../lib/gcc/arm-none-eabi/9.3.1/../../../../arm-none-eabi/lib/thumb/v7-m/nofp\libc_nano.a
LOAD c:/st/stm32cubeide_1.6.1/stm32cubeide/plugins/com.st.stm32cube.ide.mcu.externaltools.gnu-tools-for-stm32.9-2020-q2-update.win32_1.5.0.202011040924/tools/bin/../lib/gcc/arm-none-eabi/9.3.1/../../../../arm-none-eabi/lib/thumb/v7-m/nofp\libnosys.a
END GROUP
START GROUP
LOAD c:/st/stm32cubeide_1.6.1/stm32cubeide/plugins/com.st.stm32cube.ide.mcu.externaltools.gnu-tools-for-stm32.9-2020-q2-update.win32_1.5.0.202011040924/tools/bin/../lib/gcc/arm-none-eabi/9.3.1/thumb/v7-m/nofp\libgcc.a
LOAD c:/st/stm32cubeide_1.6.1/stm32cubeide/plugins/com.st.stm32cube.ide.mcu.externaltools.gnu-tools-for-stm32.9-2020-q2-update.win32_1.5.0.202011040924/tools/bin/../lib/gcc/arm-none-eabi/9.3.1/../../../../arm-none-eabi/lib/thumb/v7-m/nofp\libc_nano.a
LOAD c:/st/stm32cubeide_1.6.1/stm32cubeide/plugins/com.st.stm32cube.ide.mcu.externaltools.gnu-tools-for-stm32.9-2020-q2-update.win32_1.5.0.202011040924/tools/bin/../lib/gcc/arm-none-eabi/9.3.1/../../../../arm-none-eabi/lib/thumb/v7-m/nofp\libnosys.a
END GROUP
LOAD c:/st/stm32cubeide_1.6.1/stm32cubeide/plugins/com.st.stm32cube.ide.mcu.externaltools.gnu-tools-for-stm32.9-2020-q2-update.win32_1.5.0.202011040924/tools/bin/../lib/gcc/arm-none-eabi/9.3.1/thumb/v7-m/nofp/crtend.o
LOAD c:/st/stm32cubeide_1.6.1/stm32cubeide/plugins/com.st.stm32cube.ide.mcu.externaltools.gnu-tools-for-stm32.9-2020-q2-update.win32_1.5.0.202011040924/tools/bin/../lib/gcc/arm-none-eabi/9.3.1/thumb/v7-m/nofp/crtn.o
                0x0000000020010000                _estack = (ORIGIN (RAM) + LENGTH (RAM))
                0x0000000000000200                _Min_Heap_Size = 0x200
                0x0000000000000400                _Min_Stack_Size = 0x400

.isr_vector     0x0000000008000000      0x1e4
                0x0000000008000000                . = ALIGN (0x4)
 *(.isr_vector)
 .isr_vector    0x0000000008000000      0x1e4 Core/Startup/startup_stm32f105rctx.o
                0x0000000008000000                g_pfnVectors
                0x00000000080001e4                . = ALIGN (0x4)

.text           0x00000000080001f0    0x1104c
                0x00000000080001f0                . = ALIGN (0x4)
 *(.text)
 .text          0x00000000080001f0       0x40 c:/st/stm32cubeide_1.6.1/stm32cubeide/plugins/com.st.stm32cube.ide.mcu.externaltools.gnu-tools-for-stm32.9-2020-q2-update.win32_1.5.0.202011040924/tools/bin/../lib/gcc/arm-none-eabi/9.3.1/thumb/v7-m/nofp/crtbegin.o
 .text          0x0000000008000230       0x14 c:/st/stm32cubeide_1.6.1/stm32cubeide/plugins/com.st.stm32cube.ide.mcu.externaltools.gnu-tools-for-stm32.9-2020-q2-update.win32_1.5.0.202011040924/tools/bin/../lib/gcc/arm-none-eabi/9.3.1/../../../../arm-none-eabi/lib/thumb/v7-m/nofp\libc_nano.a(lib_a-strcmp.o)
                0x0000000008000230                strcmp
 .text          0x0000000008000244       0x10 c:/st/stm32cubeide_1.6.1/stm32cubeide/plugins/com.st.stm32cube.ide.mcu.externaltools.gnu-tools-for-stm32.9-2020-q2-update.win32_1.5.0.202011040924/tools/bin/../lib/gcc/arm-none-eabi/9.3.1/../../../../arm-none-eabi/lib/thumb/v7-m/nofp\libc_nano.a(lib_a-strlen.o)
                0x0000000008000244                strlen
 .text          0x0000000008000254      0x378 c:/st/stm32cubeide_1.6.1/stm32cubeide/plugins/com.st.stm32cube.ide.mcu.externaltools.gnu-tools-for-stm32.9-2020-q2-update.win32_1.5.0.202011040924/tools/bin/../lib/gcc/arm-none-eabi/9.3.1/thumb/v7-m/nofp\libgcc.a(_arm_addsubdf3.o)
                0x0000000008000254                __aeabi_drsub
                0x000000000800025c                __aeabi_dsub
                0x000000000800025c                __subdf3
                0x0000000008000260                __aeabi_dadd
                0x0000000008000260                __adddf3
                0x00000000080004d8                __floatunsidf
                0x00000000080004d8                __aeabi_ui2d
                0x00000000080004f8                __floatsidf
                0x00000000080004f8                __aeabi_i2d
                0x000000000800051c                __aeabi_f2d
                0x000000000800051c                __extendsfdf2
                0x0000000008000560                __floatundidf
                0x0000000008000560                __aeabi_ul2d
                0x0000000008000570                __floatdidf
                0x0000000008000570                __aeabi_l2d
 .text          0x00000000080005cc      0x424 c:/st/stm32cubeide_1.6.1/stm32cubeide/plugins/com.st.stm32cube.ide.mcu.externaltools.gnu-tools-for-stm32.9-2020-q2-update.win32_1.5.0.202011040924/tools/bin/../lib/gcc/arm-none-eabi/9.3.1/thumb/v7-m/nofp\libgcc.a(_arm_muldivdf3.o)
                0x00000000080005cc                __aeabi_dmul
                0x00000000080005cc                __muldf3
                0x0000000008000820                __divdf3
                0x0000000008000820                __aeabi_ddiv
 .text          0x00000000080009f0      0x110 c:/st/stm32cubeide_1.6.1/stm32cubeide/plugins/com.st.stm32cube.ide.mcu.externaltools.gnu-tools-for-stm32.9-2020-q2-update.win32_1.5.0.202011040924/tools/bin/../lib/gcc/arm-none-eabi/9.3.1/thumb/v7-m/nofp\libgcc.a(_arm_cmpdf2.o)
                0x00000000080009f0                __gtdf2
                0x00000000080009f0                __gedf2
                0x00000000080009f8                __ltdf2
                0x00000000080009f8                __ledf2
                0x0000000008000a00                __nedf2
                0x0000000008000a00                __eqdf2
                0x0000000008000a00                __cmpdf2
                0x0000000008000a7c                __aeabi_cdrcmple
                0x0000000008000a8c                __aeabi_cdcmpeq
                0x0000000008000a8c                __aeabi_cdcmple
                0x0000000008000a9c                __aeabi_dcmpeq
                0x0000000008000ab0                __aeabi_dcmplt
                0x0000000008000ac4                __aeabi_dcmple
                0x0000000008000ad8                __aeabi_dcmpge
                0x0000000008000aec                __aeabi_dcmpgt
 .text          0x0000000008000b00       0x2c c:/st/stm32cubeide_1.6.1/stm32cubeide/plugins/com.st.stm32cube.ide.mcu.externaltools.gnu-tools-for-stm32.9-2020-q2-update.win32_1.5.0.202011040924/tools/bin/../lib/gcc/arm-none-eabi/9.3.1/thumb/v7-m/nofp\libgcc.a(_arm_unorddf2.o)
                0x0000000008000b00                __unorddf2
                0x0000000008000b00                __aeabi_dcmpun
 .text          0x0000000008000b2c       0x50 c:/st/stm32cubeide_1.6.1/stm32cubeide/plugins/com.st.stm32cube.ide.mcu.externaltools.gnu-tools-for-stm32.9-2020-q2-update.win32_1.5.0.202011040924/tools/bin/../lib/gcc/arm-none-eabi/9.3.1/thumb/v7-m/nofp\libgcc.a(_arm_fixdfsi.o)
                0x0000000008000b2c                __aeabi_d2iz
                0x0000000008000b2c                __fixdfsi
 .text          0x0000000008000b7c       0xa0 c:/st/stm32cubeide_1.6.1/stm32cubeide/plugins/com.st.stm32cube.ide.mcu.externaltools.gnu-tools-for-stm32.9-2020-q2-update.win32_1.5.0.202011040924/tools/bin/../lib/gcc/arm-none-eabi/9.3.1/thumb/v7-m/nofp\libgcc.a(_arm_truncdfsf2.o)
                0x0000000008000b7c                __truncdfsf2
                0x0000000008000b7c                __aeabi_d2f
 .text          0x0000000008000c1c      0x21c c:/st/stm32cubeide_1.6.1/stm32cubeide/plugins/com.st.stm32cube.ide.mcu.externaltools.gnu-tools-for-stm32.9-2020-q2-update.win32_1.5.0.202011040924/tools/bin/../lib/gcc/arm-none-eabi/9.3.1/thumb/v7-m/nofp\libgcc.a(_arm_addsubsf3.o)
                0x0000000008000c1c                __aeabi_frsub
                0x0000000008000c24                __subsf3
                0x0000000008000c24                __aeabi_fsub
                0x0000000008000c28                __aeabi_fadd
                0x0000000008000c28                __addsf3
                0x0000000008000d88                __aeabi_ui2f
                0x0000000008000d88                __floatunsisf
                0x0000000008000d90                __aeabi_i2f
                0x0000000008000d90                __floatsisf
                0x0000000008000dac                __aeabi_ul2f
                0x0000000008000dac                __floatundisf
                0x0000000008000dbc                __aeabi_l2f
                0x0000000008000dbc                __floatdisf
 .text          0x0000000008000e38      0x2a0 c:/st/stm32cubeide_1.6.1/stm32cubeide/plugins/com.st.stm32cube.ide.mcu.externaltools.gnu-tools-for-stm32.9-2020-q2-update.win32_1.5.0.202011040924/tools/bin/../lib/gcc/arm-none-eabi/9.3.1/thumb/v7-m/nofp\libgcc.a(_arm_muldivsf3.o)
                0x0000000008000e38                __mulsf3
                0x0000000008000e38                __aeabi_fmul
                0x0000000008000fa0                __aeabi_fdiv
                0x0000000008000fa0                __divsf3
 .text          0x00000000080010d8       0xec c:/st/stm32cubeide_1.6.1/stm32cubeide/plugins/com.st.stm32cube.ide.mcu.externaltools.gnu-tools-for-stm32.9-2020-q2-update.win32_1.5.0.202011040924/tools/bin/../lib/gcc/arm-none-eabi/9.3.1/thumb/v7-m/nofp\libgcc.a(_arm_cmpsf2.o)
                0x00000000080010d8                __gesf2
                0x00000000080010d8                __gtsf2
                0x00000000080010e0                __lesf2
                0x00000000080010e0                __ltsf2
                0x00000000080010e8                __nesf2
                0x00000000080010e8                __eqsf2
                0x00000000080010e8                __cmpsf2
                0x0000000008001148                __aeabi_cfrcmple
                0x0000000008001150                __aeabi_cfcmpeq
                0x0000000008001150                __aeabi_cfcmple
                0x0000000008001160                __aeabi_fcmpeq
                0x0000000008001174                __aeabi_fcmplt
                0x0000000008001188                __aeabi_fcmple
                0x000000000800119c                __aeabi_fcmpge
                0x00000000080011b0                __aeabi_fcmpgt
 .text          0x00000000080011c4       0x30 c:/st/stm32cubeide_1.6.1/stm32cubeide/plugins/com.st.stm32cube.ide.mcu.externaltools.gnu-tools-for-stm32.9-2020-q2-update.win32_1.5.0.202011040924/tools/bin/../lib/gcc/arm-none-eabi/9.3.1/thumb/v7-m/nofp\libgcc.a(_aeabi_uldivmod.o)
                0x00000000080011c4                __aeabi_uldivmod
 .text          0x00000000080011f4      0x2c4 c:/st/stm32cubeide_1.6.1/stm32cubeide/plugins/com.st.stm32cube.ide.mcu.externaltools.gnu-tools-for-stm32.9-2020-q2-update.win32_1.5.0.202011040924/tools/bin/../lib/gcc/arm-none-eabi/9.3.1/thumb/v7-m/nofp\libgcc.a(_udivmoddi4.o)
                0x00000000080011f4                __udivmoddi4
 .text          0x00000000080014b8        0x4 c:/st/stm32cubeide_1.6.1/stm32cubeide/plugins/com.st.stm32cube.ide.mcu.externaltools.gnu-tools-for-stm32.9-2020-q2-update.win32_1.5.0.202011040924/tools/bin/../lib/gcc/arm-none-eabi/9.3.1/thumb/v7-m/nofp\libgcc.a(_dvmd_tls.o)
                0x00000000080014b8                __aeabi_idiv0
                0x00000000080014b8                __aeabi_ldiv0
 *(.text*)
 .text.Algo_Init
                0x00000000080014bc      0x114 Core/Src/Algo.o
                0x00000000080014bc                Algo_Init
 .text.Algo_task
                0x00000000080015d0       0x40 Core/Src/Algo.o
                0x00000000080015d0                Algo_task
 .text.DebugManager
                0x0000000008001610       0x58 Core/Src/DebugManager.o
                0x0000000008001610                DebugManager
 .text.__io_putchar
                0x0000000008001668       0x24 Core/Src/DebugPort.o
                0x0000000008001668                __io_putchar
 .text.ESPMANAGER_Init
                0x000000000800168c       0x60 Core/Src/EspBridge.o
                0x000000000800168c                ESPMANAGER_Init
 .text.ESPMANAGER_Task
                0x00000000080016ec       0xbc Core/Src/EspBridge.o
                0x00000000080016ec                ESPMANAGER_Task
 .text.UARTErrorCb
                0x00000000080017a8       0x1c Core/Src/EspBridge.o
 .text.EncWriteUART
                0x00000000080017c4       0x28 Core/Src/EspBridge.o
 .text.DecAcceptFrame
                0x00000000080017ec      0x1d8 Core/Src/EspBridge.o
 .text.DecDropFrame
                0x00000000080019c4       0x14 Core/Src/EspBridge.o
 .text.GetTimerCountMS
                0x00000000080019d8       0x1e Core/Src/EspBridge.o
 *fill*         0x00000000080019f6        0x2 
 .text.Motor_Init
                0x00000000080019f8      0x298 Core/Src/MotorManager.o
                0x00000000080019f8                Motor_Init
 .text.StepperAtSetpoint
                0x0000000008001c90       0x24 Core/Src/MotorManager.o
                0x0000000008001c90                StepperAtSetpoint
 .text.StepperAdjustPosition
                0x0000000008001cb4      0x110 Core/Src/MotorManager.o
                0x0000000008001cb4                StepperAdjustPosition
 .text.vToggleOneStep
                0x0000000008001dc4       0x9c Core/Src/MotorManager.o
                0x0000000008001dc4                vToggleOneStep
 .text.LimitSwitchActive
                0x0000000008001e60       0x78 Core/Src/MotorManager.o
                0x0000000008001e60                LimitSwitchActive
 .text.vEnableStepper
                0x0000000008001ed8       0x80 Core/Src/MotorManager.o
                0x0000000008001ed8                vEnableStepper
 .text.vStepperMaxTorque
                0x0000000008001f58       0x98 Core/Src/MotorManager.o
                0x0000000008001f58                vStepperMaxTorque
 .text.vDisableStepper
                0x0000000008001ff0       0x58 Core/Src/MotorManager.o
                0x0000000008001ff0                vDisableStepper
 .text.vSetStepperMotorDirection
                0x0000000008002048       0x98 Core/Src/MotorManager.o
                0x0000000008002048                vSetStepperMotorDirection
 .text.PARAMFILE_Init
                0x00000000080020e0       0x28 Core/Src/ParamFile.o
                0x00000000080020e0                PARAMFILE_Init
 .text.PARAMFILE_GetParamEntryCount
                0x0000000008002108       0x14 Core/Src/ParamFile.o
                0x0000000008002108                PARAMFILE_GetParamEntryCount
 .text.PARAMFILE_GetParamEntryByIndex
                0x000000000800211c       0x30 Core/Src/ParamFile.o
                0x000000000800211c                PARAMFILE_GetParamEntryByIndex
 .text.LoadAllCallback
                0x000000000800214c       0x12 Core/Src/ParamFile.o
 .text.CommitAllCallback
                0x000000000800215e       0x12 Core/Src/ParamFile.o
 .text.PB_GetTemperatureParam
                0x0000000008002170       0x14 Core/Src/ParamFile.o
                0x0000000008002170                PB_GetTemperatureParam
 .text.PB_GetPrimaryMotorParam
                0x0000000008002184       0x14 Core/Src/ParamFile.o
                0x0000000008002184                PB_GetPrimaryMotorParam
 .text.PB_GetSecondaryMotorParam
                0x0000000008002198       0x14 Core/Src/ParamFile.o
                0x0000000008002198                PB_GetSecondaryMotorParam
 .text.PB_GetGrillMotorParam
                0x00000000080021ac       0x14 Core/Src/ParamFile.o
                0x00000000080021ac                PB_GetGrillMotorParam
 .text.PB_GetUserParam
                0x00000000080021c0       0x14 Core/Src/ParamFile.o
                0x00000000080021c0                PB_GetUserParam
 .text.PFL_Init
                0x00000000080021d4       0x2a Core/Src/ParameterFileLib.o
                0x00000000080021d4                PFL_Init
 .text.PFL_LoadAllDefault
                0x00000000080021fe       0x64 Core/Src/ParameterFileLib.o
                0x00000000080021fe                PFL_LoadAllDefault
 .text.PFL_GetValueInt32
                0x0000000008002262       0x48 Core/Src/ParameterFileLib.o
                0x0000000008002262                PFL_GetValueInt32
 .text.PFL_SetValueInt32
                0x00000000080022aa       0x5e Core/Src/ParameterFileLib.o
                0x00000000080022aa                PFL_SetValueInt32
 .text.ValidateValueInt32
                0x0000000008002308       0x54 Core/Src/ParameterFileLib.o
 .text.GetParameterEntryByKey
                0x000000000800235c       0x52 Core/Src/ParameterFileLib.o
 *fill*         0x00000000080023ae        0x2 
 .text.Particle_Init
                0x00000000080023b0       0x7c Core/Src/ParticlesManager.o
                0x00000000080023b0                Particle_Init
 .text.ParticlesManager
                0x000000000800242c      0x3b0 Core/Src/ParticlesManager.o
                0x000000000800242c                ParticlesManager
 .text.Temperature_Init
                0x00000000080027dc       0x64 Core/Src/TemperatureManager.o
                0x00000000080027dc                Temperature_Init
 .text.TemperatureManager
                0x0000000008002840      0x490 Core/Src/TemperatureManager.o
                0x0000000008002840                TemperatureManager
 .text.HAL_I2C_MasterTxCpltCallback
                0x0000000008002cd0       0x28 Core/Src/TemperatureManager.o
                0x0000000008002cd0                HAL_I2C_MasterTxCpltCallback
 .text.HAL_I2C_MasterRxCpltCallback
                0x0000000008002cf8       0x28 Core/Src/TemperatureManager.o
                0x0000000008002cf8                HAL_I2C_MasterRxCpltCallback
 .text.HAL_I2C_ErrorCallback
                0x0000000008002d20       0x40 Core/Src/TemperatureManager.o
                0x0000000008002d20                HAL_I2C_ErrorCallback
 .text.HAL_I2C_AbortCpltCallback
                0x0000000008002d60       0x40 Core/Src/TemperatureManager.o
                0x0000000008002d60                HAL_I2C_AbortCpltCallback
 .text.uVtoDegreeCTypeK
                0x0000000008002da0      0x644 Core/Src/TemperatureManager.o
                0x0000000008002da0                uVtoDegreeCTypeK
 *fill*         0x00000000080033e4        0x4 
 .text.VtoDegreeCRtd
                0x00000000080033e8       0x88 Core/Src/TemperatureManager.o
                0x00000000080033e8                VtoDegreeCRtd
 .text.vApplicationGetIdleTaskMemory
                0x0000000008003470       0x30 Core/Src/freertos.o
                0x0000000008003470                vApplicationGetIdleTaskMemory
 .text.vApplicationGetTimerTaskMemory
                0x00000000080034a0       0x34 Core/Src/freertos.o
                0x00000000080034a0                vApplicationGetTimerTaskMemory
 .text.main     0x00000000080034d4       0xc0 Core/Src/main.o
                0x00000000080034d4                main
 .text.SystemClock_Config
                0x0000000008003594       0xcc Core/Src/main.o
                0x0000000008003594                SystemClock_Config
 .text.MX_I2C1_Init
                0x0000000008003660       0x5c Core/Src/main.o
                0x0000000008003660                MX_I2C1_Init
 .text.MX_RTC_Init
                0x00000000080036bc       0x94 Core/Src/main.o
 .text.MX_USART1_UART_Init
                0x0000000008003750       0x54 Core/Src/main.o
 .text.MX_USART2_UART_Init
                0x00000000080037a4       0x54 Core/Src/main.o
                0x00000000080037a4                MX_USART2_UART_Init
 .text.MX_USART3_UART_Init
                0x00000000080037f8       0x54 Core/Src/main.o
                0x00000000080037f8                MX_USART3_UART_Init
 .text.MX_DMA_Init
                0x000000000800384c       0x3c Core/Src/main.o
 .text.MX_GPIO_Init
                0x0000000008003888      0x1a0 Core/Src/main.o
 .text.TimerCallback
                0x0000000008003a28       0x12 Core/Src/main.o
                0x0000000008003a28                TimerCallback
 *fill*         0x0000000008003a3a        0x2 
 .text.HAL_TIM_PeriodElapsedCallback
                0x0000000008003a3c       0x24 Core/Src/main.o
                0x0000000008003a3c                HAL_TIM_PeriodElapsedCallback
 .text.Error_Handler
                0x0000000008003a60        0xa Core/Src/main.o
                0x0000000008003a60                Error_Handler
 *fill*         0x0000000008003a6a        0x2 
 .text.HAL_MspInit
                0x0000000008003a6c       0x70 Core/Src/stm32f1xx_hal_msp.o
                0x0000000008003a6c                HAL_MspInit
 .text.HAL_I2C_MspInit
                0x0000000008003adc       0x9c Core/Src/stm32f1xx_hal_msp.o
                0x0000000008003adc                HAL_I2C_MspInit
 .text.HAL_RTC_MspInit
                0x0000000008003b78       0x48 Core/Src/stm32f1xx_hal_msp.o
                0x0000000008003b78                HAL_RTC_MspInit
 .text.HAL_UART_MspInit
                0x0000000008003bc0      0x204 Core/Src/stm32f1xx_hal_msp.o
                0x0000000008003bc0                HAL_UART_MspInit
 .text.HAL_InitTick
                0x0000000008003dc4       0xac Core/Src/stm32f1xx_hal_timebase_tim.o
                0x0000000008003dc4                HAL_InitTick
 .text.NMI_Handler
                0x0000000008003e70        0x6 Core/Src/stm32f1xx_it.o
                0x0000000008003e70                NMI_Handler
 .text.HardFault_Handler
                0x0000000008003e76        0x6 Core/Src/stm32f1xx_it.o
                0x0000000008003e76                HardFault_Handler
 .text.MemManage_Handler
                0x0000000008003e7c        0x6 Core/Src/stm32f1xx_it.o
                0x0000000008003e7c                MemManage_Handler
 .text.BusFault_Handler
                0x0000000008003e82        0x6 Core/Src/stm32f1xx_it.o
                0x0000000008003e82                BusFault_Handler
 .text.UsageFault_Handler
                0x0000000008003e88        0x6 Core/Src/stm32f1xx_it.o
                0x0000000008003e88                UsageFault_Handler
 .text.DebugMon_Handler
                0x0000000008003e8e        0xc Core/Src/stm32f1xx_it.o
                0x0000000008003e8e                DebugMon_Handler
 *fill*         0x0000000008003e9a        0x2 
 .text.DMA1_Channel6_IRQHandler
                0x0000000008003e9c       0x14 Core/Src/stm32f1xx_it.o
                0x0000000008003e9c                DMA1_Channel6_IRQHandler
 .text.TIM1_UP_IRQHandler
                0x0000000008003eb0       0x14 Core/Src/stm32f1xx_it.o
                0x0000000008003eb0                TIM1_UP_IRQHandler
 .text.I2C1_EV_IRQHandler
                0x0000000008003ec4       0x14 Core/Src/stm32f1xx_it.o
                0x0000000008003ec4                I2C1_EV_IRQHandler
 .text.I2C1_ER_IRQHandler
                0x0000000008003ed8       0x14 Core/Src/stm32f1xx_it.o
                0x0000000008003ed8                I2C1_ER_IRQHandler
 .text.USART1_IRQHandler
                0x0000000008003eec       0x14 Core/Src/stm32f1xx_it.o
                0x0000000008003eec                USART1_IRQHandler
 .text.USART2_IRQHandler
                0x0000000008003f00       0x14 Core/Src/stm32f1xx_it.o
                0x0000000008003f00                USART2_IRQHandler
 .text.USART3_IRQHandler
                0x0000000008003f14       0x14 Core/Src/stm32f1xx_it.o
                0x0000000008003f14                USART3_IRQHandler
 .text._getpid  0x0000000008003f28        0xe Core/Src/syscalls.o
                0x0000000008003f28                _getpid
 .text._kill    0x0000000008003f36       0x20 Core/Src/syscalls.o
                0x0000000008003f36                _kill
 .text._exit    0x0000000008003f56       0x14 Core/Src/syscalls.o
                0x0000000008003f56                _exit
 .text._read    0x0000000008003f6a       0x3a Core/Src/syscalls.o
                0x0000000008003f6a                _read
 .text._write   0x0000000008003fa4       0x38 Core/Src/syscalls.o
                0x0000000008003fa4                _write
 .text._close   0x0000000008003fdc       0x16 Core/Src/syscalls.o
                0x0000000008003fdc                _close
 .text._fstat   0x0000000008003ff2       0x1e Core/Src/syscalls.o
                0x0000000008003ff2                _fstat
 .text._isatty  0x0000000008004010       0x14 Core/Src/syscalls.o
                0x0000000008004010                _isatty
 .text._lseek   0x0000000008004024       0x18 Core/Src/syscalls.o
                0x0000000008004024                _lseek
 .text._sbrk    0x000000000800403c       0x6c Core/Src/sysmem.o
                0x000000000800403c                _sbrk
 .text.SystemInit
                0x00000000080040a8        0xc Core/Src/system_stm32f1xx.o
                0x00000000080040a8                SystemInit
 .text.Reset_Handler
                0x00000000080040b4       0x48 Core/Startup/startup_stm32f105rctx.o
                0x00000000080040b4                Reset_Handler
 .text.Default_Handler
                0x00000000080040fc        0x2 Core/Startup/startup_stm32f105rctx.o
                0x00000000080040fc                RTC_Alarm_IRQHandler
                0x00000000080040fc                EXTI2_IRQHandler
                0x00000000080040fc                TIM1_CC_IRQHandler
                0x00000000080040fc                TIM6_IRQHandler
                0x00000000080040fc                PVD_IRQHandler
                0x00000000080040fc                CAN2_RX1_IRQHandler
                0x00000000080040fc                EXTI3_IRQHandler
                0x00000000080040fc                EXTI0_IRQHandler
                0x00000000080040fc                I2C2_EV_IRQHandler
                0x00000000080040fc                CAN1_RX0_IRQHandler
                0x00000000080040fc                CAN2_SCE_IRQHandler
                0x00000000080040fc                ADC1_2_IRQHandler
                0x00000000080040fc                SPI1_IRQHandler
                0x00000000080040fc                TAMPER_IRQHandler
                0x00000000080040fc                CAN2_RX0_IRQHandler
                0x00000000080040fc                DMA2_Channel2_IRQHandler
                0x00000000080040fc                DMA1_Channel4_IRQHandler
                0x00000000080040fc                RTC_IRQHandler
                0x00000000080040fc                DMA1_Channel7_IRQHandler
                0x00000000080040fc                CAN1_RX1_IRQHandler
                0x00000000080040fc                UART5_IRQHandler
                0x00000000080040fc                TIM4_IRQHandler
                0x00000000080040fc                DMA2_Channel1_IRQHandler
                0x00000000080040fc                UART4_IRQHandler
                0x00000000080040fc                DMA2_Channel4_IRQHandler
                0x00000000080040fc                TIM3_IRQHandler
                0x00000000080040fc                RCC_IRQHandler
                0x00000000080040fc                TIM1_TRG_COM_IRQHandler
                0x00000000080040fc                DMA1_Channel1_IRQHandler
                0x00000000080040fc                Default_Handler
                0x00000000080040fc                EXTI15_10_IRQHandler
                0x00000000080040fc                TIM7_IRQHandler
                0x00000000080040fc                CAN2_TX_IRQHandler
                0x00000000080040fc                TIM5_IRQHandler
                0x00000000080040fc                EXTI9_5_IRQHandler
                0x00000000080040fc                SPI2_IRQHandler
                0x00000000080040fc                CAN1_TX_IRQHandler
                0x00000000080040fc                DMA2_Channel5_IRQHandler
                0x00000000080040fc                DMA1_Channel5_IRQHandler
                0x00000000080040fc                EXTI4_IRQHandler
                0x00000000080040fc                DMA1_Channel3_IRQHandler
                0x00000000080040fc                WWDG_IRQHandler
                0x00000000080040fc                TIM2_IRQHandler
                0x00000000080040fc                OTG_FS_WKUP_IRQHandler
                0x00000000080040fc                TIM1_BRK_IRQHandler
                0x00000000080040fc                EXTI1_IRQHandler
                0x00000000080040fc                I2C2_ER_IRQHandler
                0x00000000080040fc                DMA1_Channel2_IRQHandler
                0x00000000080040fc                CAN1_SCE_IRQHandler
                0x00000000080040fc                FLASH_IRQHandler
                0x00000000080040fc                OTG_FS_IRQHandler
                0x00000000080040fc                SPI3_IRQHandler
                0x00000000080040fc                DMA2_Channel3_IRQHandler
 *fill*         0x00000000080040fe        0x2 
 .text.UARTPROTOCOLDEC_Init
                0x0000000008004100       0x44 Core/esp32/uart_protocol/uart_protocol_dec.o
                0x0000000008004100                UARTPROTOCOLDEC_Init
 .text.UARTPROTOCOLDEC_Reset
                0x0000000008004144       0x38 Core/esp32/uart_protocol/uart_protocol_dec.o
                0x0000000008004144                UARTPROTOCOLDEC_Reset
 .text.UARTPROTOCOLDEC_HandleIn
                0x000000000800417c       0x3c Core/esp32/uart_protocol/uart_protocol_dec.o
                0x000000000800417c                UARTPROTOCOLDEC_HandleIn
 .text.AddByte  0x00000000080041b8      0x23c Core/esp32/uart_protocol/uart_protocol_dec.o
 .text.AcceptFrame
                0x00000000080043f4       0x38 Core/esp32/uart_protocol/uart_protocol_dec.o
 .text.DropFrame
                0x000000000800442c       0x2e Core/esp32/uart_protocol/uart_protocol_dec.o
 *fill*         0x000000000800445a        0x2 
 .text.UARTPROTOCOLENC_Init
                0x000000000800445c       0x54 Core/esp32/uart_protocol/uart_protocol_enc.o
                0x000000000800445c                UARTPROTOCOLENC_Init
 .text.UARTPROTOCOLENC_Send
                0x00000000080044b0      0x10a Core/esp32/uart_protocol/uart_protocol_enc.o
                0x00000000080044b0                UARTPROTOCOLENC_Send
 .text.UFEC23ENDEC_A2AReqPingAliveEncode
                0x00000000080045ba       0x2c Core/esp32/ufec23_protocol/ufec23_endec.o
                0x00000000080045ba                UFEC23ENDEC_A2AReqPingAliveEncode
 .text.UFEC23ENDEC_A2AReqPingAliveDecode
                0x00000000080045e6       0x2a Core/esp32/ufec23_protocol/ufec23_endec.o
                0x00000000080045e6                UFEC23ENDEC_A2AReqPingAliveDecode
 .text.UFEC23ENDEC_C2SGetParameterDecode
                0x0000000008004610       0x36 Core/esp32/ufec23_protocol/ufec23_endec.o
                0x0000000008004610                UFEC23ENDEC_C2SGetParameterDecode
 .text.UFEC23ENDEC_S2CGetParameterRespEncode
                0x0000000008004646      0x11e Core/esp32/ufec23_protocol/ufec23_endec.o
                0x0000000008004646                UFEC23ENDEC_S2CGetParameterRespEncode
 .text.UFEC23ENDEC_C2SSetParameterDecode
                0x0000000008004764       0x86 Core/esp32/ufec23_protocol/ufec23_endec.o
                0x0000000008004764                UFEC23ENDEC_C2SSetParameterDecode
 .text.UFEC23ENDEC_S2CSetParameterRespEncode
                0x00000000080047ea       0x38 Core/esp32/ufec23_protocol/ufec23_endec.o
                0x00000000080047ea                UFEC23ENDEC_S2CSetParameterRespEncode
 *fill*         0x0000000008004822        0x2 
 .text.HAL_Init
                0x0000000008004824       0x2c Drivers/STM32F1xx_HAL_Driver/Src/stm32f1xx_hal.o
                0x0000000008004824                HAL_Init
 .text.HAL_IncTick
                0x0000000008004850       0x24 Drivers/STM32F1xx_HAL_Driver/Src/stm32f1xx_hal.o
                0x0000000008004850                HAL_IncTick
 .text.HAL_GetTick
                0x0000000008004874       0x14 Drivers/STM32F1xx_HAL_Driver/Src/stm32f1xx_hal.o
                0x0000000008004874                HAL_GetTick
 .text.__NVIC_SetPriorityGrouping
                0x0000000008004888       0x48 Drivers/STM32F1xx_HAL_Driver/Src/stm32f1xx_hal_cortex.o
 .text.__NVIC_GetPriorityGrouping
                0x00000000080048d0       0x1c Drivers/STM32F1xx_HAL_Driver/Src/stm32f1xx_hal_cortex.o
 .text.__NVIC_EnableIRQ
                0x00000000080048ec       0x38 Drivers/STM32F1xx_HAL_Driver/Src/stm32f1xx_hal_cortex.o
 .text.__NVIC_SetPriority
                0x0000000008004924       0x54 Drivers/STM32F1xx_HAL_Driver/Src/stm32f1xx_hal_cortex.o
 .text.NVIC_EncodePriority
                0x0000000008004978       0x64 Drivers/STM32F1xx_HAL_Driver/Src/stm32f1xx_hal_cortex.o
 .text.HAL_NVIC_SetPriorityGrouping
                0x00000000080049dc       0x16 Drivers/STM32F1xx_HAL_Driver/Src/stm32f1xx_hal_cortex.o
                0x00000000080049dc                HAL_NVIC_SetPriorityGrouping
 .text.HAL_NVIC_SetPriority
                0x00000000080049f2       0x38 Drivers/STM32F1xx_HAL_Driver/Src/stm32f1xx_hal_cortex.o
                0x00000000080049f2                HAL_NVIC_SetPriority
 .text.HAL_NVIC_EnableIRQ
                0x0000000008004a2a       0x1c Drivers/STM32F1xx_HAL_Driver/Src/stm32f1xx_hal_cortex.o
                0x0000000008004a2a                HAL_NVIC_EnableIRQ
 *fill*         0x0000000008004a46        0x2 
 .text.HAL_DMA_Init
                0x0000000008004a48       0xec Drivers/STM32F1xx_HAL_Driver/Src/stm32f1xx_hal_dma.o
                0x0000000008004a48                HAL_DMA_Init
 .text.HAL_DMA_Start_IT
                0x0000000008004b34       0xbe Drivers/STM32F1xx_HAL_Driver/Src/stm32f1xx_hal_dma.o
                0x0000000008004b34                HAL_DMA_Start_IT
 .text.HAL_DMA_Abort
                0x0000000008004bf2       0x74 Drivers/STM32F1xx_HAL_Driver/Src/stm32f1xx_hal_dma.o
                0x0000000008004bf2                HAL_DMA_Abort
 *fill*         0x0000000008004c66        0x2 
 .text.HAL_DMA_Abort_IT
                0x0000000008004c68      0x210 Drivers/STM32F1xx_HAL_Driver/Src/stm32f1xx_hal_dma.o
                0x0000000008004c68                HAL_DMA_Abort_IT
 .text.HAL_DMA_IRQHandler
                0x0000000008004e78      0x478 Drivers/STM32F1xx_HAL_Driver/Src/stm32f1xx_hal_dma.o
                0x0000000008004e78                HAL_DMA_IRQHandler
 .text.HAL_DMA_GetState
                0x00000000080052f0       0x18 Drivers/STM32F1xx_HAL_Driver/Src/stm32f1xx_hal_dma.o
                0x00000000080052f0                HAL_DMA_GetState
 .text.DMA_SetConfig
                0x0000000008005308       0x5a Drivers/STM32F1xx_HAL_Driver/Src/stm32f1xx_hal_dma.o
 *fill*         0x0000000008005362        0x2 
 .text.HAL_GPIO_Init
                0x0000000008005364      0x308 Drivers/STM32F1xx_HAL_Driver/Src/stm32f1xx_hal_gpio.o
                0x0000000008005364                HAL_GPIO_Init
 .text.HAL_GPIO_ReadPin
                0x000000000800566c       0x2e Drivers/STM32F1xx_HAL_Driver/Src/stm32f1xx_hal_gpio.o
                0x000000000800566c                HAL_GPIO_ReadPin
 .text.HAL_GPIO_WritePin
                0x000000000800569a       0x30 Drivers/STM32F1xx_HAL_Driver/Src/stm32f1xx_hal_gpio.o
                0x000000000800569a                HAL_GPIO_WritePin
 *fill*         0x00000000080056ca        0x2 
 .text.HAL_I2C_Init
                0x00000000080056cc      0x288 Drivers/STM32F1xx_HAL_Driver/Src/stm32f1xx_hal_i2c.o
                0x00000000080056cc                HAL_I2C_Init
 .text.HAL_I2C_Master_Transmit_IT
                0x0000000008005954      0x148 Drivers/STM32F1xx_HAL_Driver/Src/stm32f1xx_hal_i2c.o
                0x0000000008005954                HAL_I2C_Master_Transmit_IT
 .text.HAL_I2C_Master_Receive_IT
                0x0000000008005a9c      0x158 Drivers/STM32F1xx_HAL_Driver/Src/stm32f1xx_hal_i2c.o
                0x0000000008005a9c                HAL_I2C_Master_Receive_IT
 .text.HAL_I2C_EV_IRQHandler
                0x0000000008005bf4      0x2e2 Drivers/STM32F1xx_HAL_Driver/Src/stm32f1xx_hal_i2c.o
                0x0000000008005bf4                HAL_I2C_EV_IRQHandler
 .text.HAL_I2C_ER_IRQHandler
                0x0000000008005ed6      0x15e Drivers/STM32F1xx_HAL_Driver/Src/stm32f1xx_hal_i2c.o
                0x0000000008005ed6                HAL_I2C_ER_IRQHandler
 .text.HAL_I2C_SlaveTxCpltCallback
                0x0000000008006034       0x12 Drivers/STM32F1xx_HAL_Driver/Src/stm32f1xx_hal_i2c.o
                0x0000000008006034                HAL_I2C_SlaveTxCpltCallback
 .text.HAL_I2C_SlaveRxCpltCallback
                0x0000000008006046       0x12 Drivers/STM32F1xx_HAL_Driver/Src/stm32f1xx_hal_i2c.o
                0x0000000008006046                HAL_I2C_SlaveRxCpltCallback
 .text.HAL_I2C_AddrCallback
                0x0000000008006058       0x1a Drivers/STM32F1xx_HAL_Driver/Src/stm32f1xx_hal_i2c.o
                0x0000000008006058                HAL_I2C_AddrCallback
 .text.HAL_I2C_ListenCpltCallback
                0x0000000008006072       0x12 Drivers/STM32F1xx_HAL_Driver/Src/stm32f1xx_hal_i2c.o
                0x0000000008006072                HAL_I2C_ListenCpltCallback
 .text.HAL_I2C_MemTxCpltCallback
                0x0000000008006084       0x12 Drivers/STM32F1xx_HAL_Driver/Src/stm32f1xx_hal_i2c.o
                0x0000000008006084                HAL_I2C_MemTxCpltCallback
 .text.HAL_I2C_MemRxCpltCallback
                0x0000000008006096       0x12 Drivers/STM32F1xx_HAL_Driver/Src/stm32f1xx_hal_i2c.o
                0x0000000008006096                HAL_I2C_MemRxCpltCallback
 .text.I2C_MasterTransmit_TXE
                0x00000000080060a8      0x138 Drivers/STM32F1xx_HAL_Driver/Src/stm32f1xx_hal_i2c.o
 .text.I2C_MasterTransmit_BTF
                0x00000000080061e0       0xec Drivers/STM32F1xx_HAL_Driver/Src/stm32f1xx_hal_i2c.o
 .text.I2C_MemoryTransmit_TXE_BTF
                0x00000000080062cc      0x128 Drivers/STM32F1xx_HAL_Driver/Src/stm32f1xx_hal_i2c.o
 .text.I2C_MasterReceive_RXNE
                0x00000000080063f4      0x162 Drivers/STM32F1xx_HAL_Driver/Src/stm32f1xx_hal_i2c.o
 .text.I2C_MasterReceive_BTF
                0x0000000008006556      0x1d4 Drivers/STM32F1xx_HAL_Driver/Src/stm32f1xx_hal_i2c.o
 .text.I2C_Master_SB
                0x000000000800672a      0x10a Drivers/STM32F1xx_HAL_Driver/Src/stm32f1xx_hal_i2c.o
 .text.I2C_Master_ADD10
                0x0000000008006834       0x52 Drivers/STM32F1xx_HAL_Driver/Src/stm32f1xx_hal_i2c.o
 .text.I2C_Master_ADDR
                0x0000000008006886      0x336 Drivers/STM32F1xx_HAL_Driver/Src/stm32f1xx_hal_i2c.o
 .text.I2C_SlaveTransmit_TXE
                0x0000000008006bbc       0x7a Drivers/STM32F1xx_HAL_Driver/Src/stm32f1xx_hal_i2c.o
 .text.I2C_SlaveTransmit_BTF
                0x0000000008006c36       0x40 Drivers/STM32F1xx_HAL_Driver/Src/stm32f1xx_hal_i2c.o
 .text.I2C_SlaveReceive_RXNE
                0x0000000008006c76       0x7c Drivers/STM32F1xx_HAL_Driver/Src/stm32f1xx_hal_i2c.o
 .text.I2C_SlaveReceive_BTF
                0x0000000008006cf2       0x42 Drivers/STM32F1xx_HAL_Driver/Src/stm32f1xx_hal_i2c.o
 .text.I2C_Slave_ADDR
                0x0000000008006d34       0x94 Drivers/STM32F1xx_HAL_Driver/Src/stm32f1xx_hal_i2c.o
 .text.I2C_Slave_STOPF
                0x0000000008006dc8      0x260 Drivers/STM32F1xx_HAL_Driver/Src/stm32f1xx_hal_i2c.o
 .text.I2C_Slave_AF
                0x0000000008007028       0xe0 Drivers/STM32F1xx_HAL_Driver/Src/stm32f1xx_hal_i2c.o
 .text.I2C_ITError
                0x0000000008007108      0x264 Drivers/STM32F1xx_HAL_Driver/Src/stm32f1xx_hal_i2c.o
 .text.I2C_DMAAbort
                0x000000000800736c      0x150 Drivers/STM32F1xx_HAL_Driver/Src/stm32f1xx_hal_i2c.o
 .text.I2C_WaitOnSTOPRequestThroughIT
                0x00000000080074bc       0x64 Drivers/STM32F1xx_HAL_Driver/Src/stm32f1xx_hal_i2c.o
 .text.I2C_ConvertOtherXferOptions
                0x0000000008007520       0x34 Drivers/STM32F1xx_HAL_Driver/Src/stm32f1xx_hal_i2c.o
 .text.HAL_PWR_EnableBkUpAccess
                0x0000000008007554       0x18 Drivers/STM32F1xx_HAL_Driver/Src/stm32f1xx_hal_pwr.o
                0x0000000008007554                HAL_PWR_EnableBkUpAccess
 .text.HAL_RCC_OscConfig
                0x000000000800756c      0x62c Drivers/STM32F1xx_HAL_Driver/Src/stm32f1xx_hal_rcc.o
                0x000000000800756c                HAL_RCC_OscConfig
 .text.HAL_RCC_ClockConfig
                0x0000000008007b98      0x1d4 Drivers/STM32F1xx_HAL_Driver/Src/stm32f1xx_hal_rcc.o
                0x0000000008007b98                HAL_RCC_ClockConfig
 .text.HAL_RCC_GetSysClockFreq
                0x0000000008007d6c      0x1c8 Drivers/STM32F1xx_HAL_Driver/Src/stm32f1xx_hal_rcc.o
                0x0000000008007d6c                HAL_RCC_GetSysClockFreq
 .text.HAL_RCC_GetHCLKFreq
                0x0000000008007f34       0x14 Drivers/STM32F1xx_HAL_Driver/Src/stm32f1xx_hal_rcc.o
                0x0000000008007f34                HAL_RCC_GetHCLKFreq
 .text.HAL_RCC_GetPCLK1Freq
                0x0000000008007f48       0x28 Drivers/STM32F1xx_HAL_Driver/Src/stm32f1xx_hal_rcc.o
                0x0000000008007f48                HAL_RCC_GetPCLK1Freq
 .text.HAL_RCC_GetPCLK2Freq
                0x0000000008007f70       0x28 Drivers/STM32F1xx_HAL_Driver/Src/stm32f1xx_hal_rcc.o
                0x0000000008007f70                HAL_RCC_GetPCLK2Freq
 .text.HAL_RCC_GetClockConfig
                0x0000000008007f98       0x60 Drivers/STM32F1xx_HAL_Driver/Src/stm32f1xx_hal_rcc.o
                0x0000000008007f98                HAL_RCC_GetClockConfig
 .text.RCC_Delay
                0x0000000008007ff8       0x3c Drivers/STM32F1xx_HAL_Driver/Src/stm32f1xx_hal_rcc.o
 .text.HAL_RCCEx_PeriphCLKConfig
                0x0000000008008034      0x264 Drivers/STM32F1xx_HAL_Driver/Src/stm32f1xx_hal_rcc_ex.o
                0x0000000008008034                HAL_RCCEx_PeriphCLKConfig
 .text.HAL_RCCEx_GetPeriphCLKFreq
                0x0000000008008298      0x2c8 Drivers/STM32F1xx_HAL_Driver/Src/stm32f1xx_hal_rcc_ex.o
                0x0000000008008298                HAL_RCCEx_GetPeriphCLKFreq
 .text.HAL_RTC_Init
                0x0000000008008560      0x12c Drivers/STM32F1xx_HAL_Driver/Src/stm32f1xx_hal_rtc.o
                0x0000000008008560                HAL_RTC_Init
 .text.HAL_RTC_SetTime
                0x000000000800868c      0x12e Drivers/STM32F1xx_HAL_Driver/Src/stm32f1xx_hal_rtc.o
                0x000000000800868c                HAL_RTC_SetTime
 *fill*         0x00000000080087ba        0x2 
 .text.HAL_RTC_SetDate
                0x00000000080087bc      0x16c Drivers/STM32F1xx_HAL_Driver/Src/stm32f1xx_hal_rtc.o
                0x00000000080087bc                HAL_RTC_SetDate
 .text.HAL_RTC_WaitForSynchro
                0x0000000008008928       0x5a Drivers/STM32F1xx_HAL_Driver/Src/stm32f1xx_hal_rtc.o
                0x0000000008008928                HAL_RTC_WaitForSynchro
 .text.RTC_ReadTimeCounter
                0x0000000008008982       0x60 Drivers/STM32F1xx_HAL_Driver/Src/stm32f1xx_hal_rtc.o
 .text.RTC_WriteTimeCounter
                0x00000000080089e2       0x4e Drivers/STM32F1xx_HAL_Driver/Src/stm32f1xx_hal_rtc.o
 .text.RTC_ReadAlarmCounter
                0x0000000008008a30       0x32 Drivers/STM32F1xx_HAL_Driver/Src/stm32f1xx_hal_rtc.o
 .text.RTC_WriteAlarmCounter
                0x0000000008008a62       0x4e Drivers/STM32F1xx_HAL_Driver/Src/stm32f1xx_hal_rtc.o
 .text.RTC_EnterInitMode
                0x0000000008008ab0       0x50 Drivers/STM32F1xx_HAL_Driver/Src/stm32f1xx_hal_rtc.o
 .text.RTC_ExitInitMode
                0x0000000008008b00       0x50 Drivers/STM32F1xx_HAL_Driver/Src/stm32f1xx_hal_rtc.o
 .text.RTC_Bcd2ToByte
                0x0000000008008b50       0x3a Drivers/STM32F1xx_HAL_Driver/Src/stm32f1xx_hal_rtc.o
 *fill*         0x0000000008008b8a        0x2 
 .text.RTC_WeekDayNum
                0x0000000008008b8c       0xf0 Drivers/STM32F1xx_HAL_Driver/Src/stm32f1xx_hal_rtc.o
 .text.HAL_TIM_Base_Init
                0x0000000008008c7c       0x9e Drivers/STM32F1xx_HAL_Driver/Src/stm32f1xx_hal_tim.o
                0x0000000008008c7c                HAL_TIM_Base_Init
 .text.HAL_TIM_Base_MspInit
                0x0000000008008d1a       0x12 Drivers/STM32F1xx_HAL_Driver/Src/stm32f1xx_hal_tim.o
                0x0000000008008d1a                HAL_TIM_Base_MspInit
 .text.HAL_TIM_Base_Start_IT
                0x0000000008008d2c       0xb4 Drivers/STM32F1xx_HAL_Driver/Src/stm32f1xx_hal_tim.o
                0x0000000008008d2c                HAL_TIM_Base_Start_IT
 .text.HAL_TIM_IRQHandler
                0x0000000008008de0      0x210 Drivers/STM32F1xx_HAL_Driver/Src/stm32f1xx_hal_tim.o
                0x0000000008008de0                HAL_TIM_IRQHandler
 .text.HAL_TIM_OC_DelayElapsedCallback
                0x0000000008008ff0       0x12 Drivers/STM32F1xx_HAL_Driver/Src/stm32f1xx_hal_tim.o
                0x0000000008008ff0                HAL_TIM_OC_DelayElapsedCallback
 .text.HAL_TIM_IC_CaptureCallback
                0x0000000008009002       0x12 Drivers/STM32F1xx_HAL_Driver/Src/stm32f1xx_hal_tim.o
                0x0000000008009002                HAL_TIM_IC_CaptureCallback
 .text.HAL_TIM_PWM_PulseFinishedCallback
                0x0000000008009014       0x12 Drivers/STM32F1xx_HAL_Driver/Src/stm32f1xx_hal_tim.o
                0x0000000008009014                HAL_TIM_PWM_PulseFinishedCallback
 .text.HAL_TIM_TriggerCallback
                0x0000000008009026       0x12 Drivers/STM32F1xx_HAL_Driver/Src/stm32f1xx_hal_tim.o
                0x0000000008009026                HAL_TIM_TriggerCallback
 .text.TIM_Base_SetConfig
                0x0000000008009038       0xd8 Drivers/STM32F1xx_HAL_Driver/Src/stm32f1xx_hal_tim.o
                0x0000000008009038                TIM_Base_SetConfig
 .text.HAL_TIMEx_CommutCallback
                0x0000000008009110       0x12 Drivers/STM32F1xx_HAL_Driver/Src/stm32f1xx_hal_tim_ex.o
                0x0000000008009110                HAL_TIMEx_CommutCallback
 .text.HAL_TIMEx_BreakCallback
                0x0000000008009122       0x12 Drivers/STM32F1xx_HAL_Driver/Src/stm32f1xx_hal_tim_ex.o
                0x0000000008009122                HAL_TIMEx_BreakCallback
 .text.HAL_UART_Init
                0x0000000008009134       0xb4 Drivers/STM32F1xx_HAL_Driver/Src/stm32f1xx_hal_uart.o
                0x0000000008009134                HAL_UART_Init
 .text.HAL_UART_RegisterCallback
                0x00000000080091e8      0x14c Drivers/STM32F1xx_HAL_Driver/Src/stm32f1xx_hal_uart.o
                0x00000000080091e8                HAL_UART_RegisterCallback
 .text.HAL_UART_Transmit
                0x0000000008009334      0x124 Drivers/STM32F1xx_HAL_Driver/Src/stm32f1xx_hal_uart.o
                0x0000000008009334                HAL_UART_Transmit
 .text.HAL_UART_Transmit_IT
                0x0000000008009458       0x88 Drivers/STM32F1xx_HAL_Driver/Src/stm32f1xx_hal_uart.o
                0x0000000008009458                HAL_UART_Transmit_IT
 .text.HAL_UARTEx_ReceiveToIdle_IT
                0x00000000080094e0       0x9e Drivers/STM32F1xx_HAL_Driver/Src/stm32f1xx_hal_uart.o
                0x00000000080094e0                HAL_UARTEx_ReceiveToIdle_IT
 .text.HAL_UARTEx_ReceiveToIdle_DMA
                0x000000000800957e       0x9e Drivers/STM32F1xx_HAL_Driver/Src/stm32f1xx_hal_uart.o
                0x000000000800957e                HAL_UARTEx_ReceiveToIdle_DMA
 .text.HAL_UART_IRQHandler
                0x000000000800961c      0x360 Drivers/STM32F1xx_HAL_Driver/Src/stm32f1xx_hal_uart.o
                0x000000000800961c                HAL_UART_IRQHandler
 .text.HAL_UART_TxCpltCallback
                0x000000000800997c       0x12 Drivers/STM32F1xx_HAL_Driver/Src/stm32f1xx_hal_uart.o
                0x000000000800997c                HAL_UART_TxCpltCallback
 .text.HAL_UART_TxHalfCpltCallback
                0x000000000800998e       0x12 Drivers/STM32F1xx_HAL_Driver/Src/stm32f1xx_hal_uart.o
                0x000000000800998e                HAL_UART_TxHalfCpltCallback
 .text.HAL_UART_RxCpltCallback
                0x00000000080099a0       0x12 Drivers/STM32F1xx_HAL_Driver/Src/stm32f1xx_hal_uart.o
                0x00000000080099a0                HAL_UART_RxCpltCallback
 .text.HAL_UART_RxHalfCpltCallback
                0x00000000080099b2       0x12 Drivers/STM32F1xx_HAL_Driver/Src/stm32f1xx_hal_uart.o
                0x00000000080099b2                HAL_UART_RxHalfCpltCallback
 .text.HAL_UART_ErrorCallback
                0x00000000080099c4       0x12 Drivers/STM32F1xx_HAL_Driver/Src/stm32f1xx_hal_uart.o
                0x00000000080099c4                HAL_UART_ErrorCallback
 .text.HAL_UART_AbortCpltCallback
                0x00000000080099d6       0x12 Drivers/STM32F1xx_HAL_Driver/Src/stm32f1xx_hal_uart.o
                0x00000000080099d6                HAL_UART_AbortCpltCallback
 .text.HAL_UART_AbortTransmitCpltCallback
                0x00000000080099e8       0x12 Drivers/STM32F1xx_HAL_Driver/Src/stm32f1xx_hal_uart.o
                0x00000000080099e8                HAL_UART_AbortTransmitCpltCallback
 .text.HAL_UART_AbortReceiveCpltCallback
                0x00000000080099fa       0x12 Drivers/STM32F1xx_HAL_Driver/Src/stm32f1xx_hal_uart.o
                0x00000000080099fa                HAL_UART_AbortReceiveCpltCallback
 .text.HAL_UARTEx_RxEventCallback
                0x0000000008009a0c       0x16 Drivers/STM32F1xx_HAL_Driver/Src/stm32f1xx_hal_uart.o
                0x0000000008009a0c                HAL_UARTEx_RxEventCallback
 *fill*         0x0000000008009a22        0x2 
 .text.UART_InitCallbacksToDefault
                0x0000000008009a24       0x6c Drivers/STM32F1xx_HAL_Driver/Src/stm32f1xx_hal_uart.o
                0x0000000008009a24                UART_InitCallbacksToDefault
 .text.UART_DMAReceiveCplt
                0x0000000008009a90       0x9a Drivers/STM32F1xx_HAL_Driver/Src/stm32f1xx_hal_uart.o
 .text.UART_DMARxHalfCplt
                0x0000000008009b2a       0x3a Drivers/STM32F1xx_HAL_Driver/Src/stm32f1xx_hal_uart.o
 .text.UART_DMAError
                0x0000000008009b64       0x96 Drivers/STM32F1xx_HAL_Driver/Src/stm32f1xx_hal_uart.o
 .text.UART_WaitOnFlagUntilTimeout
                0x0000000008009bfa       0x94 Drivers/STM32F1xx_HAL_Driver/Src/stm32f1xx_hal_uart.o
 .text.UART_Start_Receive_IT
                0x0000000008009c8e       0x72 Drivers/STM32F1xx_HAL_Driver/Src/stm32f1xx_hal_uart.o
                0x0000000008009c8e                UART_Start_Receive_IT
 .text.UART_Start_Receive_DMA
                0x0000000008009d00       0xc8 Drivers/STM32F1xx_HAL_Driver/Src/stm32f1xx_hal_uart.o
                0x0000000008009d00                UART_Start_Receive_DMA
 .text.UART_EndTxTransfer
                0x0000000008009dc8       0x2a Drivers/STM32F1xx_HAL_Driver/Src/stm32f1xx_hal_uart.o
 .text.UART_EndRxTransfer
                0x0000000008009df2       0x58 Drivers/STM32F1xx_HAL_Driver/Src/stm32f1xx_hal_uart.o
 .text.UART_DMAAbortOnError
                0x0000000008009e4a       0x2a Drivers/STM32F1xx_HAL_Driver/Src/stm32f1xx_hal_uart.o
 .text.UART_Transmit_IT
                0x0000000008009e74       0x9e Drivers/STM32F1xx_HAL_Driver/Src/stm32f1xx_hal_uart.o
 .text.UART_EndTransmit_IT
                0x0000000008009f12       0x32 Drivers/STM32F1xx_HAL_Driver/Src/stm32f1xx_hal_uart.o
 .text.UART_Receive_IT
                0x0000000008009f44      0x156 Drivers/STM32F1xx_HAL_Driver/Src/stm32f1xx_hal_uart.o
 *fill*         0x000000000800a09a        0x2 
 .text.UART_SetConfig
                0x000000000800a09c      0x11c Drivers/STM32F1xx_HAL_Driver/Src/stm32f1xx_hal_uart.o
 .text.makeFreeRtosPriority
                0x000000000800a1b8       0x2e Middlewares/Third_Party/FreeRTOS/Source/CMSIS_RTOS/cmsis_os.o
 .text.inHandlerMode
                0x000000000800a1e6       0x22 Middlewares/Third_Party/FreeRTOS/Source/CMSIS_RTOS/cmsis_os.o
 .text.osKernelStart
                0x000000000800a208        0xe Middlewares/Third_Party/FreeRTOS/Source/CMSIS_RTOS/cmsis_os.o
                0x000000000800a208                osKernelStart
 .text.osKernelSysTick
                0x000000000800a216       0x20 Middlewares/Third_Party/FreeRTOS/Source/CMSIS_RTOS/cmsis_os.o
                0x000000000800a216                osKernelSysTick
 .text.osThreadCreate
                0x000000000800a236       0x98 Middlewares/Third_Party/FreeRTOS/Source/CMSIS_RTOS/cmsis_os.o
                0x000000000800a236                osThreadCreate
 .text.osDelay  0x000000000800a2ce       0x28 Middlewares/Third_Party/FreeRTOS/Source/CMSIS_RTOS/cmsis_os.o
                0x000000000800a2ce                osDelay
 *fill*         0x000000000800a2f6        0x2 
 .text.osTimerCreate
                0x000000000800a2f8       0x68 Middlewares/Third_Party/FreeRTOS/Source/CMSIS_RTOS/cmsis_os.o
                0x000000000800a2f8                osTimerCreate
 .text.vListInitialise
                0x000000000800a360       0x3e Middlewares/Third_Party/FreeRTOS/Source/list.o
                0x000000000800a360                vListInitialise
 .text.vListInitialiseItem
                0x000000000800a39e       0x18 Middlewares/Third_Party/FreeRTOS/Source/list.o
                0x000000000800a39e                vListInitialiseItem
 .text.vListInsertEnd
                0x000000000800a3b6       0x46 Middlewares/Third_Party/FreeRTOS/Source/list.o
                0x000000000800a3b6                vListInsertEnd
 .text.vListInsert
                0x000000000800a3fc       0x70 Middlewares/Third_Party/FreeRTOS/Source/list.o
                0x000000000800a3fc                vListInsert
 .text.uxListRemove
                0x000000000800a46c       0x52 Middlewares/Third_Party/FreeRTOS/Source/list.o
                0x000000000800a46c                uxListRemove
 *fill*         0x000000000800a4be        0x2 
 .text.xQueueGenericReset
                0x000000000800a4c0       0xd0 Middlewares/Third_Party/FreeRTOS/Source/queue.o
                0x000000000800a4c0                xQueueGenericReset
 .text.xQueueGenericCreateStatic
                0x000000000800a590       0xee Middlewares/Third_Party/FreeRTOS/Source/queue.o
                0x000000000800a590                xQueueGenericCreateStatic
 .text.prvInitialiseNewQueue
                0x000000000800a67e       0x3e Middlewares/Third_Party/FreeRTOS/Source/queue.o
 .text.xQueueGenericSend
                0x000000000800a6bc      0x1fc Middlewares/Third_Party/FreeRTOS/Source/queue.o
                0x000000000800a6bc                xQueueGenericSend
 .text.xQueueGenericSendFromISR
                0x000000000800a8b8      0x130 Middlewares/Third_Party/FreeRTOS/Source/queue.o
                0x000000000800a8b8                xQueueGenericSendFromISR
 .text.xQueueReceive
                0x000000000800a9e8      0x1c0 Middlewares/Third_Party/FreeRTOS/Source/queue.o
                0x000000000800a9e8                xQueueReceive
 .text.prvCopyDataToQueue
                0x000000000800aba8       0xd4 Middlewares/Third_Party/FreeRTOS/Source/queue.o
 .text.prvCopyDataFromQueue
                0x000000000800ac7c       0x4c Middlewares/Third_Party/FreeRTOS/Source/queue.o
 .text.prvUnlockQueue
                0x000000000800acc8       0xa4 Middlewares/Third_Party/FreeRTOS/Source/queue.o
 .text.prvIsQueueEmpty
                0x000000000800ad6c       0x2c Middlewares/Third_Party/FreeRTOS/Source/queue.o
 .text.prvIsQueueFull
                0x000000000800ad98       0x30 Middlewares/Third_Party/FreeRTOS/Source/queue.o
 .text.vQueueAddToRegistry
                0x000000000800adc8       0x50 Middlewares/Third_Party/FreeRTOS/Source/queue.o
                0x000000000800adc8                vQueueAddToRegistry
 .text.vQueueWaitForMessageRestricted
                0x000000000800ae18       0x68 Middlewares/Third_Party/FreeRTOS/Source/queue.o
                0x000000000800ae18                vQueueWaitForMessageRestricted
 .text.xStreamBufferGenericCreate
                0x000000000800ae80       0x86 Middlewares/Third_Party/FreeRTOS/Source/stream_buffer.o
                0x000000000800ae80                xStreamBufferGenericCreate
 .text.xStreamBufferSpacesAvailable
                0x000000000800af06       0x64 Middlewares/Third_Party/FreeRTOS/Source/stream_buffer.o
                0x000000000800af06                xStreamBufferSpacesAvailable
 .text.xStreamBufferSend
                0x000000000800af6a      0x14e Middlewares/Third_Party/FreeRTOS/Source/stream_buffer.o
                0x000000000800af6a                xStreamBufferSend
 .text.prvWriteMessageToBuffer
                0x000000000800b0b8       0x7a Middlewares/Third_Party/FreeRTOS/Source/stream_buffer.o
 .text.xStreamBufferReceive
                0x000000000800b132      0x12c Middlewares/Third_Party/FreeRTOS/Source/stream_buffer.o
                0x000000000800b132                xStreamBufferReceive
 .text.prvReadMessageFromBuffer
                0x000000000800b25e       0x60 Middlewares/Third_Party/FreeRTOS/Source/stream_buffer.o
 .text.prvWriteBytesToBuffer
                0x000000000800b2be       0xe4 Middlewares/Third_Party/FreeRTOS/Source/stream_buffer.o
 .text.prvReadBytesFromBuffer
                0x000000000800b3a2       0xf4 Middlewares/Third_Party/FreeRTOS/Source/stream_buffer.o
 .text.prvBytesInBuffer
                0x000000000800b496       0x3e Middlewares/Third_Party/FreeRTOS/Source/stream_buffer.o
 .text.prvInitialiseNewStreamBuffer
                0x000000000800b4d4       0x72 Middlewares/Third_Party/FreeRTOS/Source/stream_buffer.o
 .text.xTaskCreateStatic
                0x000000000800b546       0xb8 Middlewares/Third_Party/FreeRTOS/Source/tasks.o
                0x000000000800b546                xTaskCreateStatic
 .text.xTaskCreate
                0x000000000800b5fe       0x8a Middlewares/Third_Party/FreeRTOS/Source/tasks.o
                0x000000000800b5fe                xTaskCreate
 .text.prvInitialiseNewTask
                0x000000000800b688      0x10e Middlewares/Third_Party/FreeRTOS/Source/tasks.o
 *fill*         0x000000000800b796        0x2 
 .text.prvAddNewTaskToReadyList
                0x000000000800b798       0xd4 Middlewares/Third_Party/FreeRTOS/Source/tasks.o
 .text.vTaskDelay
                0x000000000800b86c       0x68 Middlewares/Third_Party/FreeRTOS/Source/tasks.o
                0x000000000800b86c                vTaskDelay
 .text.vTaskStartScheduler
                0x000000000800b8d4       0xcc Middlewares/Third_Party/FreeRTOS/Source/tasks.o
                0x000000000800b8d4                vTaskStartScheduler
 .text.vTaskSuspendAll
                0x000000000800b9a0       0x1c Middlewares/Third_Party/FreeRTOS/Source/tasks.o
                0x000000000800b9a0                vTaskSuspendAll
 .text.xTaskResumeAll
                0x000000000800b9bc      0x138 Middlewares/Third_Party/FreeRTOS/Source/tasks.o
                0x000000000800b9bc                xTaskResumeAll
 .text.xTaskGetTickCount
                0x000000000800baf4       0x1c Middlewares/Third_Party/FreeRTOS/Source/tasks.o
                0x000000000800baf4                xTaskGetTickCount
 .text.xTaskGetTickCountFromISR
                0x000000000800bb10       0x24 Middlewares/Third_Party/FreeRTOS/Source/tasks.o
                0x000000000800bb10                xTaskGetTickCountFromISR
 .text.xTaskIncrementTick
                0x000000000800bb34      0x17c Middlewares/Third_Party/FreeRTOS/Source/tasks.o
                0x000000000800bb34                xTaskIncrementTick
 .text.vTaskSwitchContext
                0x000000000800bcb0       0xb4 Middlewares/Third_Party/FreeRTOS/Source/tasks.o
                0x000000000800bcb0                vTaskSwitchContext
 .text.vTaskPlaceOnEventList
                0x000000000800bd64       0x48 Middlewares/Third_Party/FreeRTOS/Source/tasks.o
                0x000000000800bd64                vTaskPlaceOnEventList
 .text.vTaskPlaceOnEventListRestricted
                0x000000000800bdac       0x58 Middlewares/Third_Party/FreeRTOS/Source/tasks.o
                0x000000000800bdac                vTaskPlaceOnEventListRestricted
 .text.xTaskRemoveFromEventList
                0x000000000800be04       0xc4 Middlewares/Third_Party/FreeRTOS/Source/tasks.o
                0x000000000800be04                xTaskRemoveFromEventList
 .text.vTaskSetTimeOutState
                0x000000000800bec8       0x4c Middlewares/Third_Party/FreeRTOS/Source/tasks.o
                0x000000000800bec8                vTaskSetTimeOutState
 .text.vTaskInternalSetTimeOutState
                0x000000000800bf14       0x2c Middlewares/Third_Party/FreeRTOS/Source/tasks.o
                0x000000000800bf14                vTaskInternalSetTimeOutState
 .text.xTaskCheckForTimeOut
                0x000000000800bf40       0xc4 Middlewares/Third_Party/FreeRTOS/Source/tasks.o
                0x000000000800bf40                xTaskCheckForTimeOut
 .text.vTaskMissedYield
                0x000000000800c004       0x18 Middlewares/Third_Party/FreeRTOS/Source/tasks.o
                0x000000000800c004                vTaskMissedYield
 .text.prvIdleTask
                0x000000000800c01c       0x30 Middlewares/Third_Party/FreeRTOS/Source/tasks.o
 .text.prvInitialiseTaskLists
                0x000000000800c04c       0x80 Middlewares/Third_Party/FreeRTOS/Source/tasks.o
 .text.prvCheckTasksWaitingTermination
                0x000000000800c0cc       0x5c Middlewares/Third_Party/FreeRTOS/Source/tasks.o
 .text.prvDeleteTCB
                0x000000000800c128       0x5e Middlewares/Third_Party/FreeRTOS/Source/tasks.o
 *fill*         0x000000000800c186        0x2 
 .text.prvResetNextTaskUnblockTime
                0x000000000800c188       0x48 Middlewares/Third_Party/FreeRTOS/Source/tasks.o
 .text.xTaskGetCurrentTaskHandle
                0x000000000800c1d0       0x1c Middlewares/Third_Party/FreeRTOS/Source/tasks.o
                0x000000000800c1d0                xTaskGetCurrentTaskHandle
 .text.xTaskGetSchedulerState
                0x000000000800c1ec       0x3c Middlewares/Third_Party/FreeRTOS/Source/tasks.o
                0x000000000800c1ec                xTaskGetSchedulerState
 .text.xTaskPriorityDisinherit
                0x000000000800c228      0x10c Middlewares/Third_Party/FreeRTOS/Source/tasks.o
                0x000000000800c228                xTaskPriorityDisinherit
 .text.xTaskNotifyWait
                0x000000000800c334       0xb4 Middlewares/Third_Party/FreeRTOS/Source/tasks.o
                0x000000000800c334                xTaskNotifyWait
 .text.xTaskGenericNotify
                0x000000000800c3e8      0x148 Middlewares/Third_Party/FreeRTOS/Source/tasks.o
                0x000000000800c3e8                xTaskGenericNotify
 .text.xTaskNotifyStateClear
                0x000000000800c530       0x4c Middlewares/Third_Party/FreeRTOS/Source/tasks.o
                0x000000000800c530                xTaskNotifyStateClear
 .text.prvAddCurrentTaskToDelayedList
                0x000000000800c57c       0xcc Middlewares/Third_Party/FreeRTOS/Source/tasks.o
 .text.xTimerCreateTimerTask
                0x000000000800c648       0x90 Middlewares/Third_Party/FreeRTOS/Source/timers.o
                0x000000000800c648                xTimerCreateTimerTask
 .text.xTimerCreate
                0x000000000800c6d8       0x42 Middlewares/Third_Party/FreeRTOS/Source/timers.o
                0x000000000800c6d8                xTimerCreate
 .text.xTimerCreateStatic
                0x000000000800c71a       0x7a Middlewares/Third_Party/FreeRTOS/Source/timers.o
                0x000000000800c71a                xTimerCreateStatic
 .text.prvInitialiseNewTimer
                0x000000000800c794       0x64 Middlewares/Third_Party/FreeRTOS/Source/timers.o
 .text.xTimerGenericCommand
                0x000000000800c7f8       0x9c Middlewares/Third_Party/FreeRTOS/Source/timers.o
                0x000000000800c7f8                xTimerGenericCommand
 .text.prvProcessExpiredTimer
                0x000000000800c894       0x80 Middlewares/Third_Party/FreeRTOS/Source/timers.o
 .text.prvTimerTask
                0x000000000800c914       0x24 Middlewares/Third_Party/FreeRTOS/Source/timers.o
 .text.prvProcessTimerOrBlockTask
                0x000000000800c938       0x9c Middlewares/Third_Party/FreeRTOS/Source/timers.o
 .text.prvGetNextExpireTime
                0x000000000800c9d4       0x48 Middlewares/Third_Party/FreeRTOS/Source/timers.o
 .text.prvSampleTimeNow
                0x000000000800ca1c       0x40 Middlewares/Third_Party/FreeRTOS/Source/timers.o
 .text.prvInsertTimerInActiveList
                0x000000000800ca5c       0x84 Middlewares/Third_Party/FreeRTOS/Source/timers.o
 .text.prvProcessReceivedCommands
                0x000000000800cae0      0x134 Middlewares/Third_Party/FreeRTOS/Source/timers.o
 .text.prvSwitchTimerLists
                0x000000000800cc14       0xc4 Middlewares/Third_Party/FreeRTOS/Source/timers.o
 .text.prvCheckForValidListAndQueue
                0x000000000800ccd8       0x80 Middlewares/Third_Party/FreeRTOS/Source/timers.o
 .text.pxPortInitialiseStack
                0x000000000800cd58       0x58 Middlewares/Third_Party/FreeRTOS/Source/portable/GCC/ARM_CM3/port.o
                0x000000000800cd58                pxPortInitialiseStack
 .text.prvTaskExitError
                0x000000000800cdb0       0x58 Middlewares/Third_Party/FreeRTOS/Source/portable/GCC/ARM_CM3/port.o
 *fill*         0x000000000800ce08        0x8 
 .text.SVC_Handler
                0x000000000800ce10       0x28 Middlewares/Third_Party/FreeRTOS/Source/portable/GCC/ARM_CM3/port.o
                0x000000000800ce10                SVC_Handler
 .text.prvPortStartFirstTask
                0x000000000800ce38       0x20 Middlewares/Third_Party/FreeRTOS/Source/portable/GCC/ARM_CM3/port.o
 .text.xPortStartScheduler
                0x000000000800ce58       0xe4 Middlewares/Third_Party/FreeRTOS/Source/portable/GCC/ARM_CM3/port.o
                0x000000000800ce58                xPortStartScheduler
 .text.vPortEnterCritical
                0x000000000800cf3c       0x60 Middlewares/Third_Party/FreeRTOS/Source/portable/GCC/ARM_CM3/port.o
                0x000000000800cf3c                vPortEnterCritical
 .text.vPortExitCritical
                0x000000000800cf9c       0x50 Middlewares/Third_Party/FreeRTOS/Source/portable/GCC/ARM_CM3/port.o
                0x000000000800cf9c                vPortExitCritical
 *fill*         0x000000000800cfec        0x4 
 .text.PendSV_Handler
                0x000000000800cff0       0x48 Middlewares/Third_Party/FreeRTOS/Source/portable/GCC/ARM_CM3/port.o
                0x000000000800cff0                PendSV_Handler
 .text.SysTick_Handler
                0x000000000800d038       0x44 Middlewares/Third_Party/FreeRTOS/Source/portable/GCC/ARM_CM3/port.o
                0x000000000800d038                SysTick_Handler
 .text.vPortSetupTimerInterrupt
                0x000000000800d07c       0x44 Middlewares/Third_Party/FreeRTOS/Source/portable/GCC/ARM_CM3/port.o
                0x000000000800d07c                vPortSetupTimerInterrupt
 .text.vPortValidateInterruptPriority
                0x000000000800d0c0       0x7c Middlewares/Third_Party/FreeRTOS/Source/portable/GCC/ARM_CM3/port.o
                0x000000000800d0c0                vPortValidateInterruptPriority
 .text.pvPortMalloc
                0x000000000800d13c      0x188 Middlewares/Third_Party/FreeRTOS/Source/portable/MemMang/heap_4.o
                0x000000000800d13c                pvPortMalloc
 .text.vPortFree
                0x000000000800d2c4       0xb4 Middlewares/Third_Party/FreeRTOS/Source/portable/MemMang/heap_4.o
                0x000000000800d2c4                vPortFree
 .text.prvHeapInit
                0x000000000800d378       0xc4 Middlewares/Third_Party/FreeRTOS/Source/portable/MemMang/heap_4.o
 .text.prvInsertBlockIntoFreeList
                0x000000000800d43c       0xb0 Middlewares/Third_Party/FreeRTOS/Source/portable/MemMang/heap_4.o
 .text.__assert_func
                0x000000000800d4ec       0x3c c:/st/stm32cubeide_1.6.1/stm32cubeide/plugins/com.st.stm32cube.ide.mcu.externaltools.gnu-tools-for-stm32.9-2020-q2-update.win32_1.5.0.202011040924/tools/bin/../lib/gcc/arm-none-eabi/9.3.1/../../../../arm-none-eabi/lib/thumb/v7-m/nofp\libc_nano.a(lib_a-assert.o)
                0x000000000800d4ec                __assert_func
 .text.__errno  0x000000000800d528        0xc c:/st/stm32cubeide_1.6.1/stm32cubeide/plugins/com.st.stm32cube.ide.mcu.externaltools.gnu-tools-for-stm32.9-2020-q2-update.win32_1.5.0.202011040924/tools/bin/../lib/gcc/arm-none-eabi/9.3.1/../../../../arm-none-eabi/lib/thumb/v7-m/nofp\libc_nano.a(lib_a-errno.o)
                0x000000000800d528                __errno
 .text.fprintf  0x000000000800d534       0x24 c:/st/stm32cubeide_1.6.1/stm32cubeide/plugins/com.st.stm32cube.ide.mcu.externaltools.gnu-tools-for-stm32.9-2020-q2-update.win32_1.5.0.202011040924/tools/bin/../lib/gcc/arm-none-eabi/9.3.1/../../../../arm-none-eabi/lib/thumb/v7-m/nofp\libc_nano.a(lib_a-fprintf.o)
                0x000000000800d534                fiprintf
                0x000000000800d534                fprintf
 .text.__libc_init_array
                0x000000000800d558       0x48 c:/st/stm32cubeide_1.6.1/stm32cubeide/plugins/com.st.stm32cube.ide.mcu.externaltools.gnu-tools-for-stm32.9-2020-q2-update.win32_1.5.0.202011040924/tools/bin/../lib/gcc/arm-none-eabi/9.3.1/../../../../arm-none-eabi/lib/thumb/v7-m/nofp\libc_nano.a(lib_a-init.o)
                0x000000000800d558                __libc_init_array
 .text.memcpy   0x000000000800d5a0       0x1c c:/st/stm32cubeide_1.6.1/stm32cubeide/plugins/com.st.stm32cube.ide.mcu.externaltools.gnu-tools-for-stm32.9-2020-q2-update.win32_1.5.0.202011040924/tools/bin/../lib/gcc/arm-none-eabi/9.3.1/../../../../arm-none-eabi/lib/thumb/v7-m/nofp\libc_nano.a(lib_a-memcpy-stub.o)
                0x000000000800d5a0                memcpy
 .text.memset   0x000000000800d5bc       0x10 c:/st/stm32cubeide_1.6.1/stm32cubeide/plugins/com.st.stm32cube.ide.mcu.externaltools.gnu-tools-for-stm32.9-2020-q2-update.win32_1.5.0.202011040924/tools/bin/../lib/gcc/arm-none-eabi/9.3.1/../../../../arm-none-eabi/lib/thumb/v7-m/nofp\libc_nano.a(lib_a-memset.o)
                0x000000000800d5bc                memset
 .text.__sfputc_r
                0x000000000800d5cc       0x2a c:/st/stm32cubeide_1.6.1/stm32cubeide/plugins/com.st.stm32cube.ide.mcu.externaltools.gnu-tools-for-stm32.9-2020-q2-update.win32_1.5.0.202011040924/tools/bin/../lib/gcc/arm-none-eabi/9.3.1/../../../../arm-none-eabi/lib/thumb/v7-m/nofp\libc_nano.a(lib_a-nano-vfprintf.o)
 .text.__sfputs_r
                0x000000000800d5f6       0x24 c:/st/stm32cubeide_1.6.1/stm32cubeide/plugins/com.st.stm32cube.ide.mcu.externaltools.gnu-tools-for-stm32.9-2020-q2-update.win32_1.5.0.202011040924/tools/bin/../lib/gcc/arm-none-eabi/9.3.1/../../../../arm-none-eabi/lib/thumb/v7-m/nofp\libc_nano.a(lib_a-nano-vfprintf.o)
                0x000000000800d5f6                __sfputs_r
 *fill*         0x000000000800d61a        0x2 
 .text._vfprintf_r
                0x000000000800d61c      0x260 c:/st/stm32cubeide_1.6.1/stm32cubeide/plugins/com.st.stm32cube.ide.mcu.externaltools.gnu-tools-for-stm32.9-2020-q2-update.win32_1.5.0.202011040924/tools/bin/../lib/gcc/arm-none-eabi/9.3.1/../../../../arm-none-eabi/lib/thumb/v7-m/nofp\libc_nano.a(lib_a-nano-vfprintf.o)
                0x000000000800d61c                _vfprintf_r
                0x000000000800d61c                _vfiprintf_r
 .text.__cvt    0x000000000800d87c       0xbe c:/st/stm32cubeide_1.6.1/stm32cubeide/plugins/com.st.stm32cube.ide.mcu.externaltools.gnu-tools-for-stm32.9-2020-q2-update.win32_1.5.0.202011040924/tools/bin/../lib/gcc/arm-none-eabi/9.3.1/../../../../arm-none-eabi/lib/thumb/v7-m/nofp\libc_nano.a(lib_a-nano-vfprintf_float.o)
                0x000000000800d87c                __cvt
 .text.__exponent
                0x000000000800d93a       0x7c c:/st/stm32cubeide_1.6.1/stm32cubeide/plugins/com.st.stm32cube.ide.mcu.externaltools.gnu-tools-for-stm32.9-2020-q2-update.win32_1.5.0.202011040924/tools/bin/../lib/gcc/arm-none-eabi/9.3.1/../../../../arm-none-eabi/lib/thumb/v7-m/nofp\libc_nano.a(lib_a-nano-vfprintf_float.o)
                0x000000000800d93a                __exponent
 *fill*         0x000000000800d9b6        0x2 
 .text._printf_float
                0x000000000800d9b8      0x458 c:/st/stm32cubeide_1.6.1/stm32cubeide/plugins/com.st.stm32cube.ide.mcu.externaltools.gnu-tools-for-stm32.9-2020-q2-update.win32_1.5.0.202011040924/tools/bin/../lib/gcc/arm-none-eabi/9.3.1/../../../../arm-none-eabi/lib/thumb/v7-m/nofp\libc_nano.a(lib_a-nano-vfprintf_float.o)
                0x000000000800d9b8                _printf_float
 .text._printf_common
                0x000000000800de10       0xde c:/st/stm32cubeide_1.6.1/stm32cubeide/plugins/com.st.stm32cube.ide.mcu.externaltools.gnu-tools-for-stm32.9-2020-q2-update.win32_1.5.0.202011040924/tools/bin/../lib/gcc/arm-none-eabi/9.3.1/../../../../arm-none-eabi/lib/thumb/v7-m/nofp\libc_nano.a(lib_a-nano-vfprintf_i.o)
                0x000000000800de10                _printf_common
 *fill*         0x000000000800deee        0x2 
 .text._printf_i
                0x000000000800def0      0x24c c:/st/stm32cubeide_1.6.1/stm32cubeide/plugins/com.st.stm32cube.ide.mcu.externaltools.gnu-tools-for-stm32.9-2020-q2-update.win32_1.5.0.202011040924/tools/bin/../lib/gcc/arm-none-eabi/9.3.1/../../../../arm-none-eabi/lib/thumb/v7-m/nofp\libc_nano.a(lib_a-nano-vfprintf_i.o)
                0x000000000800def0                _printf_i
 .text.printf   0x000000000800e13c       0x30 c:/st/stm32cubeide_1.6.1/stm32cubeide/plugins/com.st.stm32cube.ide.mcu.externaltools.gnu-tools-for-stm32.9-2020-q2-update.win32_1.5.0.202011040924/tools/bin/../lib/gcc/arm-none-eabi/9.3.1/../../../../arm-none-eabi/lib/thumb/v7-m/nofp\libc_nano.a(lib_a-printf.o)
                0x000000000800e13c                iprintf
                0x000000000800e13c                printf
 .text.snprintf
                0x000000000800e16c       0x68 c:/st/stm32cubeide_1.6.1/stm32cubeide/plugins/com.st.stm32cube.ide.mcu.externaltools.gnu-tools-for-stm32.9-2020-q2-update.win32_1.5.0.202011040924/tools/bin/../lib/gcc/arm-none-eabi/9.3.1/../../../../arm-none-eabi/lib/thumb/v7-m/nofp\libc_nano.a(lib_a-snprintf.o)
                0x000000000800e16c                sniprintf
                0x000000000800e16c                snprintf
 .text.strcpy   0x000000000800e1d4       0x10 c:/st/stm32cubeide_1.6.1/stm32cubeide/plugins/com.st.stm32cube.ide.mcu.externaltools.gnu-tools-for-stm32.9-2020-q2-update.win32_1.5.0.202011040924/tools/bin/../lib/gcc/arm-none-eabi/9.3.1/../../../../arm-none-eabi/lib/thumb/v7-m/nofp\libc_nano.a(lib_a-strcpy.o)
                0x000000000800e1d4                strcpy
 .text.strnlen  0x000000000800e1e4       0x1a c:/st/stm32cubeide_1.6.1/stm32cubeide/plugins/com.st.stm32cube.ide.mcu.externaltools.gnu-tools-for-stm32.9-2020-q2-update.win32_1.5.0.202011040924/tools/bin/../lib/gcc/arm-none-eabi/9.3.1/../../../../arm-none-eabi/lib/thumb/v7-m/nofp\libc_nano.a(lib_a-strnlen.o)
                0x000000000800e1e4                strnlen
 *fill*         0x000000000800e1fe        0x2 
 .text.__swbuf_r
                0x000000000800e200       0xa4 c:/st/stm32cubeide_1.6.1/stm32cubeide/plugins/com.st.stm32cube.ide.mcu.externaltools.gnu-tools-for-stm32.9-2020-q2-update.win32_1.5.0.202011040924/tools/bin/../lib/gcc/arm-none-eabi/9.3.1/../../../../arm-none-eabi/lib/thumb/v7-m/nofp\libc_nano.a(lib_a-wbuf.o)
                0x000000000800e200                __swbuf_r
 .text.__swsetup_r
                0x000000000800e2a4       0xdc c:/st/stm32cubeide_1.6.1/stm32cubeide/plugins/com.st.stm32cube.ide.mcu.externaltools.gnu-tools-for-stm32.9-2020-q2-update.win32_1.5.0.202011040924/tools/bin/../lib/gcc/arm-none-eabi/9.3.1/../../../../arm-none-eabi/lib/thumb/v7-m/nofp\libc_nano.a(lib_a-wsetup.o)
                0x000000000800e2a4                __swsetup_r
 .text.abort    0x000000000800e380        0xe c:/st/stm32cubeide_1.6.1/stm32cubeide/plugins/com.st.stm32cube.ide.mcu.externaltools.gnu-tools-for-stm32.9-2020-q2-update.win32_1.5.0.202011040924/tools/bin/../lib/gcc/arm-none-eabi/9.3.1/../../../../arm-none-eabi/lib/thumb/v7-m/nofp\libc_nano.a(lib_a-abort.o)
                0x000000000800e380                abort
 .text.quorem   0x000000000800e38e      0x11a c:/st/stm32cubeide_1.6.1/stm32cubeide/plugins/com.st.stm32cube.ide.mcu.externaltools.gnu-tools-for-stm32.9-2020-q2-update.win32_1.5.0.202011040924/tools/bin/../lib/gcc/arm-none-eabi/9.3.1/../../../../arm-none-eabi/lib/thumb/v7-m/nofp\libc_nano.a(lib_a-dtoa.o)
 .text._dtoa_r  0x000000000800e4a8      0xbdc c:/st/stm32cubeide_1.6.1/stm32cubeide/plugins/com.st.stm32cube.ide.mcu.externaltools.gnu-tools-for-stm32.9-2020-q2-update.win32_1.5.0.202011040924/tools/bin/../lib/gcc/arm-none-eabi/9.3.1/../../../../arm-none-eabi/lib/thumb/v7-m/nofp\libc_nano.a(lib_a-dtoa.o)
                0x000000000800e4a8                _dtoa_r
 .text.__sflush_r
                0x000000000800f084      0x10c c:/st/stm32cubeide_1.6.1/stm32cubeide/plugins/com.st.stm32cube.ide.mcu.externaltools.gnu-tools-for-stm32.9-2020-q2-update.win32_1.5.0.202011040924/tools/bin/../lib/gcc/arm-none-eabi/9.3.1/../../../../arm-none-eabi/lib/thumb/v7-m/nofp\libc_nano.a(lib_a-fflush.o)
                0x000000000800f084                __sflush_r
 .text._fflush_r
                0x000000000800f190       0x78 c:/st/stm32cubeide_1.6.1/stm32cubeide/plugins/com.st.stm32cube.ide.mcu.externaltools.gnu-tools-for-stm32.9-2020-q2-update.win32_1.5.0.202011040924/tools/bin/../lib/gcc/arm-none-eabi/9.3.1/../../../../arm-none-eabi/lib/thumb/v7-m/nofp\libc_nano.a(lib_a-fflush.o)
                0x000000000800f190                _fflush_r
 .text.std      0x000000000800f208       0x48 c:/st/stm32cubeide_1.6.1/stm32cubeide/plugins/com.st.stm32cube.ide.mcu.externaltools.gnu-tools-for-stm32.9-2020-q2-update.win32_1.5.0.202011040924/tools/bin/../lib/gcc/arm-none-eabi/9.3.1/../../../../arm-none-eabi/lib/thumb/v7-m/nofp\libc_nano.a(lib_a-findfp.o)
 .text._cleanup_r
                0x000000000800f250        0xc c:/st/stm32cubeide_1.6.1/stm32cubeide/plugins/com.st.stm32cube.ide.mcu.externaltools.gnu-tools-for-stm32.9-2020-q2-update.win32_1.5.0.202011040924/tools/bin/../lib/gcc/arm-none-eabi/9.3.1/../../../../arm-none-eabi/lib/thumb/v7-m/nofp\libc_nano.a(lib_a-findfp.o)
                0x000000000800f250                _cleanup_r
 .text.__sfmoreglue
                0x000000000800f25c       0x2c c:/st/stm32cubeide_1.6.1/stm32cubeide/plugins/com.st.stm32cube.ide.mcu.externaltools.gnu-tools-for-stm32.9-2020-q2-update.win32_1.5.0.202011040924/tools/bin/../lib/gcc/arm-none-eabi/9.3.1/../../../../arm-none-eabi/lib/thumb/v7-m/nofp\libc_nano.a(lib_a-findfp.o)
                0x000000000800f25c                __sfmoreglue
 .text.__sfp_lock_acquire
                0x000000000800f288        0xc c:/st/stm32cubeide_1.6.1/stm32cubeide/plugins/com.st.stm32cube.ide.mcu.externaltools.gnu-tools-for-stm32.9-2020-q2-update.win32_1.5.0.202011040924/tools/bin/../lib/gcc/arm-none-eabi/9.3.1/../../../../arm-none-eabi/lib/thumb/v7-m/nofp\libc_nano.a(lib_a-findfp.o)
                0x000000000800f288                __sfp_lock_acquire
 .text.__sfp_lock_release
                0x000000000800f294        0xc c:/st/stm32cubeide_1.6.1/stm32cubeide/plugins/com.st.stm32cube.ide.mcu.externaltools.gnu-tools-for-stm32.9-2020-q2-update.win32_1.5.0.202011040924/tools/bin/../lib/gcc/arm-none-eabi/9.3.1/../../../../arm-none-eabi/lib/thumb/v7-m/nofp\libc_nano.a(lib_a-findfp.o)
                0x000000000800f294                __sfp_lock_release
 .text.__sinit_lock_acquire
                0x000000000800f2a0        0xc c:/st/stm32cubeide_1.6.1/stm32cubeide/plugins/com.st.stm32cube.ide.mcu.externaltools.gnu-tools-for-stm32.9-2020-q2-update.win32_1.5.0.202011040924/tools/bin/../lib/gcc/arm-none-eabi/9.3.1/../../../../arm-none-eabi/lib/thumb/v7-m/nofp\libc_nano.a(lib_a-findfp.o)
                0x000000000800f2a0                __sinit_lock_acquire
 .text.__sinit_lock_release
                0x000000000800f2ac        0xc c:/st/stm32cubeide_1.6.1/stm32cubeide/plugins/com.st.stm32cube.ide.mcu.externaltools.gnu-tools-for-stm32.9-2020-q2-update.win32_1.5.0.202011040924/tools/bin/../lib/gcc/arm-none-eabi/9.3.1/../../../../arm-none-eabi/lib/thumb/v7-m/nofp\libc_nano.a(lib_a-findfp.o)
                0x000000000800f2ac                __sinit_lock_release
 .text.__sinit  0x000000000800f2b8       0x70 c:/st/stm32cubeide_1.6.1/stm32cubeide/plugins/com.st.stm32cube.ide.mcu.externaltools.gnu-tools-for-stm32.9-2020-q2-update.win32_1.5.0.202011040924/tools/bin/../lib/gcc/arm-none-eabi/9.3.1/../../../../arm-none-eabi/lib/thumb/v7-m/nofp\libc_nano.a(lib_a-findfp.o)
                0x000000000800f2b8                __sinit
 .text.__sfp    0x000000000800f328       0x8c c:/st/stm32cubeide_1.6.1/stm32cubeide/plugins/com.st.stm32cube.ide.mcu.externaltools.gnu-tools-for-stm32.9-2020-q2-update.win32_1.5.0.202011040924/tools/bin/../lib/gcc/arm-none-eabi/9.3.1/../../../../arm-none-eabi/lib/thumb/v7-m/nofp\libc_nano.a(lib_a-findfp.o)
                0x000000000800f328                __sfp
 .text._fwalk_reent
                0x000000000800f3b4       0x3e c:/st/stm32cubeide_1.6.1/stm32cubeide/plugins/com.st.stm32cube.ide.mcu.externaltools.gnu-tools-for-stm32.9-2020-q2-update.win32_1.5.0.202011040924/tools/bin/../lib/gcc/arm-none-eabi/9.3.1/../../../../arm-none-eabi/lib/thumb/v7-m/nofp\libc_nano.a(lib_a-fwalk.o)
                0x000000000800f3b4                _fwalk_reent
 *fill*         0x000000000800f3f2        0x2 
 .text._localeconv_r
                0x000000000800f3f4        0x8 c:/st/stm32cubeide_1.6.1/stm32cubeide/plugins/com.st.stm32cube.ide.mcu.externaltools.gnu-tools-for-stm32.9-2020-q2-update.win32_1.5.0.202011040924/tools/bin/../lib/gcc/arm-none-eabi/9.3.1/../../../../arm-none-eabi/lib/thumb/v7-m/nofp\libc_nano.a(lib_a-localeconv.o)
                0x000000000800f3f4                _localeconv_r
 .text.__retarget_lock_init_recursive
                0x000000000800f3fc        0x2 c:/st/stm32cubeide_1.6.1/stm32cubeide/plugins/com.st.stm32cube.ide.mcu.externaltools.gnu-tools-for-stm32.9-2020-q2-update.win32_1.5.0.202011040924/tools/bin/../lib/gcc/arm-none-eabi/9.3.1/../../../../arm-none-eabi/lib/thumb/v7-m/nofp\libc_nano.a(lib_a-lock.o)
                0x000000000800f3fc                __retarget_lock_init_recursive
 .text.__retarget_lock_acquire_recursive
                0x000000000800f3fe        0x2 c:/st/stm32cubeide_1.6.1/stm32cubeide/plugins/com.st.stm32cube.ide.mcu.externaltools.gnu-tools-for-stm32.9-2020-q2-update.win32_1.5.0.202011040924/tools/bin/../lib/gcc/arm-none-eabi/9.3.1/../../../../arm-none-eabi/lib/thumb/v7-m/nofp\libc_nano.a(lib_a-lock.o)
                0x000000000800f3fe                __retarget_lock_acquire_recursive
 .text.__retarget_lock_release_recursive
                0x000000000800f400        0x2 c:/st/stm32cubeide_1.6.1/stm32cubeide/plugins/com.st.stm32cube.ide.mcu.externaltools.gnu-tools-for-stm32.9-2020-q2-update.win32_1.5.0.202011040924/tools/bin/../lib/gcc/arm-none-eabi/9.3.1/../../../../arm-none-eabi/lib/thumb/v7-m/nofp\libc_nano.a(lib_a-lock.o)
                0x000000000800f400                __retarget_lock_release_recursive
 .text.__swhatbuf_r
                0x000000000800f402       0x48 c:/st/stm32cubeide_1.6.1/stm32cubeide/plugins/com.st.stm32cube.ide.mcu.externaltools.gnu-tools-for-stm32.9-2020-q2-update.win32_1.5.0.202011040924/tools/bin/../lib/gcc/arm-none-eabi/9.3.1/../../../../arm-none-eabi/lib/thumb/v7-m/nofp\libc_nano.a(lib_a-makebuf.o)
                0x000000000800f402                __swhatbuf_r
 *fill*         0x000000000800f44a        0x2 
 .text.__smakebuf_r
                0x000000000800f44c       0x80 c:/st/stm32cubeide_1.6.1/stm32cubeide/plugins/com.st.stm32cube.ide.mcu.externaltools.gnu-tools-for-stm32.9-2020-q2-update.win32_1.5.0.202011040924/tools/bin/../lib/gcc/arm-none-eabi/9.3.1/../../../../arm-none-eabi/lib/thumb/v7-m/nofp\libc_nano.a(lib_a-makebuf.o)
                0x000000000800f44c                __smakebuf_r
 .text.malloc   0x000000000800f4cc       0x10 c:/st/stm32cubeide_1.6.1/stm32cubeide/plugins/com.st.stm32cube.ide.mcu.externaltools.gnu-tools-for-stm32.9-2020-q2-update.win32_1.5.0.202011040924/tools/bin/../lib/gcc/arm-none-eabi/9.3.1/../../../../arm-none-eabi/lib/thumb/v7-m/nofp\libc_nano.a(lib_a-malloc.o)
                0x000000000800f4cc                malloc
 .text.memchr   0x000000000800f4dc       0x1c c:/st/stm32cubeide_1.6.1/stm32cubeide/plugins/com.st.stm32cube.ide.mcu.externaltools.gnu-tools-for-stm32.9-2020-q2-update.win32_1.5.0.202011040924/tools/bin/../lib/gcc/arm-none-eabi/9.3.1/../../../../arm-none-eabi/lib/thumb/v7-m/nofp\libc_nano.a(lib_a-memchr-stub.o)
                0x000000000800f4dc                memchr
 .text.memmove  0x000000000800f4f8       0x34 c:/st/stm32cubeide_1.6.1/stm32cubeide/plugins/com.st.stm32cube.ide.mcu.externaltools.gnu-tools-for-stm32.9-2020-q2-update.win32_1.5.0.202011040924/tools/bin/../lib/gcc/arm-none-eabi/9.3.1/../../../../arm-none-eabi/lib/thumb/v7-m/nofp\libc_nano.a(lib_a-memmove.o)
                0x000000000800f4f8                memmove
 .text._Balloc  0x000000000800f52c       0x80 c:/st/stm32cubeide_1.6.1/stm32cubeide/plugins/com.st.stm32cube.ide.mcu.externaltools.gnu-tools-for-stm32.9-2020-q2-update.win32_1.5.0.202011040924/tools/bin/../lib/gcc/arm-none-eabi/9.3.1/../../../../arm-none-eabi/lib/thumb/v7-m/nofp\libc_nano.a(lib_a-mprec.o)
                0x000000000800f52c                _Balloc
 .text._Bfree   0x000000000800f5ac       0x44 c:/st/stm32cubeide_1.6.1/stm32cubeide/plugins/com.st.stm32cube.ide.mcu.externaltools.gnu-tools-for-stm32.9-2020-q2-update.win32_1.5.0.202011040924/tools/bin/../lib/gcc/arm-none-eabi/9.3.1/../../../../arm-none-eabi/lib/thumb/v7-m/nofp\libc_nano.a(lib_a-mprec.o)
                0x000000000800f5ac                _Bfree
 .text.__multadd
                0x000000000800f5f0       0x94 c:/st/stm32cubeide_1.6.1/stm32cubeide/plugins/com.st.stm32cube.ide.mcu.externaltools.gnu-tools-for-stm32.9-2020-q2-update.win32_1.5.0.202011040924/tools/bin/../lib/gcc/arm-none-eabi/9.3.1/../../../../arm-none-eabi/lib/thumb/v7-m/nofp\libc_nano.a(lib_a-mprec.o)
                0x000000000800f5f0                __multadd
 .text.__hi0bits
                0x000000000800f684       0x40 c:/st/stm32cubeide_1.6.1/stm32cubeide/plugins/com.st.stm32cube.ide.mcu.externaltools.gnu-tools-for-stm32.9-2020-q2-update.win32_1.5.0.202011040924/tools/bin/../lib/gcc/arm-none-eabi/9.3.1/../../../../arm-none-eabi/lib/thumb/v7-m/nofp\libc_nano.a(lib_a-mprec.o)
                0x000000000800f684                __hi0bits
 .text.__lo0bits
                0x000000000800f6c4       0x5c c:/st/stm32cubeide_1.6.1/stm32cubeide/plugins/com.st.stm32cube.ide.mcu.externaltools.gnu-tools-for-stm32.9-2020-q2-update.win32_1.5.0.202011040924/tools/bin/../lib/gcc/arm-none-eabi/9.3.1/../../../../arm-none-eabi/lib/thumb/v7-m/nofp\libc_nano.a(lib_a-mprec.o)
                0x000000000800f6c4                __lo0bits
 .text.__i2b    0x000000000800f720       0x2c c:/st/stm32cubeide_1.6.1/stm32cubeide/plugins/com.st.stm32cube.ide.mcu.externaltools.gnu-tools-for-stm32.9-2020-q2-update.win32_1.5.0.202011040924/tools/bin/../lib/gcc/arm-none-eabi/9.3.1/../../../../arm-none-eabi/lib/thumb/v7-m/nofp\libc_nano.a(lib_a-mprec.o)
                0x000000000800f720                __i2b
 .text.__multiply
                0x000000000800f74c      0x148 c:/st/stm32cubeide_1.6.1/stm32cubeide/plugins/com.st.stm32cube.ide.mcu.externaltools.gnu-tools-for-stm32.9-2020-q2-update.win32_1.5.0.202011040924/tools/bin/../lib/gcc/arm-none-eabi/9.3.1/../../../../arm-none-eabi/lib/thumb/v7-m/nofp\libc_nano.a(lib_a-mprec.o)
                0x000000000800f74c                __multiply
 .text.__pow5mult
                0x000000000800f894       0xb4 c:/st/stm32cubeide_1.6.1/stm32cubeide/plugins/com.st.stm32cube.ide.mcu.externaltools.gnu-tools-for-stm32.9-2020-q2-update.win32_1.5.0.202011040924/tools/bin/../lib/gcc/arm-none-eabi/9.3.1/../../../../arm-none-eabi/lib/thumb/v7-m/nofp\libc_nano.a(lib_a-mprec.o)
                0x000000000800f894                __pow5mult
 .text.__lshift
                0x000000000800f948       0xd8 c:/st/stm32cubeide_1.6.1/stm32cubeide/plugins/com.st.stm32cube.ide.mcu.externaltools.gnu-tools-for-stm32.9-2020-q2-update.win32_1.5.0.202011040924/tools/bin/../lib/gcc/arm-none-eabi/9.3.1/../../../../arm-none-eabi/lib/thumb/v7-m/nofp\libc_nano.a(lib_a-mprec.o)
                0x000000000800f948                __lshift
 .text.__mcmp   0x000000000800fa20       0x36 c:/st/stm32cubeide_1.6.1/stm32cubeide/plugins/com.st.stm32cube.ide.mcu.externaltools.gnu-tools-for-stm32.9-2020-q2-update.win32_1.5.0.202011040924/tools/bin/../lib/gcc/arm-none-eabi/9.3.1/../../../../arm-none-eabi/lib/thumb/v7-m/nofp\libc_nano.a(lib_a-mprec.o)
                0x000000000800fa20                __mcmp
 *fill*         0x000000000800fa56        0x2 
 .text.__mdiff  0x000000000800fa58      0x120 c:/st/stm32cubeide_1.6.1/stm32cubeide/plugins/com.st.stm32cube.ide.mcu.externaltools.gnu-tools-for-stm32.9-2020-q2-update.win32_1.5.0.202011040924/tools/bin/../lib/gcc/arm-none-eabi/9.3.1/../../../../arm-none-eabi/lib/thumb/v7-m/nofp\libc_nano.a(lib_a-mprec.o)
                0x000000000800fa58                __mdiff
 .text.__d2b    0x000000000800fb78       0xb8 c:/st/stm32cubeide_1.6.1/stm32cubeide/plugins/com.st.stm32cube.ide.mcu.externaltools.gnu-tools-for-stm32.9-2020-q2-update.win32_1.5.0.202011040924/tools/bin/../lib/gcc/arm-none-eabi/9.3.1/../../../../arm-none-eabi/lib/thumb/v7-m/nofp\libc_nano.a(lib_a-mprec.o)
                0x000000000800fb78                __d2b
 .text._calloc_r
                0x000000000800fc30       0x1c c:/st/stm32cubeide_1.6.1/stm32cubeide/plugins/com.st.stm32cube.ide.mcu.externaltools.gnu-tools-for-stm32.9-2020-q2-update.win32_1.5.0.202011040924/tools/bin/../lib/gcc/arm-none-eabi/9.3.1/../../../../arm-none-eabi/lib/thumb/v7-m/nofp\libc_nano.a(lib_a-nano-callocr.o)
                0x000000000800fc30                _calloc_r