Archive member included to satisfy reference by file (symbol)

c:/st/stm32cubeide_1.6.1/stm32cubeide/plugins/com.st.stm32cube.ide.mcu.externaltools.gnu-tools-for-stm32.9-2020-q2-update.win32_1.5.0.202011040924/tools/bin/../lib/gcc/arm-none-eabi/9.3.1/../../../../arm-none-eabi/lib/thumb/v7-m/nofp\libc_nano.a(lib_a-assert.o)
                              Core/Src/ParameterFileLib.o (__assert_func)
c:/st/stm32cubeide_1.6.1/stm32cubeide/plugins/com.st.stm32cube.ide.mcu.externaltools.gnu-tools-for-stm32.9-2020-q2-update.win32_1.5.0.202011040924/tools/bin/../lib/gcc/arm-none-eabi/9.3.1/../../../../arm-none-eabi/lib/thumb/v7-m/nofp\libc_nano.a(lib_a-errno.o)
                              Core/Src/syscalls.o (__errno)
c:/st/stm32cubeide_1.6.1/stm32cubeide/plugins/com.st.stm32cube.ide.mcu.externaltools.gnu-tools-for-stm32.9-2020-q2-update.win32_1.5.0.202011040924/tools/bin/../lib/gcc/arm-none-eabi/9.3.1/../../../../arm-none-eabi/lib/thumb/v7-m/nofp\libc_nano.a(lib_a-exit.o)
                              c:/st/stm32cubeide_1.6.1/stm32cubeide/plugins/com.st.stm32cube.ide.mcu.externaltools.gnu-tools-for-stm32.9-2020-q2-update.win32_1.5.0.202011040924/tools/bin/../lib/gcc/arm-none-eabi/9.3.1/../../../../arm-none-eabi/lib/thumb/v7-m/nofp/crt0.o (exit)
c:/st/stm32cubeide_1.6.1/stm32cubeide/plugins/com.st.stm32cube.ide.mcu.externaltools.gnu-tools-for-stm32.9-2020-q2-update.win32_1.5.0.202011040924/tools/bin/../lib/gcc/arm-none-eabi/9.3.1/../../../../arm-none-eabi/lib/thumb/v7-m/nofp\libc_nano.a(lib_a-fprintf.o)
                              c:/st/stm32cubeide_1.6.1/stm32cubeide/plugins/com.st.stm32cube.ide.mcu.externaltools.gnu-tools-for-stm32.9-2020-q2-update.win32_1.5.0.202011040924/tools/bin/../lib/gcc/arm-none-eabi/9.3.1/../../../../arm-none-eabi/lib/thumb/v7-m/nofp\libc_nano.a(lib_a-assert.o) (fiprintf)
c:/st/stm32cubeide_1.6.1/stm32cubeide/plugins/com.st.stm32cube.ide.mcu.externaltools.gnu-tools-for-stm32.9-2020-q2-update.win32_1.5.0.202011040924/tools/bin/../lib/gcc/arm-none-eabi/9.3.1/../../../../arm-none-eabi/lib/thumb/v7-m/nofp\libc_nano.a(lib_a-impure.o)
                              c:/st/stm32cubeide_1.6.1/stm32cubeide/plugins/com.st.stm32cube.ide.mcu.externaltools.gnu-tools-for-stm32.9-2020-q2-update.win32_1.5.0.202011040924/tools/bin/../lib/gcc/arm-none-eabi/9.3.1/../../../../arm-none-eabi/lib/thumb/v7-m/nofp\libc_nano.a(lib_a-exit.o) (_global_impure_ptr)
c:/st/stm32cubeide_1.6.1/stm32cubeide/plugins/com.st.stm32cube.ide.mcu.externaltools.gnu-tools-for-stm32.9-2020-q2-update.win32_1.5.0.202011040924/tools/bin/../lib/gcc/arm-none-eabi/9.3.1/../../../../arm-none-eabi/lib/thumb/v7-m/nofp\libc_nano.a(lib_a-init.o)
                              c:/st/stm32cubeide_1.6.1/stm32cubeide/plugins/com.st.stm32cube.ide.mcu.externaltools.gnu-tools-for-stm32.9-2020-q2-update.win32_1.5.0.202011040924/tools/bin/../lib/gcc/arm-none-eabi/9.3.1/../../../../arm-none-eabi/lib/thumb/v7-m/nofp/crt0.o (__libc_init_array)
c:/st/stm32cubeide_1.6.1/stm32cubeide/plugins/com.st.stm32cube.ide.mcu.externaltools.gnu-tools-for-stm32.9-2020-q2-update.win32_1.5.0.202011040924/tools/bin/../lib/gcc/arm-none-eabi/9.3.1/../../../../arm-none-eabi/lib/thumb/v7-m/nofp\libc_nano.a(lib_a-memcpy-stub.o)
                              Core/esp32/ufec23_protocol/ufec23_endec.o (memcpy)
c:/st/stm32cubeide_1.6.1/stm32cubeide/plugins/com.st.stm32cube.ide.mcu.externaltools.gnu-tools-for-stm32.9-2020-q2-update.win32_1.5.0.202011040924/tools/bin/../lib/gcc/arm-none-eabi/9.3.1/../../../../arm-none-eabi/lib/thumb/v7-m/nofp\libc_nano.a(lib_a-memset.o)
                              c:/st/stm32cubeide_1.6.1/stm32cubeide/plugins/com.st.stm32cube.ide.mcu.externaltools.gnu-tools-for-stm32.9-2020-q2-update.win32_1.5.0.202011040924/tools/bin/../lib/gcc/arm-none-eabi/9.3.1/../../../../arm-none-eabi/lib/thumb/v7-m/nofp/crt0.o (memset)
c:/st/stm32cubeide_1.6.1/stm32cubeide/plugins/com.st.stm32cube.ide.mcu.externaltools.gnu-tools-for-stm32.9-2020-q2-update.win32_1.5.0.202011040924/tools/bin/../lib/gcc/arm-none-eabi/9.3.1/../../../../arm-none-eabi/lib/thumb/v7-m/nofp\libc_nano.a(lib_a-nano-vfprintf.o)
                              c:/st/stm32cubeide_1.6.1/stm32cubeide/plugins/com.st.stm32cube.ide.mcu.externaltools.gnu-tools-for-stm32.9-2020-q2-update.win32_1.5.0.202011040924/tools/bin/../lib/gcc/arm-none-eabi/9.3.1/../../../../arm-none-eabi/lib/thumb/v7-m/nofp\libc_nano.a(lib_a-fprintf.o) (_vfprintf_r)
c:/st/stm32cubeide_1.6.1/stm32cubeide/plugins/com.st.stm32cube.ide.mcu.externaltools.gnu-tools-for-stm32.9-2020-q2-update.win32_1.5.0.202011040924/tools/bin/../lib/gcc/arm-none-eabi/9.3.1/../../../../arm-none-eabi/lib/thumb/v7-m/nofp\libc_nano.a(lib_a-nano-vfprintf_float.o)
[...]
Memory Configuration

Name             Origin             Length             Attributes
RAM              0x0000000020000000 0x0000000000010000 xrw
FLASH            0x0000000008000000 0x0000000000040000 xr
*default*        0x0000000000000000 0xffffffffffffffff

Linker script and memory map

LOAD c:/st/stm32cubeide_1.6.1/stm32cubeide/plugins/com.st.stm32cube.ide.mcu.externaltools.gnu-tools-for-stm32.9-2020-q2-update.win32_1.5.0.202011040924/tools/bin/../lib/gcc/arm-none-eabi/9.3.1/thumb/v7-m/nofp/crti.o
LOAD c:/st/stm32cubeide_1.6.1/stm32cubeide/plugins/com.st.stm32cube.ide.mcu.externaltools.gnu-tools-for-stm32.9-2020-q2-update.win32_1.5.0.202011040924/tools/bin/../lib/gcc/arm-none-eabi/9.3.1/thumb/v7-m/nofp/crtbegin.o
LOAD c:/st/stm32cubeide_1.6.1/stm32cubeide/plugins/com.st.stm32cube.ide.mcu.externaltools.gnu-tools-for-stm32.9-2020-q2-update.win32_1.5.0.202011040924/tools/bin/../lib/gcc/arm-none-eabi/9.3.1/../../../../arm-none-eabi/lib/thumb/v7-m/nofp/crt0.o
LOAD Core/Src/Algo.o
LOAD Core/Src/DebugManager.o
LOAD Core/Src/DebugPort.o
LOAD Core/Src/EspBridge.o
LOAD Core/Src/GPIOManager.o
LOAD Core/Src/MotorManager.o
LOAD Core/Src/ParamFile.o
LOAD Core/Src/ParameterFileLib.o
LOAD Core/Src/ParticlesManager.o
LOAD Core/Src/TemperatureManager.o
LOAD Core/Src/freertos.o
LOAD Core/Src/main.o
LOAD Core/Src/stm32f1xx_hal_msp.o
LOAD Core/Src/stm32f1xx_hal_timebase_tim.o
LOAD Core/Src/stm32f1xx_it.o
LOAD Core/Src/syscalls.o
LOAD Core/Src/sysmem.o
LOAD Core/Src/system_stm32f1xx.o
LOAD Core/Startup/startup_stm32f105rctx.o
LOAD Core/esp32/uart_protocol/uart_protocol_dec.o
LOAD Core/esp32/uart_protocol/uart_protocol_enc.o
LOAD Core/esp32/ufec23_protocol/ufec23_endec.o
LOAD Core/esp32/ufec23_protocol/ufec_stream.o
LOAD Drivers/STM32F1xx_HAL_Driver/Src/stm32f1xx_hal.o
LOAD Drivers/STM32F1xx_HAL_Driver/Src/stm32f1xx_hal_cortex.o
LOAD Drivers/STM32F1xx_HAL_Driver/Src/stm32f1xx_hal_dma.o
LOAD Drivers/STM32F1xx_HAL_Driver/Src/stm32f1xx_hal_exti.o
LOAD Drivers/STM32F1xx_HAL_Driver/Src/stm32f1xx_hal_flash.o
LOAD Drivers/STM32F1xx_HAL_Driver/Src/stm32f1xx_hal_flash_ex.o
LOAD Drivers/STM32F1xx_HAL_Driver/Src/stm32f1xx_hal_gpio.o
LOAD Drivers/STM32F1xx_HAL_Driver/Src/stm32f1xx_hal_gpio_ex.o
LOAD Drivers/STM32F1xx_HAL_Driver/Src/stm32f1xx_hal_i2c.o
LOAD Drivers/STM32F1xx_HAL_Driver/Src/stm32f1xx_hal_pwr.o
LOAD Drivers/STM32F1xx_HAL_Driver/Src/stm32f1xx_hal_rcc.o
LOAD Drivers/STM32F1xx_HAL_Driver/Src/stm32f1xx_hal_rcc_ex.o
LOAD Drivers/STM32F1xx_HAL_Driver/Src/stm32f1xx_hal_rtc.o
LOAD Drivers/STM32F1xx_HAL_Driver/Src/stm32f1xx_hal_rtc_ex.o
LOAD Drivers/STM32F1xx_HAL_Driver/Src/stm32f1xx_hal_tim.o
LOAD Drivers/STM32F1xx_HAL_Driver/Src/stm32f1xx_hal_tim_ex.o
LOAD Drivers/STM32F1xx_HAL_Driver/Src/stm32f1xx_hal_uart.o
LOAD Middlewares/Third_Party/FreeRTOS/Source/CMSIS_RTOS/cmsis_os.o
LOAD Middlewares/Third_Party/FreeRTOS/Source/croutine.o
LOAD Middlewares/Third_Party/FreeRTOS/Source/event_groups.o
LOAD Middlewares/Third_Party/FreeRTOS/Source/list.o
LOAD Middlewares/Third_Party/FreeRTOS/Source/queue.o
LOAD Middlewares/Third_Party/FreeRTOS/Source/stream_buffer.o
LOAD Middlewares/Third_Party/FreeRTOS/Source/tasks.o
LOAD Middlewares/Third_Party/FreeRTOS/Source/timers.o
LOAD Middlewares/Third_Party/FreeRTOS/Source/portable/GCC/ARM_CM3/port.o
LOAD Middlewares/Third_Party/FreeRTOS/Source/portable/MemMang/heap_4.o
START GROUP
LOAD c:/st/stm32cubeide_1.6.1/stm32cubeide/plugins/com.st.stm32cube.ide.mcu.externaltools.gnu-tools-for-stm32.9-2020-q2-update.win32_1.5.0.202011040924/tools/bin/../lib/gcc/arm-none-eabi/9.3.1/../../../../arm-none-eabi/lib/thumb/v7-m/nofp\libc_nano.a
LOAD c:/st/stm32cubeide_1.6.1/stm32cubeide/plugins/com.st.stm32cube.ide.mcu.externaltools.gnu-tools-for-stm32.9-2020-q2-update.win32_1.5.0.202011040924/tools/bin/../lib/gcc/arm-none-eabi/9.3.1/../../../../arm-none-eabi/lib/thumb/v7-m/nofp\libm.a
END GROUP
START GROUP
LOAD c:/st/stm32cubeide_1.6.1/stm32cubeide/plugins/com.st.stm32cube.ide.mcu.externaltools.gnu-tools-for-stm32.9-2020-q2-update.win32_1.5.0.202011040924/tools/bin/../lib/gcc/arm-none-eabi/9.3.1/thumb/v7-m/nofp\libgcc.a
LOAD c:/st/stm32cubeide_1.6.1/stm32cubeide/plugins/com.st.stm32cube.ide.mcu.externaltools.gnu-tools-for-stm32.9-2020-q2-update.win32_1.5.0.202011040924/tools/bin/../lib/gcc/arm-none-eabi/9.3.1/../../../../arm-none-eabi/lib/thumb/v7-m/nofp\libc_nano.a
END GROUP
START GROUP
LOAD c:/st/stm32cubeide_1.6.1/stm32cubeide/plugins/com.st.stm32cube.ide.mcu.externaltools.gnu-tools-for-stm32.9-2020-q2-update.win32_1.5.0.202011040924/tools/bin/../lib/gcc/arm-none-eabi/9.3.1/thumb/v7-m/nofp\libgcc.a
LOAD c:/st/stm32cubeide_1.6.1/stm32cubeide/plugins/com.st.stm32cube.ide.mcu.externaltools.gnu-tools-for-stm32.9-2020-q2-update.win32_1.5.0.202011040924/tools/bin/../lib/gcc/arm-none-eabi/9.3.1/../../../../arm-none-eabi/lib/thumb/v7-m/nofp\libc_nano.a
LOAD c:/st/stm32cubeide_1.6.1/stm32cubeide/plugins/com.st.stm32cube.ide.mcu.externaltools.gnu-tools-for-stm32.9-2020-q2-update.win32_1.5.0.202011040924/tools/bin/../lib/gcc/arm-none-eabi/9.3.1/../../../../arm-none-eabi/lib/thumb/v7-m/nofp\libnosys.a
END GROUP
START GROUP
LOAD c:/st/stm32cubeide_1.6.1/stm32cubeide/plugins/com.st.stm32cube.ide.mcu.externaltools.gnu-tools-for-stm32.9-2020-q2-update.win32_1.5.0.202011040924/tools/bin/../lib/gcc/arm-none-eabi/9.3.1/thumb/v7-m/nofp\libgcc.a
LOAD c:/st/stm32cubeide_1.6.1/stm32cubeide/plugins/com.st.stm32cube.ide.mcu.externaltools.gnu-tools-for-stm32.9-2020-q2-update.win32_1.5.0.202011040924/tools/bin/../lib/gcc/arm-none-eabi/9.3.1/../../../../arm-none-eabi/lib/thumb/v7-m/nofp\libc_nano.a
LOAD c:/st/stm32cubeide_1.6.1/stm32cubeide/plugins/com.st.stm32cube.ide.mcu.externaltools.gnu-tools-for-stm32.9-2020-q2-update.win32_1.5.0.202011040924/tools/bin/../lib/gcc/arm-none-eabi/9.3.1/../../../../arm-none-eabi/lib/thumb/v7-m/nofp\libnosys.a
END GROUP
LOAD c:/st/stm32cubeide_1.6.1/stm32cubeide/plugins/com.st.stm32cube.ide.mcu.externaltools.gnu-tools-for-stm32.9-2020-q2-update.win32_1.5.0.202011040924/tools/bin/../lib/gcc/arm-none-eabi/9.3.1/thumb/v7-m/nofp/crtend.o
LOAD c:/st/stm32cubeide_1.6.1/stm32cubeide/plugins/com.st.stm32cube.ide.mcu.externaltools.gnu-tools-for-stm32.9-2020-q2-update.win32_1.5.0.202011040924/tools/bin/../lib/gcc/arm-none-eabi/9.3.1/thumb/v7-m/nofp/crtn.o
                0x0000000020010000                _estack = (ORIGIN (RAM) + LENGTH (RAM))
                0x0000000000000200                _Min_Heap_Size = 0x200
                0x0000000000000400                _Min_Stack_Size = 0x400

.isr_vector     0x0000000008000000      0x1e4
                0x0000000008000000                . = ALIGN (0x4)
 *(.isr_vector)
 .isr_vector    0x0000000008000000      0x1e4 Core/Startup/startup_stm32f105rctx.o
                0x0000000008000000                g_pfnVectors
                0x00000000080001e4                . = ALIGN (0x4)

.text           0x00000000080001f0    0x1181c
                0x00000000080001f0                . = ALIGN (0x4)
 *(.text)
 .text          0x00000000080001f0       0x40 c:/st/stm32cubeide_1.6.1/stm32cubeide/plugins/com.st.stm32cube.ide.mcu.externaltools.gnu-tools-for-stm32.9-2020-q2-update.win32_1.5.0.202011040924/tools/bin/../lib/gcc/arm-none-eabi/9.3.1/thumb/v7-m/nofp/crtbegin.o
 .text          0x0000000008000230       0x14 c:/st/stm32cubeide_1.6.1/stm32cubeide/plugins/com.st.stm32cube.ide.mcu.externaltools.gnu-tools-for-stm32.9-2020-q2-update.win32_1.5.0.202011040924/tools/bin/../lib/gcc/arm-none-eabi/9.3.1/../../../../arm-none-eabi/lib/thumb/v7-m/nofp\libc_nano.a(lib_a-strcmp.o)
                0x0000000008000230                strcmp
 .text          0x0000000008000244       0x10 c:/st/stm32cubeide_1.6.1/stm32cubeide/plugins/com.st.stm32cube.ide.mcu.externaltools.gnu-tools-for-stm32.9-2020-q2-update.win32_1.5.0.202011040924/tools/bin/../lib/gcc/arm-none-eabi/9.3.1/../../../../arm-none-eabi/lib/thumb/v7-m/nofp\libc_nano.a(lib_a-strlen.o)
                0x0000000008000244                strlen
 .text          0x0000000008000254      0x378 c:/st/stm32cubeide_1.6.1/stm32cubeide/plugins/com.st.stm32cube.ide.mcu.externaltools.gnu-tools-for-stm32.9-2020-q2-update.win32_1.5.0.202011040924/tools/bin/../lib/gcc/arm-none-eabi/9.3.1/thumb/v7-m/nofp\libgcc.a(_arm_addsubdf3.o)
                0x0000000008000254                __aeabi_drsub
                0x000000000800025c                __aeabi_dsub
                0x000000000800025c                __subdf3
                0x0000000008000260                __aeabi_dadd
                0x0000000008000260                __adddf3
                0x00000000080004d8                __floatunsidf
                0x00000000080004d8                __aeabi_ui2d
                0x00000000080004f8                __floatsidf
                0x00000000080004f8                __aeabi_i2d
                0x000000000800051c                __aeabi_f2d
                0x000000000800051c                __extendsfdf2
                0x0000000008000560                __floatundidf
                0x0000000008000560                __aeabi_ul2d
                0x0000000008000570                __floatdidf
                0x0000000008000570                __aeabi_l2d
 .text          0x00000000080005cc      0x424 c:/st/stm32cubeide_1.6.1/stm32cubeide/plugins/com.st.stm32cube.ide.mcu.externaltools.gnu-tools-for-stm32.9-2020-q2-update.win32_1.5.0.202011040924/tools/bin/../lib/gcc/arm-none-eabi/9.3.1/thumb/v7-m/nofp\libgcc.a(_arm_muldivdf3.o)
                0x00000000080005cc                __aeabi_dmul
                0x00000000080005cc                __muldf3
                0x0000000008000820                __divdf3
                0x0000000008000820                __aeabi_ddiv
 .text          0x00000000080009f0      0x110 c:/st/stm32cubeide_1.6.1/stm32cubeide/plugins/com.st.stm32cube.ide.mcu.externaltools.gnu-tools-for-stm32.9-2020-q2-update.win32_1.5.0.202011040924/tools/bin/../lib/gcc/arm-none-eabi/9.3.1/thumb/v7-m/nofp\libgcc.a(_arm_cmpdf2.o)
                0x00000000080009f0                __gtdf2
                0x00000000080009f0                __gedf2
                0x00000000080009f8                __ltdf2
                0x00000000080009f8                __ledf2
                0x0000000008000a00                __nedf2
                0x0000000008000a00                __eqdf2
                0x0000000008000a00                __cmpdf2
                0x0000000008000a7c                __aeabi_cdrcmple
                0x0000000008000a8c                __aeabi_cdcmpeq
                0x0000000008000a8c                __aeabi_cdcmple
                0x0000000008000a9c                __aeabi_dcmpeq
                0x0000000008000ab0                __aeabi_dcmplt
                0x0000000008000ac4                __aeabi_dcmple
                0x0000000008000ad8                __aeabi_dcmpge
                0x0000000008000aec                __aeabi_dcmpgt
 .text          0x0000000008000b00       0x2c c:/st/stm32cubeide_1.6.1/stm32cubeide/plugins/com.st.stm32cube.ide.mcu.externaltools.gnu-tools-for-stm32.9-2020-q2-update.win32_1.5.0.202011040924/tools/bin/../lib/gcc/arm-none-eabi/9.3.1/thumb/v7-m/nofp\libgcc.a(_arm_unorddf2.o)
                0x0000000008000b00                __unorddf2
                0x0000000008000b00                __aeabi_dcmpun
 .text          0x0000000008000b2c       0x50 c:/st/stm32cubeide_1.6.1/stm32cubeide/plugins/com.st.stm32cube.ide.mcu.externaltools.gnu-tools-for-stm32.9-2020-q2-update.win32_1.5.0.202011040924/tools/bin/../lib/gcc/arm-none-eabi/9.3.1/thumb/v7-m/nofp\libgcc.a(_arm_fixdfsi.o)
                0x0000000008000b2c                __aeabi_d2iz
                0x0000000008000b2c                __fixdfsi
 .text          0x0000000008000b7c       0xa0 c:/st/stm32cubeide_1.6.1/stm32cubeide/plugins/com.st.stm32cube.ide.mcu.externaltools.gnu-tools-for-stm32.9-2020-q2-update.win32_1.5.0.202011040924/tools/bin/../lib/gcc/arm-none-eabi/9.3.1/thumb/v7-m/nofp\libgcc.a(_arm_truncdfsf2.o)
                0x0000000008000b7c                __truncdfsf2
                0x0000000008000b7c                __aeabi_d2f
 .text          0x0000000008000c1c      0x21c c:/st/stm32cubeide_1.6.1/stm32cubeide/plugins/com.st.stm32cube.ide.mcu.externaltools.gnu-tools-for-stm32.9-2020-q2-update.win32_1.5.0.202011040924/tools/bin/../lib/gcc/arm-none-eabi/9.3.1/thumb/v7-m/nofp\libgcc.a(_arm_addsubsf3.o)
                0x0000000008000c1c                __aeabi_frsub
                0x0000000008000c24                __subsf3
                0x0000000008000c24                __aeabi_fsub
                0x0000000008000c28                __aeabi_fadd
                0x0000000008000c28                __addsf3
                0x0000000008000d88                __aeabi_ui2f
                0x0000000008000d88                __floatunsisf
                0x0000000008000d90                __aeabi_i2f
                0x0000000008000d90                __floatsisf
                0x0000000008000dac                __aeabi_ul2f
                0x0000000008000dac                __floatundisf
                0x0000000008000dbc                __aeabi_l2f
                0x0000000008000dbc                __floatdisf
 .text          0x0000000008000e38      0x2a0 c:/st/stm32cubeide_1.6.1/stm32cubeide/plugins/com.st.stm32cube.ide.mcu.externaltools.gnu-tools-for-stm32.9-2020-q2-update.win32_1.5.0.202011040924/tools/bin/../lib/gcc/arm-none-eabi/9.3.1/thumb/v7-m/nofp\libgcc.a(_arm_muldivsf3.o)
                0x0000000008000e38                __mulsf3
                0x0000000008000e38                __aeabi_fmul
                0x0000000008000fa0                __aeabi_fdiv
                0x0000000008000fa0                __divsf3
 .text          0x00000000080010d8       0xec c:/st/stm32cubeide_1.6.1/stm32cubeide/plugins/com.st.stm32cube.ide.mcu.externaltools.gnu-tools-for-stm32.9-2020-q2-update.win32_1.5.0.202011040924/tools/bin/../lib/gcc/arm-none-eabi/9.3.1/thumb/v7-m/nofp\libgcc.a(_arm_cmpsf2.o)
                0x00000000080010d8                __gesf2
                0x00000000080010d8                __gtsf2
                0x00000000080010e0                __lesf2
                0x00000000080010e0                __ltsf2
                0x00000000080010e8                __nesf2
                0x00000000080010e8                __eqsf2
                0x00000000080010e8                __cmpsf2
                0x0000000008001148                __aeabi_cfrcmple
                0x0000000008001150                __aeabi_cfcmpeq
                0x0000000008001150                __aeabi_cfcmple
                0x0000000008001160                __aeabi_fcmpeq
                0x0000000008001174                __aeabi_fcmplt
                0x0000000008001188                __aeabi_fcmple
                0x000000000800119c                __aeabi_fcmpge
                0x00000000080011b0                __aeabi_fcmpgt
 .text          0x00000000080011c4       0x30 c:/st/stm32cubeide_1.6.1/stm32cubeide/plugins/com.st.stm32cube.ide.mcu.externaltools.gnu-tools-for-stm32.9-2020-q2-update.win32_1.5.0.202011040924/tools/bin/../lib/gcc/arm-none-eabi/9.3.1/thumb/v7-m/nofp\libgcc.a(_aeabi_uldivmod.o)
                0x00000000080011c4                __aeabi_uldivmod
 .text          0x00000000080011f4      0x2c4 c:/st/stm32cubeide_1.6.1/stm32cubeide/plugins/com.st.stm32cube.ide.mcu.externaltools.gnu-tools-for-stm32.9-2020-q2-update.win32_1.5.0.202011040924/tools/bin/../lib/gcc/arm-none-eabi/9.3.1/thumb/v7-m/nofp\libgcc.a(_udivmoddi4.o)
                0x00000000080011f4                __udivmoddi4
 .text          0x00000000080014b8        0x4 c:/st/stm32cubeide_1.6.1/stm32cubeide/plugins/com.st.stm32cube.ide.mcu.externaltools.gnu-tools-for-stm32.9-2020-q2-update.win32_1.5.0.202011040924/tools/bin/../lib/gcc/arm-none-eabi/9.3.1/thumb/v7-m/nofp\libgcc.a(_dvmd_tls.o)
                0x00000000080014b8                __aeabi_idiv0
                0x00000000080014b8                __aeabi_ldiv0
 *(.text*)
 .text.Algo_Init
                0x00000000080014bc      0x108 Core/Src/Algo.o
                0x00000000080014bc                Algo_Init
 .text.Algo_task
                0x00000000080015c4       0xd0 Core/Src/Algo.o
                0x00000000080015c4                Algo_task
 .text.Algo_adjust_steppers_position
                0x0000000008001694       0x4c Core/Src/Algo.o
                0x0000000008001694                Algo_adjust_steppers_position
 .text.Algo_update_steppers_ready_flag
                0x00000000080016e0       0x2c Core/Src/Algo.o
                0x00000000080016e0                Algo_update_steppers_ready_flag
 .text.Algo_stoveInit
                0x000000000800170c       0xc8 Core/Src/Algo.o
                0x000000000800170c                Algo_stoveInit
 .text.Algo_fill_compute_functions
                0x00000000080017d4       0x78 Core/Src/Algo.o
 .text.Algo_set_to_zero
                0x000000000800184c       0x74 Core/Src/Algo.o
 .text.Algo_compute_Waiting
                0x00000000080018c0       0xe0 Core/Src/Algo.o
 .text.Algo_compute_reload
                0x00000000080019a0       0xe4 Core/Src/Algo.o
 .text.Algo_compute_tempRise
                0x0000000008001a84       0x70 Core/Src/Algo.o
 .text.Algo_compute_combHigh
                0x0000000008001af4       0x18 Core/Src/Algo.o
 .text.Algo_compute_combLow
                0x0000000008001b0c       0x18 Core/Src/Algo.o
 .text.Algo_compute_coalHigh
                0x0000000008001b24       0x18 Core/Src/Algo.o
 .text.Algo_compute_coalLow
                0x0000000008001b3c       0x18 Core/Src/Algo.o
 .text.Algo_compute_manual
                0x0000000008001b54       0x18 Core/Src/Algo.o
 .text.DebugManager
                0x0000000008001b6c       0x58 Core/Src/DebugManager.o
                0x0000000008001b6c                DebugManager
 .text.__io_putchar
                0x0000000008001bc4       0x24 Core/Src/DebugPort.o
                0x0000000008001bc4                __io_putchar
 .text.ESPMANAGER_Init
                0x0000000008001be8       0x60 Core/Src/EspBridge.o
                0x0000000008001be8                ESPMANAGER_Init
 .text.ESPMANAGER_Task
                0x0000000008001c48       0xbc Core/Src/EspBridge.o
                0x0000000008001c48                ESPMANAGER_Task
 .text.UARTErrorCb
                0x0000000008001d04       0x1c Core/Src/EspBridge.o
 .text.EncWriteUART
                0x0000000008001d20       0x28 Core/Src/EspBridge.o
 .text.DecAcceptFrame
                0x0000000008001d48      0x1d8 Core/Src/EspBridge.o
 .text.DecDropFrame
                0x0000000008001f20       0x14 Core/Src/EspBridge.o
 .text.GetTimerCountMS
                0x0000000008001f34       0x1e Core/Src/EspBridge.o
 *fill*         0x0000000008001f52        0x2 
 .text.GPIOManager
                0x0000000008001f54       0xbc Core/Src/GPIOManager.o
                0x0000000008001f54                GPIOManager
 .text.Motor_task
                0x0000000008002010      0x3c8 Core/Src/MotorManager.o
                0x0000000008002010                Motor_task
 .text.StepperAtSetpoint
                0x00000000080023d8       0x28 Core/Src/MotorManager.o
                0x00000000080023d8                StepperAtSetpoint
 .text.StepperSetToZero
                0x0000000008002400       0x52 Core/Src/MotorManager.o
                0x0000000008002400                StepperSetToZero
 .text.StepperAdjustPosition
                0x0000000008002452       0xdc Core/Src/MotorManager.o
                0x0000000008002452                StepperAdjustPosition
 .text.StepperToggleOneStep
                0x000000000800252e       0x40 Core/Src/MotorManager.o
                0x000000000800252e                StepperToggleOneStep
 .text.StepperLimitSwitchActive
                0x000000000800256e       0x2c Core/Src/MotorManager.o
                0x000000000800256e                StepperLimitSwitchActive
 .text.StepperEnable
                0x000000000800259a       0x30 Core/Src/MotorManager.o
                0x000000000800259a                StepperEnable
 .text.StepperLowCurrentOFF
                0x00000000080025ca       0x20 Core/Src/MotorManager.o
                0x00000000080025ca                StepperLowCurrentOFF
 .text.StepperLowCurrentON
                0x00000000080025ea       0x20 Core/Src/MotorManager.o
                0x00000000080025ea                StepperLowCurrentON
 .text.StepperDisable
                0x000000000800260a       0x20 Core/Src/MotorManager.o
                0x000000000800260a                StepperDisable
 .text.StepperSetDirection
                0x000000000800262a       0x22 Core/Src/MotorManager.o
                0x000000000800262a                StepperSetDirection
 .text.PARAMFILE_Init
                0x000000000800264c       0x28 Core/Src/ParamFile.o
                0x000000000800264c                PARAMFILE_Init
 .text.PARAMFILE_GetParamEntryCount
                0x0000000008002674       0x14 Core/Src/ParamFile.o
                0x0000000008002674                PARAMFILE_GetParamEntryCount
 .text.PARAMFILE_GetParamEntryByIndex
                0x0000000008002688       0x30 Core/Src/ParamFile.o
                0x0000000008002688                PARAMFILE_GetParamEntryByIndex
 .text.LoadAllCallback
                0x00000000080026b8       0x12 Core/Src/ParamFile.o
 .text.CommitAllCallback
                0x00000000080026ca       0x12 Core/Src/ParamFile.o
 .text.PB_GetUserParam
                0x00000000080026dc       0x14 Core/Src/ParamFile.o
                0x00000000080026dc                PB_GetUserParam
 .text.PB_GetOverheatParams
                0x00000000080026f0       0x14 Core/Src/ParamFile.o
                0x00000000080026f0                PB_GetOverheatParams
 .text.PB_GetWaitingParams
                0x0000000008002704       0x14 Core/Src/ParamFile.o
                0x0000000008002704                PB_GetWaitingParams
 .text.PB_GetReloadParams
                0x0000000008002718       0x14 Core/Src/ParamFile.o
                0x0000000008002718                PB_GetReloadParams
 .text.PB_GetTRiseParams
                0x000000000800272c       0x14 Core/Src/ParamFile.o
                0x000000000800272c                PB_GetTRiseParams
 .text.PB_GetCombLowParams
                0x0000000008002740       0x14 Core/Src/ParamFile.o
                0x0000000008002740                PB_GetCombLowParams
 .text.PB_GetCombHighParams
                0x0000000008002754       0x14 Core/Src/ParamFile.o
                0x0000000008002754                PB_GetCombHighParams
 .text.PB_GetCoalLowParams
                0x0000000008002768       0x14 Core/Src/ParamFile.o
                0x0000000008002768                PB_GetCoalLowParams
 .text.PB_GetCoalHighParams
                0x000000000800277c       0x14 Core/Src/ParamFile.o
                0x000000000800277c                PB_GetCoalHighParams
 .text.PFL_Init
                0x0000000008002790       0x2a Core/Src/ParameterFileLib.o
                0x0000000008002790                PFL_Init
 .text.PFL_LoadAllDefault
                0x00000000080027ba       0x64 Core/Src/ParameterFileLib.o
                0x00000000080027ba                PFL_LoadAllDefault
 .text.PFL_GetValueInt32
                0x000000000800281e       0x48 Core/Src/ParameterFileLib.o
                0x000000000800281e                PFL_GetValueInt32
 .text.PFL_SetValueInt32
                0x0000000008002866       0x5e Core/Src/ParameterFileLib.o
                0x0000000008002866                PFL_SetValueInt32
 .text.ValidateValueInt32
                0x00000000080028c4       0x54 Core/Src/ParameterFileLib.o
 .text.GetParameterEntryByKey
                0x0000000008002918       0x52 Core/Src/ParameterFileLib.o
 *fill*         0x000000000800296a        0x2 
 .text.Particle_Init
                0x000000000800296c       0x7c Core/Src/ParticlesManager.o
                0x000000000800296c                Particle_Init
 .text.ParticlesManager
                0x00000000080029e8      0x4d4 Core/Src/ParticlesManager.o
                0x00000000080029e8                ParticlesManager
 .text.Particle_Send_CMD
                0x0000000008002ebc       0x54 Core/Src/ParticlesManager.o
                0x0000000008002ebc                Particle_Send_CMD
 .text.ParticlesGetObject
                0x0000000008002f10       0x14 Core/Src/ParticlesManager.o
                0x0000000008002f10                ParticlesGetObject
 .text.Temperature_Init
                0x0000000008002f24       0x64 Core/Src/TemperatureManager.o
                0x0000000008002f24                Temperature_Init
 .text.TemperatureManager
                0x0000000008002f88      0x490 Core/Src/TemperatureManager.o
                0x0000000008002f88                TemperatureManager
 .text.HAL_I2C_MasterTxCpltCallback
                0x0000000008003418       0x28 Core/Src/TemperatureManager.o
                0x0000000008003418                HAL_I2C_MasterTxCpltCallback
 .text.HAL_I2C_MasterRxCpltCallback
                0x0000000008003440       0x28 Core/Src/TemperatureManager.o
                0x0000000008003440                HAL_I2C_MasterRxCpltCallback
 .text.HAL_I2C_ErrorCallback
                0x0000000008003468       0x40 Core/Src/TemperatureManager.o
                0x0000000008003468                HAL_I2C_ErrorCallback
 .text.HAL_I2C_AbortCpltCallback
                0x00000000080034a8       0x40 Core/Src/TemperatureManager.o
                0x00000000080034a8                HAL_I2C_AbortCpltCallback
 .text.uVtoDegreeCTypeK
                0x00000000080034e8      0x644 Core/Src/TemperatureManager.o
                0x00000000080034e8                uVtoDegreeCTypeK
 *fill*         0x0000000008003b2c        0x4 
 .text.VtoDegreeCRtd
                0x0000000008003b30       0x88 Core/Src/TemperatureManager.o
                0x0000000008003b30                VtoDegreeCRtd
 .text.vApplicationGetIdleTaskMemory
                0x0000000008003bb8       0x30 Core/Src/freertos.o
                0x0000000008003bb8                vApplicationGetIdleTaskMemory
 .text.vApplicationGetTimerTaskMemory
                0x0000000008003be8       0x34 Core/Src/freertos.o
                0x0000000008003be8                vApplicationGetTimerTaskMemory
 .text.main     0x0000000008003c1c       0xd4 Core/Src/main.o
                0x0000000008003c1c                main
 .text.SystemClock_Config
                0x0000000008003cf0       0xcc Core/Src/main.o
                0x0000000008003cf0                SystemClock_Config
 .text.MX_I2C1_Init
                0x0000000008003dbc       0x5c Core/Src/main.o
                0x0000000008003dbc                MX_I2C1_Init
 .text.MX_RTC_Init
                0x0000000008003e18       0x94 Core/Src/main.o
 .text.MX_USART1_UART_Init
                0x0000000008003eac       0x54 Core/Src/main.o
 .text.MX_USART2_UART_Init
                0x0000000008003f00       0x54 Core/Src/main.o
                0x0000000008003f00                MX_USART2_UART_Init
 .text.MX_USART3_UART_Init
                0x0000000008003f54       0x54 Core/Src/main.o
                0x0000000008003f54                MX_USART3_UART_Init
 .text.MX_DMA_Init
                0x0000000008003fa8       0x3c Core/Src/main.o
 .text.MX_GPIO_Init
                0x0000000008003fe4      0x1a0 Core/Src/main.o
 .text.TimerCallback
                0x0000000008004184       0x12 Core/Src/main.o
                0x0000000008004184                TimerCallback
 *fill*         0x0000000008004196        0x2 
 .text.HAL_TIM_PeriodElapsedCallback
                0x0000000008004198       0x24 Core/Src/main.o
                0x0000000008004198                HAL_TIM_PeriodElapsedCallback
 .text.Error_Handler
                0x00000000080041bc        0xa Core/Src/main.o
                0x00000000080041bc                Error_Handler
 *fill*         0x00000000080041c6        0x2 
 .text.HAL_MspInit
                0x00000000080041c8       0x70 Core/Src/stm32f1xx_hal_msp.o
                0x00000000080041c8                HAL_MspInit
 .text.HAL_I2C_MspInit
                0x0000000008004238       0x9c Core/Src/stm32f1xx_hal_msp.o
                0x0000000008004238                HAL_I2C_MspInit
 .text.HAL_RTC_MspInit
                0x00000000080042d4       0x48 Core/Src/stm32f1xx_hal_msp.o
                0x00000000080042d4                HAL_RTC_MspInit
 .text.HAL_UART_MspInit
                0x000000000800431c      0x204 Core/Src/stm32f1xx_hal_msp.o
                0x000000000800431c                HAL_UART_MspInit
 .text.HAL_InitTick
                0x0000000008004520       0xac Core/Src/stm32f1xx_hal_timebase_tim.o
                0x0000000008004520                HAL_InitTick
 .text.NMI_Handler
                0x00000000080045cc        0x6 Core/Src/stm32f1xx_it.o
                0x00000000080045cc                NMI_Handler
 .text.HardFault_Handler
                0x00000000080045d2        0x6 Core/Src/stm32f1xx_it.o
                0x00000000080045d2                HardFault_Handler
 .text.MemManage_Handler
                0x00000000080045d8        0x6 Core/Src/stm32f1xx_it.o
                0x00000000080045d8                MemManage_Handler
 .text.BusFault_Handler
                0x00000000080045de        0x6 Core/Src/stm32f1xx_it.o
                0x00000000080045de                BusFault_Handler
 .text.UsageFault_Handler
                0x00000000080045e4        0x6 Core/Src/stm32f1xx_it.o
                0x00000000080045e4                UsageFault_Handler
 .text.DebugMon_Handler
                0x00000000080045ea        0xc Core/Src/stm32f1xx_it.o
                0x00000000080045ea                DebugMon_Handler
 *fill*         0x00000000080045f6        0x2 
 .text.DMA1_Channel6_IRQHandler
                0x00000000080045f8       0x14 Core/Src/stm32f1xx_it.o
                0x00000000080045f8                DMA1_Channel6_IRQHandler
 .text.TIM1_UP_IRQHandler
                0x000000000800460c       0x14 Core/Src/stm32f1xx_it.o
                0x000000000800460c                TIM1_UP_IRQHandler
 .text.I2C1_EV_IRQHandler
                0x0000000008004620       0x14 Core/Src/stm32f1xx_it.o
                0x0000000008004620                I2C1_EV_IRQHandler
 .text.I2C1_ER_IRQHandler
                0x0000000008004634       0x14 Core/Src/stm32f1xx_it.o
                0x0000000008004634                I2C1_ER_IRQHandler
 .text.USART1_IRQHandler
                0x0000000008004648       0x14 Core/Src/stm32f1xx_it.o
                0x0000000008004648                USART1_IRQHandler
 .text.USART2_IRQHandler
                0x000000000800465c       0x14 Core/Src/stm32f1xx_it.o
                0x000000000800465c                USART2_IRQHandler
 .text.USART3_IRQHandler
                0x0000000008004670       0x14 Core/Src/stm32f1xx_it.o
                0x0000000008004670                USART3_IRQHandler
 .text._getpid  0x0000000008004684        0xe Core/Src/syscalls.o
                0x0000000008004684                _getpid
 .text._kill    0x0000000008004692       0x20 Core/Src/syscalls.o
                0x0000000008004692                _kill
 .text._exit    0x00000000080046b2       0x14 Core/Src/syscalls.o
                0x00000000080046b2                _exit
 .text._read    0x00000000080046c6       0x3a Core/Src/syscalls.o
                0x00000000080046c6                _read
 .text._write   0x0000000008004700       0x38 Core/Src/syscalls.o
                0x0000000008004700                _write
 .text._close   0x0000000008004738       0x16 Core/Src/syscalls.o
                0x0000000008004738                _close
 .text._fstat   0x000000000800474e       0x1e Core/Src/syscalls.o
                0x000000000800474e                _fstat
 .text._isatty  0x000000000800476c       0x14 Core/Src/syscalls.o
                0x000000000800476c                _isatty
 .text._lseek   0x0000000008004780       0x18 Core/Src/syscalls.o
                0x0000000008004780                _lseek
 .text._sbrk    0x0000000008004798       0x6c Core/Src/sysmem.o
                0x0000000008004798                _sbrk
 .text.SystemInit
                0x0000000008004804        0xc Core/Src/system_stm32f1xx.o
                0x0000000008004804                SystemInit
 .text.Reset_Handler
                0x0000000008004810       0x48 Core/Startup/startup_stm32f105rctx.o
                0x0000000008004810                Reset_Handler
 .text.Default_Handler
                0x0000000008004858        0x2 Core/Startup/startup_stm32f105rctx.o
                0x0000000008004858                RTC_Alarm_IRQHandler
                0x0000000008004858                EXTI2_IRQHandler
                0x0000000008004858                TIM1_CC_IRQHandler
                0x0000000008004858                TIM6_IRQHandler
                0x0000000008004858                PVD_IRQHandler
                0x0000000008004858                CAN2_RX1_IRQHandler
                0x0000000008004858                EXTI3_IRQHandler
                0x0000000008004858                EXTI0_IRQHandler
                0x0000000008004858                I2C2_EV_IRQHandler
                0x0000000008004858                CAN1_RX0_IRQHandler
                0x0000000008004858                CAN2_SCE_IRQHandler
                0x0000000008004858                ADC1_2_IRQHandler
                0x0000000008004858                SPI1_IRQHandler
                0x0000000008004858                TAMPER_IRQHandler
                0x0000000008004858                CAN2_RX0_IRQHandler
                0x0000000008004858                DMA2_Channel2_IRQHandler
                0x0000000008004858                DMA1_Channel4_IRQHandler
                0x0000000008004858                RTC_IRQHandler
                0x0000000008004858                DMA1_Channel7_IRQHandler
                0x0000000008004858                CAN1_RX1_IRQHandler
                0x0000000008004858                UART5_IRQHandler
                0x0000000008004858                TIM4_IRQHandler
                0x0000000008004858                DMA2_Channel1_IRQHandler
                0x0000000008004858                UART4_IRQHandler
                0x0000000008004858                DMA2_Channel4_IRQHandler
                0x0000000008004858                TIM3_IRQHandler
                0x0000000008004858                RCC_IRQHandler
                0x0000000008004858                TIM1_TRG_COM_IRQHandler
                0x0000000008004858                DMA1_Channel1_IRQHandler
                0x0000000008004858                Default_Handler
                0x0000000008004858                EXTI15_10_IRQHandler
                0x0000000008004858                TIM7_IRQHandler
                0x0000000008004858                CAN2_TX_IRQHandler
                0x0000000008004858                TIM5_IRQHandler
                0x0000000008004858                EXTI9_5_IRQHandler
                0x0000000008004858                SPI2_IRQHandler
                0x0000000008004858                CAN1_TX_IRQHandler
                0x0000000008004858                DMA2_Channel5_IRQHandler
                0x0000000008004858                DMA1_Channel5_IRQHandler
                0x0000000008004858                EXTI4_IRQHandler
                0x0000000008004858                DMA1_Channel3_IRQHandler
                0x0000000008004858                WWDG_IRQHandler
                0x0000000008004858                TIM2_IRQHandler
                0x0000000008004858                OTG_FS_WKUP_IRQHandler
                0x0000000008004858                TIM1_BRK_IRQHandler
                0x0000000008004858                EXTI1_IRQHandler
                0x0000000008004858                I2C2_ER_IRQHandler
                0x0000000008004858                DMA1_Channel2_IRQHandler
                0x0000000008004858                CAN1_SCE_IRQHandler
                0x0000000008004858                FLASH_IRQHandler
                0x0000000008004858                OTG_FS_IRQHandler
                0x0000000008004858                SPI3_IRQHandler
                0x0000000008004858                DMA2_Channel3_IRQHandler
 *fill*         0x000000000800485a        0x2 
 .text.UARTPROTOCOLDEC_Init
                0x000000000800485c       0x44 Core/esp32/uart_protocol/uart_protocol_dec.o
                0x000000000800485c                UARTPROTOCOLDEC_Init
 .text.UARTPROTOCOLDEC_Reset
                0x00000000080048a0       0x38 Core/esp32/uart_protocol/uart_protocol_dec.o
                0x00000000080048a0                UARTPROTOCOLDEC_Reset
 .text.UARTPROTOCOLDEC_HandleIn
                0x00000000080048d8       0x3c Core/esp32/uart_protocol/uart_protocol_dec.o
                0x00000000080048d8                UARTPROTOCOLDEC_HandleIn
 .text.AddByte  0x0000000008004914      0x23c Core/esp32/uart_protocol/uart_protocol_dec.o
 .text.AcceptFrame
                0x0000000008004b50       0x38 Core/esp32/uart_protocol/uart_protocol_dec.o
 .text.DropFrame
                0x0000000008004b88       0x2e Core/esp32/uart_protocol/uart_protocol_dec.o
 *fill*         0x0000000008004bb6        0x2 
 .text.UARTPROTOCOLENC_Init
                0x0000000008004bb8       0x54 Core/esp32/uart_protocol/uart_protocol_enc.o
                0x0000000008004bb8                UARTPROTOCOLENC_Init
 .text.UARTPROTOCOLENC_Send
                0x0000000008004c0c      0x10a Core/esp32/uart_protocol/uart_protocol_enc.o
                0x0000000008004c0c                UARTPROTOCOLENC_Send
 .text.UFEC23ENDEC_A2AReqPingAliveEncode
                0x0000000008004d16       0x2c Core/esp32/ufec23_protocol/ufec23_endec.o
                0x0000000008004d16                UFEC23ENDEC_A2AReqPingAliveEncode
 .text.UFEC23ENDEC_A2AReqPingAliveDecode
                0x0000000008004d42       0x2a Core/esp32/ufec23_protocol/ufec23_endec.o
                0x0000000008004d42                UFEC23ENDEC_A2AReqPingAliveDecode
 .text.UFEC23ENDEC_C2SGetParameterDecode
                0x0000000008004d6c       0x36 Core/esp32/ufec23_protocol/ufec23_endec.o
                0x0000000008004d6c                UFEC23ENDEC_C2SGetParameterDecode
 .text.UFEC23ENDEC_S2CGetParameterRespEncode
                0x0000000008004da2      0x11e Core/esp32/ufec23_protocol/ufec23_endec.o
                0x0000000008004da2                UFEC23ENDEC_S2CGetParameterRespEncode
 .text.UFEC23ENDEC_C2SSetParameterDecode
                0x0000000008004ec0       0x86 Core/esp32/ufec23_protocol/ufec23_endec.o
                0x0000000008004ec0                UFEC23ENDEC_C2SSetParameterDecode
 .text.UFEC23ENDEC_S2CSetParameterRespEncode
                0x0000000008004f46       0x38 Core/esp32/ufec23_protocol/ufec23_endec.o
                0x0000000008004f46                UFEC23ENDEC_S2CSetParameterRespEncode
 *fill*         0x0000000008004f7e        0x2 
 .text.HAL_Init
                0x0000000008004f80       0x2c Drivers/STM32F1xx_HAL_Driver/Src/stm32f1xx_hal.o
                0x0000000008004f80                HAL_Init
 .text.HAL_IncTick
                0x0000000008004fac       0x24 Drivers/STM32F1xx_HAL_Driver/Src/stm32f1xx_hal.o
                0x0000000008004fac                HAL_IncTick
 .text.HAL_GetTick
                0x0000000008004fd0       0x14 Drivers/STM32F1xx_HAL_Driver/Src/stm32f1xx_hal.o
                0x0000000008004fd0                HAL_GetTick
 .text.__NVIC_SetPriorityGrouping
                0x0000000008004fe4       0x48 Drivers/STM32F1xx_HAL_Driver/Src/stm32f1xx_hal_cortex.o
 .text.__NVIC_GetPriorityGrouping
                0x000000000800502c       0x1c Drivers/STM32F1xx_HAL_Driver/Src/stm32f1xx_hal_cortex.o
 .text.__NVIC_EnableIRQ
                0x0000000008005048       0x38 Drivers/STM32F1xx_HAL_Driver/Src/stm32f1xx_hal_cortex.o
 .text.__NVIC_SetPriority
                0x0000000008005080       0x54 Drivers/STM32F1xx_HAL_Driver/Src/stm32f1xx_hal_cortex.o
 .text.NVIC_EncodePriority
                0x00000000080050d4       0x64 Drivers/STM32F1xx_HAL_Driver/Src/stm32f1xx_hal_cortex.o
 .text.HAL_NVIC_SetPriorityGrouping
                0x0000000008005138       0x16 Drivers/STM32F1xx_HAL_Driver/Src/stm32f1xx_hal_cortex.o
                0x0000000008005138                HAL_NVIC_SetPriorityGrouping
 .text.HAL_NVIC_SetPriority
                0x000000000800514e       0x38 Drivers/STM32F1xx_HAL_Driver/Src/stm32f1xx_hal_cortex.o
                0x000000000800514e                HAL_NVIC_SetPriority
 .text.HAL_NVIC_EnableIRQ
                0x0000000008005186       0x1c Drivers/STM32F1xx_HAL_Driver/Src/stm32f1xx_hal_cortex.o
                0x0000000008005186                HAL_NVIC_EnableIRQ
 *fill*         0x00000000080051a2        0x2 
 .text.HAL_DMA_Init
                0x00000000080051a4       0xec Drivers/STM32F1xx_HAL_Driver/Src/stm32f1xx_hal_dma.o
                0x00000000080051a4                HAL_DMA_Init
 .text.HAL_DMA_Start_IT
                0x0000000008005290       0xbe Drivers/STM32F1xx_HAL_Driver/Src/stm32f1xx_hal_dma.o
                0x0000000008005290                HAL_DMA_Start_IT
 .text.HAL_DMA_Abort
                0x000000000800534e       0x74 Drivers/STM32F1xx_HAL_Driver/Src/stm32f1xx_hal_dma.o
                0x000000000800534e                HAL_DMA_Abort
 *fill*         0x00000000080053c2        0x2 
 .text.HAL_DMA_Abort_IT
                0x00000000080053c4      0x210 Drivers/STM32F1xx_HAL_Driver/Src/stm32f1xx_hal_dma.o
                0x00000000080053c4                HAL_DMA_Abort_IT
 .text.HAL_DMA_IRQHandler
                0x00000000080055d4      0x478 Drivers/STM32F1xx_HAL_Driver/Src/stm32f1xx_hal_dma.o
                0x00000000080055d4                HAL_DMA_IRQHandler
 .text.HAL_DMA_GetState
                0x0000000008005a4c       0x18 Drivers/STM32F1xx_HAL_Driver/Src/stm32f1xx_hal_dma.o
                0x0000000008005a4c                HAL_DMA_GetState
 .text.DMA_SetConfig
                0x0000000008005a64       0x5a Drivers/STM32F1xx_HAL_Driver/Src/stm32f1xx_hal_dma.o
 *fill*         0x0000000008005abe        0x2 
 .text.HAL_GPIO_Init
                0x0000000008005ac0      0x308 Drivers/STM32F1xx_HAL_Driver/Src/stm32f1xx_hal_gpio.o
                0x0000000008005ac0                HAL_GPIO_Init
 .text.HAL_GPIO_ReadPin
                0x0000000008005dc8       0x2e Drivers/STM32F1xx_HAL_Driver/Src/stm32f1xx_hal_gpio.o
                0x0000000008005dc8                HAL_GPIO_ReadPin
 .text.HAL_GPIO_WritePin
                0x0000000008005df6       0x30 Drivers/STM32F1xx_HAL_Driver/Src/stm32f1xx_hal_gpio.o
                0x0000000008005df6                HAL_GPIO_WritePin
 *fill*         0x0000000008005e26        0x2 
 .text.HAL_I2C_Init
                0x0000000008005e28      0x288 Drivers/STM32F1xx_HAL_Driver/Src/stm32f1xx_hal_i2c.o
                0x0000000008005e28                HAL_I2C_Init
 .text.HAL_I2C_Master_Transmit_IT
                0x00000000080060b0      0x148 Drivers/STM32F1xx_HAL_Driver/Src/stm32f1xx_hal_i2c.o
                0x00000000080060b0                HAL_I2C_Master_Transmit_IT
 .text.HAL_I2C_Master_Receive_IT
                0x00000000080061f8      0x158 Drivers/STM32F1xx_HAL_Driver/Src/stm32f1xx_hal_i2c.o
                0x00000000080061f8                HAL_I2C_Master_Receive_IT
 .text.HAL_I2C_EV_IRQHandler
                0x0000000008006350      0x2e2 Drivers/STM32F1xx_HAL_Driver/Src/stm32f1xx_hal_i2c.o
                0x0000000008006350                HAL_I2C_EV_IRQHandler
 .text.HAL_I2C_ER_IRQHandler
                0x0000000008006632      0x15e Drivers/STM32F1xx_HAL_Driver/Src/stm32f1xx_hal_i2c.o
                0x0000000008006632                HAL_I2C_ER_IRQHandler
 .text.HAL_I2C_SlaveTxCpltCallback
                0x0000000008006790       0x12 Drivers/STM32F1xx_HAL_Driver/Src/stm32f1xx_hal_i2c.o
                0x0000000008006790                HAL_I2C_SlaveTxCpltCallback
 .text.HAL_I2C_SlaveRxCpltCallback
                0x00000000080067a2       0x12 Drivers/STM32F1xx_HAL_Driver/Src/stm32f1xx_hal_i2c.o
                0x00000000080067a2                HAL_I2C_SlaveRxCpltCallback
 .text.HAL_I2C_AddrCallback
                0x00000000080067b4       0x1a Drivers/STM32F1xx_HAL_Driver/Src/stm32f1xx_hal_i2c.o
                0x00000000080067b4                HAL_I2C_AddrCallback
 .text.HAL_I2C_ListenCpltCallback
                0x00000000080067ce       0x12 Drivers/STM32F1xx_HAL_Driver/Src/stm32f1xx_hal_i2c.o
                0x00000000080067ce                HAL_I2C_ListenCpltCallback
 .text.HAL_I2C_MemTxCpltCallback
                0x00000000080067e0       0x12 Drivers/STM32F1xx_HAL_Driver/Src/stm32f1xx_hal_i2c.o
                0x00000000080067e0                HAL_I2C_MemTxCpltCallback
 .text.HAL_I2C_MemRxCpltCallback
                0x00000000080067f2       0x12 Drivers/STM32F1xx_HAL_Driver/Src/stm32f1xx_hal_i2c.o
                0x00000000080067f2                HAL_I2C_MemRxCpltCallback
 .text.I2C_MasterTransmit_TXE
                0x0000000008006804      0x138 Drivers/STM32F1xx_HAL_Driver/Src/stm32f1xx_hal_i2c.o
 .text.I2C_MasterTransmit_BTF
                0x000000000800693c       0xec Drivers/STM32F1xx_HAL_Driver/Src/stm32f1xx_hal_i2c.o
 .text.I2C_MemoryTransmit_TXE_BTF
                0x0000000008006a28      0x128 Drivers/STM32F1xx_HAL_Driver/Src/stm32f1xx_hal_i2c.o
 .text.I2C_MasterReceive_RXNE
                0x0000000008006b50      0x162 Drivers/STM32F1xx_HAL_Driver/Src/stm32f1xx_hal_i2c.o
 .text.I2C_MasterReceive_BTF
                0x0000000008006cb2      0x1d4 Drivers/STM32F1xx_HAL_Driver/Src/stm32f1xx_hal_i2c.o
 .text.I2C_Master_SB
                0x0000000008006e86      0x10a Drivers/STM32F1xx_HAL_Driver/Src/stm32f1xx_hal_i2c.o
 .text.I2C_Master_ADD10
                0x0000000008006f90       0x52 Drivers/STM32F1xx_HAL_Driver/Src/stm32f1xx_hal_i2c.o
 .text.I2C_Master_ADDR
                0x0000000008006fe2      0x336 Drivers/STM32F1xx_HAL_Driver/Src/stm32f1xx_hal_i2c.o
 .text.I2C_SlaveTransmit_TXE
                0x0000000008007318       0x7a Drivers/STM32F1xx_HAL_Driver/Src/stm32f1xx_hal_i2c.o
 .text.I2C_SlaveTransmit_BTF
                0x0000000008007392       0x40 Drivers/STM32F1xx_HAL_Driver/Src/stm32f1xx_hal_i2c.o
 .text.I2C_SlaveReceive_RXNE
                0x00000000080073d2       0x7c Drivers/STM32F1xx_HAL_Driver/Src/stm32f1xx_hal_i2c.o
 .text.I2C_SlaveReceive_BTF
                0x000000000800744e       0x42 Drivers/STM32F1xx_HAL_Driver/Src/stm32f1xx_hal_i2c.o
 .text.I2C_Slave_ADDR
                0x0000000008007490       0x94 Drivers/STM32F1xx_HAL_Driver/Src/stm32f1xx_hal_i2c.o
 .text.I2C_Slave_STOPF
                0x0000000008007524      0x260 Drivers/STM32F1xx_HAL_Driver/Src/stm32f1xx_hal_i2c.o
 .text.I2C_Slave_AF
                0x0000000008007784       0xe0 Drivers/STM32F1xx_HAL_Driver/Src/stm32f1xx_hal_i2c.o
 .text.I2C_ITError
                0x0000000008007864      0x264 Drivers/STM32F1xx_HAL_Driver/Src/stm32f1xx_hal_i2c.o
 .text.I2C_DMAAbort
                0x0000000008007ac8      0x150 Drivers/STM32F1xx_HAL_Driver/Src/stm32f1xx_hal_i2c.o
 .text.I2C_WaitOnSTOPRequestThroughIT
                0x0000000008007c18       0x64 Drivers/STM32F1xx_HAL_Driver/Src/stm32f1xx_hal_i2c.o
 .text.I2C_ConvertOtherXferOptions
                0x0000000008007c7c       0x34 Drivers/STM32F1xx_HAL_Driver/Src/stm32f1xx_hal_i2c.o
 .text.HAL_PWR_EnableBkUpAccess
                0x0000000008007cb0       0x18 Drivers/STM32F1xx_HAL_Driver/Src/stm32f1xx_hal_pwr.o
                0x0000000008007cb0                HAL_PWR_EnableBkUpAccess
 .text.HAL_RCC_OscConfig
                0x0000000008007cc8      0x62c Drivers/STM32F1xx_HAL_Driver/Src/stm32f1xx_hal_rcc.o
                0x0000000008007cc8                HAL_RCC_OscConfig
 .text.HAL_RCC_ClockConfig
                0x00000000080082f4      0x1d4 Drivers/STM32F1xx_HAL_Driver/Src/stm32f1xx_hal_rcc.o
                0x00000000080082f4                HAL_RCC_ClockConfig
 .text.HAL_RCC_GetSysClockFreq
                0x00000000080084c8      0x1c8 Drivers/STM32F1xx_HAL_Driver/Src/stm32f1xx_hal_rcc.o
                0x00000000080084c8                HAL_RCC_GetSysClockFreq
 .text.HAL_RCC_GetHCLKFreq
                0x0000000008008690       0x14 Drivers/STM32F1xx_HAL_Driver/Src/stm32f1xx_hal_rcc.o
                0x0000000008008690                HAL_RCC_GetHCLKFreq
 .text.HAL_RCC_GetPCLK1Freq
                0x00000000080086a4       0x28 Drivers/STM32F1xx_HAL_Driver/Src/stm32f1xx_hal_rcc.o
                0x00000000080086a4                HAL_RCC_GetPCLK1Freq
 .text.HAL_RCC_GetPCLK2Freq
                0x00000000080086cc       0x28 Drivers/STM32F1xx_HAL_Driver/Src/stm32f1xx_hal_rcc.o
                0x00000000080086cc                HAL_RCC_GetPCLK2Freq
 .text.HAL_RCC_GetClockConfig
                0x00000000080086f4       0x60 Drivers/STM32F1xx_HAL_Driver/Src/stm32f1xx_hal_rcc.o
                0x00000000080086f4                HAL_RCC_GetClockConfig
 .text.RCC_Delay
                0x0000000008008754       0x3c Drivers/STM32F1xx_HAL_Driver/Src/stm32f1xx_hal_rcc.o
 .text.HAL_RCCEx_PeriphCLKConfig
                0x0000000008008790      0x264 Drivers/STM32F1xx_HAL_Driver/Src/stm32f1xx_hal_rcc_ex.o
                0x0000000008008790                HAL_RCCEx_PeriphCLKConfig
 .text.HAL_RCCEx_GetPeriphCLKFreq
                0x00000000080089f4      0x2c8 Drivers/STM32F1xx_HAL_Driver/Src/stm32f1xx_hal_rcc_ex.o
                0x00000000080089f4                HAL_RCCEx_GetPeriphCLKFreq
 .text.HAL_RTC_Init
                0x0000000008008cbc      0x12c Drivers/STM32F1xx_HAL_Driver/Src/stm32f1xx_hal_rtc.o
                0x0000000008008cbc                HAL_RTC_Init
 .text.HAL_RTC_SetTime
                0x0000000008008de8      0x12e Drivers/STM32F1xx_HAL_Driver/Src/stm32f1xx_hal_rtc.o
                0x0000000008008de8                HAL_RTC_SetTime
 *fill*         0x0000000008008f16        0x2 
 .text.HAL_RTC_SetDate
                0x0000000008008f18      0x16c Drivers/STM32F1xx_HAL_Driver/Src/stm32f1xx_hal_rtc.o
                0x0000000008008f18                HAL_RTC_SetDate
 .text.HAL_RTC_WaitForSynchro
                0x0000000008009084       0x5a Drivers/STM32F1xx_HAL_Driver/Src/stm32f1xx_hal_rtc.o
                0x0000000008009084                HAL_RTC_WaitForSynchro
 .text.RTC_ReadTimeCounter
                0x00000000080090de       0x60 Drivers/STM32F1xx_HAL_Driver/Src/stm32f1xx_hal_rtc.o
 .text.RTC_WriteTimeCounter
                0x000000000800913e       0x4e Drivers/STM32F1xx_HAL_Driver/Src/stm32f1xx_hal_rtc.o
 .text.RTC_ReadAlarmCounter
                0x000000000800918c       0x32 Drivers/STM32F1xx_HAL_Driver/Src/stm32f1xx_hal_rtc.o
 .text.RTC_WriteAlarmCounter
                0x00000000080091be       0x4e Drivers/STM32F1xx_HAL_Driver/Src/stm32f1xx_hal_rtc.o
 .text.RTC_EnterInitMode
                0x000000000800920c       0x50 Drivers/STM32F1xx_HAL_Driver/Src/stm32f1xx_hal_rtc.o
 .text.RTC_ExitInitMode
                0x000000000800925c       0x50 Drivers/STM32F1xx_HAL_Driver/Src/stm32f1xx_hal_rtc.o
 .text.RTC_Bcd2ToByte
                0x00000000080092ac       0x3a Drivers/STM32F1xx_HAL_Driver/Src/stm32f1xx_hal_rtc.o
 *fill*         0x00000000080092e6        0x2 
 .text.RTC_WeekDayNum
                0x00000000080092e8       0xf0 Drivers/STM32F1xx_HAL_Driver/Src/stm32f1xx_hal_rtc.o
 .text.HAL_TIM_Base_Init
                0x00000000080093d8       0x9e Drivers/STM32F1xx_HAL_Driver/Src/stm32f1xx_hal_tim.o
                0x00000000080093d8                HAL_TIM_Base_Init
 .text.HAL_TIM_Base_MspInit
                0x0000000008009476       0x12 Drivers/STM32F1xx_HAL_Driver/Src/stm32f1xx_hal_tim.o
                0x0000000008009476                HAL_TIM_Base_MspInit
 .text.HAL_TIM_Base_Start_IT
                0x0000000008009488       0xb4 Drivers/STM32F1xx_HAL_Driver/Src/stm32f1xx_hal_tim.o
                0x0000000008009488                HAL_TIM_Base_Start_IT
 .text.HAL_TIM_IRQHandler
                0x000000000800953c      0x210 Drivers/STM32F1xx_HAL_Driver/Src/stm32f1xx_hal_tim.o
                0x000000000800953c                HAL_TIM_IRQHandler
 .text.HAL_TIM_OC_DelayElapsedCallback
                0x000000000800974c       0x12 Drivers/STM32F1xx_HAL_Driver/Src/stm32f1xx_hal_tim.o
                0x000000000800974c                HAL_TIM_OC_DelayElapsedCallback
 .text.HAL_TIM_IC_CaptureCallback
                0x000000000800975e       0x12 Drivers/STM32F1xx_HAL_Driver/Src/stm32f1xx_hal_tim.o
                0x000000000800975e                HAL_TIM_IC_CaptureCallback
 .text.HAL_TIM_PWM_PulseFinishedCallback
                0x0000000008009770       0x12 Drivers/STM32F1xx_HAL_Driver/Src/stm32f1xx_hal_tim.o
                0x0000000008009770                HAL_TIM_PWM_PulseFinishedCallback
 .text.HAL_TIM_TriggerCallback
                0x0000000008009782       0x12 Drivers/STM32F1xx_HAL_Driver/Src/stm32f1xx_hal_tim.o
                0x0000000008009782                HAL_TIM_TriggerCallback
 .text.TIM_Base_SetConfig
                0x0000000008009794       0xd8 Drivers/STM32F1xx_HAL_Driver/Src/stm32f1xx_hal_tim.o
                0x0000000008009794                TIM_Base_SetConfig
 .text.HAL_TIMEx_CommutCallback
                0x000000000800986c       0x12 Drivers/STM32F1xx_HAL_Driver/Src/stm32f1xx_hal_tim_ex.o
                0x000000000800986c                HAL_TIMEx_CommutCallback
 .text.HAL_TIMEx_BreakCallback
                0x000000000800987e       0x12 Drivers/STM32F1xx_HAL_Driver/Src/stm32f1xx_hal_tim_ex.o
                0x000000000800987e                HAL_TIMEx_BreakCallback
 .text.HAL_UART_Init
                0x0000000008009890       0xb4 Drivers/STM32F1xx_HAL_Driver/Src/stm32f1xx_hal_uart.o
                0x0000000008009890                HAL_UART_Init
 .text.HAL_UART_RegisterCallback
                0x0000000008009944      0x14c Drivers/STM32F1xx_HAL_Driver/Src/stm32f1xx_hal_uart.o
                0x0000000008009944                HAL_UART_RegisterCallback
 .text.HAL_UART_Transmit
                0x0000000008009a90      0x124 Drivers/STM32F1xx_HAL_Driver/Src/stm32f1xx_hal_uart.o
                0x0000000008009a90                HAL_UART_Transmit
 .text.HAL_UART_Transmit_IT
                0x0000000008009bb4       0x88 Drivers/STM32F1xx_HAL_Driver/Src/stm32f1xx_hal_uart.o
                0x0000000008009bb4                HAL_UART_Transmit_IT
 .text.HAL_UARTEx_ReceiveToIdle_IT
                0x0000000008009c3c       0x9e Drivers/STM32F1xx_HAL_Driver/Src/stm32f1xx_hal_uart.o
                0x0000000008009c3c                HAL_UARTEx_ReceiveToIdle_IT
 .text.HAL_UARTEx_ReceiveToIdle_DMA
                0x0000000008009cda       0x9e Drivers/STM32F1xx_HAL_Driver/Src/stm32f1xx_hal_uart.o
                0x0000000008009cda                HAL_UARTEx_ReceiveToIdle_DMA
 .text.HAL_UART_IRQHandler
                0x0000000008009d78      0x360 Drivers/STM32F1xx_HAL_Driver/Src/stm32f1xx_hal_uart.o
                0x0000000008009d78                HAL_UART_IRQHandler
 .text.HAL_UART_TxCpltCallback
                0x000000000800a0d8       0x12 Drivers/STM32F1xx_HAL_Driver/Src/stm32f1xx_hal_uart.o
                0x000000000800a0d8                HAL_UART_TxCpltCallback
 .text.HAL_UART_TxHalfCpltCallback
                0x000000000800a0ea       0x12 Drivers/STM32F1xx_HAL_Driver/Src/stm32f1xx_hal_uart.o
                0x000000000800a0ea                HAL_UART_TxHalfCpltCallback
 .text.HAL_UART_RxCpltCallback
                0x000000000800a0fc       0x12 Drivers/STM32F1xx_HAL_Driver/Src/stm32f1xx_hal_uart.o
                0x000000000800a0fc                HAL_UART_RxCpltCallback
 .text.HAL_UART_RxHalfCpltCallback
                0x000000000800a10e       0x12 Drivers/STM32F1xx_HAL_Driver/Src/stm32f1xx_hal_uart.o
                0x000000000800a10e                HAL_UART_RxHalfCpltCallback
 .text.HAL_UART_ErrorCallback
                0x000000000800a120       0x12 Drivers/STM32F1xx_HAL_Driver/Src/stm32f1xx_hal_uart.o
                0x000000000800a120                HAL_UART_ErrorCallback
 .text.HAL_UART_AbortCpltCallback
                0x000000000800a132       0x12 Drivers/STM32F1xx_HAL_Driver/Src/stm32f1xx_hal_uart.o
                0x000000000800a132                HAL_UART_AbortCpltCallback
 .text.HAL_UART_AbortTransmitCpltCallback
                0x000000000800a144       0x12 Drivers/STM32F1xx_HAL_Driver/Src/stm32f1xx_hal_uart.o
                0x000000000800a144                HAL_UART_AbortTransmitCpltCallback
 .text.HAL_UART_AbortReceiveCpltCallback
                0x000000000800a156       0x12 Drivers/STM32F1xx_HAL_Driver/Src/stm32f1xx_hal_uart.o
                0x000000000800a156                HAL_UART_AbortReceiveCpltCallback
 .text.HAL_UARTEx_RxEventCallback
                0x000000000800a168       0x16 Drivers/STM32F1xx_HAL_Driver/Src/stm32f1xx_hal_uart.o
                0x000000000800a168                HAL_UARTEx_RxEventCallback
 *fill*         0x000000000800a17e        0x2 
 .text.UART_InitCallbacksToDefault
                0x000000000800a180       0x6c Drivers/STM32F1xx_HAL_Driver/Src/stm32f1xx_hal_uart.o
                0x000000000800a180                UART_InitCallbacksToDefault
 .text.UART_DMAReceiveCplt
                0x000000000800a1ec       0x9a Drivers/STM32F1xx_HAL_Driver/Src/stm32f1xx_hal_uart.o
 .text.UART_DMARxHalfCplt
                0x000000000800a286       0x3a Drivers/STM32F1xx_HAL_Driver/Src/stm32f1xx_hal_uart.o
 .text.UART_DMAError
                0x000000000800a2c0       0x96 Drivers/STM32F1xx_HAL_Driver/Src/stm32f1xx_hal_uart.o
 .text.UART_WaitOnFlagUntilTimeout
                0x000000000800a356       0x94 Drivers/STM32F1xx_HAL_Driver/Src/stm32f1xx_hal_uart.o
 .text.UART_Start_Receive_IT
                0x000000000800a3ea       0x72 Drivers/STM32F1xx_HAL_Driver/Src/stm32f1xx_hal_uart.o
                0x000000000800a3ea                UART_Start_Receive_IT
 .text.UART_Start_Receive_DMA
                0x000000000800a45c       0xc8 Drivers/STM32F1xx_HAL_Driver/Src/stm32f1xx_hal_uart.o
                0x000000000800a45c                UART_Start_Receive_DMA
 .text.UART_EndTxTransfer
                0x000000000800a524       0x2a Drivers/STM32F1xx_HAL_Driver/Src/stm32f1xx_hal_uart.o
 .text.UART_EndRxTransfer
                0x000000000800a54e       0x58 Drivers/STM32F1xx_HAL_Driver/Src/stm32f1xx_hal_uart.o
 .text.UART_DMAAbortOnError
                0x000000000800a5a6       0x2a Drivers/STM32F1xx_HAL_Driver/Src/stm32f1xx_hal_uart.o
 .text.UART_Transmit_IT
                0x000000000800a5d0       0x9e Drivers/STM32F1xx_HAL_Driver/Src/stm32f1xx_hal_uart.o
 .text.UART_EndTransmit_IT
                0x000000000800a66e       0x32 Drivers/STM32F1xx_HAL_Driver/Src/stm32f1xx_hal_uart.o
 .text.UART_Receive_IT
                0x000000000800a6a0      0x156 Drivers/STM32F1xx_HAL_Driver/Src/stm32f1xx_hal_uart.o
 *fill*         0x000000000800a7f6        0x2 
 .text.UART_SetConfig
                0x000000000800a7f8      0x11c Drivers/STM32F1xx_HAL_Driver/Src/stm32f1xx_hal_uart.o
 .text.makeFreeRtosPriority
                0x000000000800a914       0x2e Middlewares/Third_Party/FreeRTOS/Source/CMSIS_RTOS/cmsis_os.o
 .text.inHandlerMode
                0x000000000800a942       0x22 Middlewares/Third_Party/FreeRTOS/Source/CMSIS_RTOS/cmsis_os.o
 .text.osKernelStart
                0x000000000800a964        0xe Middlewares/Third_Party/FreeRTOS/Source/CMSIS_RTOS/cmsis_os.o
                0x000000000800a964                osKernelStart
 .text.osKernelSysTick
                0x000000000800a972       0x20 Middlewares/Third_Party/FreeRTOS/Source/CMSIS_RTOS/cmsis_os.o
                0x000000000800a972                osKernelSysTick
 .text.osThreadCreate
                0x000000000800a992       0x98 Middlewares/Third_Party/FreeRTOS/Source/CMSIS_RTOS/cmsis_os.o
                0x000000000800a992                osThreadCreate
 .text.osDelay  0x000000000800aa2a       0x28 Middlewares/Third_Party/FreeRTOS/Source/CMSIS_RTOS/cmsis_os.o
                0x000000000800aa2a                osDelay
 *fill*         0x000000000800aa52        0x2 
 .text.osTimerCreate
                0x000000000800aa54       0x68 Middlewares/Third_Party/FreeRTOS/Source/CMSIS_RTOS/cmsis_os.o
                0x000000000800aa54                osTimerCreate
 .text.vListInitialise
                0x000000000800aabc       0x3e Middlewares/Third_Party/FreeRTOS/Source/list.o
                0x000000000800aabc                vListInitialise
 .text.vListInitialiseItem
                0x000000000800aafa       0x18 Middlewares/Third_Party/FreeRTOS/Source/list.o
                0x000000000800aafa                vListInitialiseItem
 .text.vListInsertEnd
                0x000000000800ab12       0x46 Middlewares/Third_Party/FreeRTOS/Source/list.o
                0x000000000800ab12                vListInsertEnd
 .text.vListInsert
                0x000000000800ab58       0x70 Middlewares/Third_Party/FreeRTOS/Source/list.o
                0x000000000800ab58                vListInsert
 .text.uxListRemove
                0x000000000800abc8       0x52 Middlewares/Third_Party/FreeRTOS/Source/list.o
                0x000000000800abc8                uxListRemove
 *fill*         0x000000000800ac1a        0x2 
 .text.xQueueGenericReset
                0x000000000800ac1c       0xd0 Middlewares/Third_Party/FreeRTOS/Source/queue.o
                0x000000000800ac1c                xQueueGenericReset
 .text.xQueueGenericCreateStatic
                0x000000000800acec       0xee Middlewares/Third_Party/FreeRTOS/Source/queue.o
                0x000000000800acec                xQueueGenericCreateStatic
 .text.xQueueGenericCreate
                0x000000000800adda       0x7c Middlewares/Third_Party/FreeRTOS/Source/queue.o
                0x000000000800adda                xQueueGenericCreate
 .text.prvInitialiseNewQueue
                0x000000000800ae56       0x3e Middlewares/Third_Party/FreeRTOS/Source/queue.o
 .text.xQueueGenericSend
                0x000000000800ae94      0x1fc Middlewares/Third_Party/FreeRTOS/Source/queue.o
                0x000000000800ae94                xQueueGenericSend
 .text.xQueueGenericSendFromISR
                0x000000000800b090      0x130 Middlewares/Third_Party/FreeRTOS/Source/queue.o
                0x000000000800b090                xQueueGenericSendFromISR
 .text.xQueueReceive
                0x000000000800b1c0      0x1c0 Middlewares/Third_Party/FreeRTOS/Source/queue.o
                0x000000000800b1c0                xQueueReceive
 .text.prvCopyDataToQueue
                0x000000000800b380       0xd4 Middlewares/Third_Party/FreeRTOS/Source/queue.o
 .text.prvCopyDataFromQueue
                0x000000000800b454       0x4c Middlewares/Third_Party/FreeRTOS/Source/queue.o
 .text.prvUnlockQueue
                0x000000000800b4a0       0xa4 Middlewares/Third_Party/FreeRTOS/Source/queue.o
 .text.prvIsQueueEmpty
                0x000000000800b544       0x2c Middlewares/Third_Party/FreeRTOS/Source/queue.o
 .text.prvIsQueueFull
                0x000000000800b570       0x30 Middlewares/Third_Party/FreeRTOS/Source/queue.o
 .text.vQueueAddToRegistry
                0x000000000800b5a0       0x50 Middlewares/Third_Party/FreeRTOS/Source/queue.o
                0x000000000800b5a0                vQueueAddToRegistry
 .text.vQueueWaitForMessageRestricted
                0x000000000800b5f0       0x68 Middlewares/Third_Party/FreeRTOS/Source/queue.o
                0x000000000800b5f0                vQueueWaitForMessageRestricted
 .text.xStreamBufferGenericCreate
                0x000000000800b658       0x86 Middlewares/Third_Party/FreeRTOS/Source/stream_buffer.o
                0x000000000800b658                xStreamBufferGenericCreate
 .text.xStreamBufferSpacesAvailable
                0x000000000800b6de       0x64 Middlewares/Third_Party/FreeRTOS/Source/stream_buffer.o
                0x000000000800b6de                xStreamBufferSpacesAvailable
 .text.xStreamBufferSend
                0x000000000800b742      0x14e Middlewares/Third_Party/FreeRTOS/Source/stream_buffer.o
                0x000000000800b742                xStreamBufferSend
 .text.prvWriteMessageToBuffer
                0x000000000800b890       0x7a Middlewares/Third_Party/FreeRTOS/Source/stream_buffer.o
 .text.xStreamBufferReceive
                0x000000000800b90a      0x12c Middlewares/Third_Party/FreeRTOS/Source/stream_buffer.o
                0x000000000800b90a                xStreamBufferReceive
 .text.prvReadMessageFromBuffer
                0x000000000800ba36       0x60 Middlewares/Third_Party/FreeRTOS/Source/stream_buffer.o
 .text.prvWriteBytesToBuffer
                0x000000000800ba96       0xe4 Middlewares/Third_Party/FreeRTOS/Source/stream_buffer.o
 .text.prvReadBytesFromBuffer
                0x000000000800bb7a       0xf4 Middlewares/Third_Party/FreeRTOS/Source/stream_buffer.o
 .text.prvBytesInBuffer
                0x000000000800bc6e       0x3e Middlewares/Third_Party/FreeRTOS/Source/stream_buffer.o
 .text.prvInitialiseNewStreamBuffer
                0x000000000800bcac       0x72 Middlewares/Third_Party/FreeRTOS/Source/stream_buffer.o
 .text.xTaskCreateStatic
                0x000000000800bd1e       0xb8 Middlewares/Third_Party/FreeRTOS/Source/tasks.o
                0x000000000800bd1e                xTaskCreateStatic
 .text.xTaskCreate
                0x000000000800bdd6       0x8a Middlewares/Third_Party/FreeRTOS/Source/tasks.o
                0x000000000800bdd6                xTaskCreate
 .text.prvInitialiseNewTask
                0x000000000800be60      0x10e Middlewares/Third_Party/FreeRTOS/Source/tasks.o
 *fill*         0x000000000800bf6e        0x2 
 .text.prvAddNewTaskToReadyList
                0x000000000800bf70       0xd4 Middlewares/Third_Party/FreeRTOS/Source/tasks.o
 .text.vTaskDelay
                0x000000000800c044       0x68 Middlewares/Third_Party/FreeRTOS/Source/tasks.o
                0x000000000800c044                vTaskDelay
 .text.vTaskStartScheduler
                0x000000000800c0ac       0xcc Middlewares/Third_Party/FreeRTOS/Source/tasks.o
                0x000000000800c0ac                vTaskStartScheduler
 .text.vTaskSuspendAll
                0x000000000800c178       0x1c Middlewares/Third_Party/FreeRTOS/Source/tasks.o
                0x000000000800c178                vTaskSuspendAll
 .text.xTaskResumeAll
                0x000000000800c194      0x138 Middlewares/Third_Party/FreeRTOS/Source/tasks.o
                0x000000000800c194                xTaskResumeAll
 .text.xTaskGetTickCount
                0x000000000800c2cc       0x1c Middlewares/Third_Party/FreeRTOS/Source/tasks.o
                0x000000000800c2cc                xTaskGetTickCount
 .text.xTaskGetTickCountFromISR
                0x000000000800c2e8       0x24 Middlewares/Third_Party/FreeRTOS/Source/tasks.o
                0x000000000800c2e8                xTaskGetTickCountFromISR
 .text.xTaskIncrementTick
                0x000000000800c30c      0x17c Middlewares/Third_Party/FreeRTOS/Source/tasks.o
                0x000000000800c30c                xTaskIncrementTick
 .text.vTaskSwitchContext
                0x000000000800c488       0xb4 Middlewares/Third_Party/FreeRTOS/Source/tasks.o
                0x000000000800c488                vTaskSwitchContext
 .text.vTaskPlaceOnEventList
                0x000000000800c53c       0x48 Middlewares/Third_Party/FreeRTOS/Source/tasks.o
                0x000000000800c53c                vTaskPlaceOnEventList
 .text.vTaskPlaceOnEventListRestricted
                0x000000000800c584       0x58 Middlewares/Third_Party/FreeRTOS/Source/tasks.o
                0x000000000800c584                vTaskPlaceOnEventListRestricted
 .text.xTaskRemoveFromEventList
                0x000000000800c5dc       0xc4 Middlewares/Third_Party/FreeRTOS/Source/tasks.o
                0x000000000800c5dc                xTaskRemoveFromEventList
 .text.vTaskSetTimeOutState
                0x000000000800c6a0       0x4c Middlewares/Third_Party/FreeRTOS/Source/tasks.o
                0x000000000800c6a0                vTaskSetTimeOutState
 .text.vTaskInternalSetTimeOutState
                0x000000000800c6ec       0x2c Middlewares/Third_Party/FreeRTOS/Source/tasks.o
                0x000000000800c6ec                vTaskInternalSetTimeOutState
 .text.xTaskCheckForTimeOut
                0x000000000800c718       0xc4 Middlewares/Third_Party/FreeRTOS/Source/tasks.o
                0x000000000800c718                xTaskCheckForTimeOut
 .text.vTaskMissedYield
                0x000000000800c7dc       0x18 Middlewares/Third_Party/FreeRTOS/Source/tasks.o
                0x000000000800c7dc                vTaskMissedYield
 .text.prvIdleTask
                0x000000000800c7f4       0x30 Middlewares/Third_Party/FreeRTOS/Source/tasks.o
 .text.prvInitialiseTaskLists
                0x000000000800c824       0x80 Middlewares/Third_Party/FreeRTOS/Source/tasks.o
 .text.prvCheckTasksWaitingTermination
                0x000000000800c8a4       0x5c Middlewares/Third_Party/FreeRTOS/Source/tasks.o
 .text.prvDeleteTCB
                0x000000000800c900       0x5e Middlewares/Third_Party/FreeRTOS/Source/tasks.o
 *fill*         0x000000000800c95e        0x2 
 .text.prvResetNextTaskUnblockTime
                0x000000000800c960       0x48 Middlewares/Third_Party/FreeRTOS/Source/tasks.o
 .text.xTaskGetCurrentTaskHandle
                0x000000000800c9a8       0x1c Middlewares/Third_Party/FreeRTOS/Source/tasks.o
                0x000000000800c9a8                xTaskGetCurrentTaskHandle
 .text.xTaskGetSchedulerState
                0x000000000800c9c4       0x3c Middlewares/Third_Party/FreeRTOS/Source/tasks.o
                0x000000000800c9c4                xTaskGetSchedulerState
 .text.xTaskPriorityDisinherit
                0x000000000800ca00      0x10c Middlewares/Third_Party/FreeRTOS/Source/tasks.o
                0x000000000800ca00                xTaskPriorityDisinherit
 .text.xTaskNotifyWait
                0x000000000800cb0c       0xb4 Middlewares/Third_Party/FreeRTOS/Source/tasks.o
                0x000000000800cb0c                xTaskNotifyWait
 .text.xTaskGenericNotify
                0x000000000800cbc0      0x148 Middlewares/Third_Party/FreeRTOS/Source/tasks.o
                0x000000000800cbc0                xTaskGenericNotify
 .text.xTaskNotifyStateClear
                0x000000000800cd08       0x4c Middlewares/Third_Party/FreeRTOS/Source/tasks.o
                0x000000000800cd08                xTaskNotifyStateClear
 .text.prvAddCurrentTaskToDelayedList
                0x000000000800cd54       0xcc Middlewares/Third_Party/FreeRTOS/Source/tasks.o
 .text.xTimerCreateTimerTask
                0x000000000800ce20       0x90 Middlewares/Third_Party/FreeRTOS/Source/timers.o
                0x000000000800ce20                xTimerCreateTimerTask
 .text.xTimerCreate
                0x000000000800ceb0       0x42 Middlewares/Third_Party/FreeRTOS/Source/timers.o
                0x000000000800ceb0                xTimerCreate
 .text.xTimerCreateStatic
                0x000000000800cef2       0x7a Middlewares/Third_Party/FreeRTOS/Source/timers.o
                0x000000000800cef2                xTimerCreateStatic
 .text.prvInitialiseNewTimer
                0x000000000800cf6c       0x64 Middlewares/Third_Party/FreeRTOS/Source/timers.o
 .text.xTimerGenericCommand
                0x000000000800cfd0       0x9c Middlewares/Third_Party/FreeRTOS/Source/timers.o
                0x000000000800cfd0                xTimerGenericCommand
 .text.prvProcessExpiredTimer
                0x000000000800d06c       0x80 Middlewares/Third_Party/FreeRTOS/Source/timers.o
 .text.prvTimerTask
                0x000000000800d0ec       0x24 Middlewares/Third_Party/FreeRTOS/Source/timers.o
 .text.prvProcessTimerOrBlockTask
                0x000000000800d110       0x9c Middlewares/Third_Party/FreeRTOS/Source/timers.o
 .text.prvGetNextExpireTime
                0x000000000800d1ac       0x48 Middlewares/Third_Party/FreeRTOS/Source/timers.o
 .text.prvSampleTimeNow
                0x000000000800d1f4       0x40 Middlewares/Third_Party/FreeRTOS/Source/timers.o
 .text.prvInsertTimerInActiveList
                0x000000000800d234       0x84 Middlewares/Third_Party/FreeRTOS/Source/timers.o
 .text.prvProcessReceivedCommands
                0x000000000800d2b8      0x134 Middlewares/Third_Party/FreeRTOS/Source/timers.o
 .text.prvSwitchTimerLists
                0x000000000800d3ec       0xc4 Middlewares/Third_Party/FreeRTOS/Source/timers.o
 .text.prvCheckForValidListAndQueue
                0x000000000800d4b0       0x80 Middlewares/Third_Party/FreeRTOS/Source/timers.o
 .text.pxPortInitialiseStack
                0x000000000800d530       0x58 Middlewares/Third_Party/FreeRTOS/Source/portable/GCC/ARM_CM3/port.o
                0x000000000800d530                pxPortInitialiseStack
 .text.prvTaskExitError
                0x000000000800d588       0x58 Middlewares/Third_Party/FreeRTOS/Source/portable/GCC/ARM_CM3/port.o
 .text.SVC_Handler
                0x000000000800d5e0       0x28 Middlewares/Third_Party/FreeRTOS/Source/portable/GCC/ARM_CM3/port.o
                0x000000000800d5e0                SVC_Handler
 .text.prvPortStartFirstTask
                0x000000000800d608       0x20 Middlewares/Third_Party/FreeRTOS/Source/portable/GCC/ARM_CM3/port.o
 .text.xPortStartScheduler
                0x000000000800d628       0xe4 Middlewares/Third_Party/FreeRTOS/Source/portable/GCC/ARM_CM3/port.o
                0x000000000800d628                xPortStartScheduler
 .text.vPortEnterCritical
                0x000000000800d70c       0x60 Middlewares/Third_Party/FreeRTOS/Source/portable/GCC/ARM_CM3/port.o
                0x000000000800d70c                vPortEnterCritical
 .text.vPortExitCritical
                0x000000000800d76c       0x50 Middlewares/Third_Party/FreeRTOS/Source/portable/GCC/ARM_CM3/port.o
                0x000000000800d76c                vPortExitCritical
 *fill*         0x000000000800d7bc        0x4 
 .text.PendSV_Handler
                0x000000000800d7c0       0x48 Middlewares/Third_Party/FreeRTOS/Source/portable/GCC/ARM_CM3/port.o
                0x000000000800d7c0                PendSV_Handler
 .text.SysTick_Handler
                0x000000000800d808       0x44 Middlewares/Third_Party/FreeRTOS/Source/portable/GCC/ARM_CM3/port.o
                0x000000000800d808                SysTick_Handler
 .text.vPortSetupTimerInterrupt
                0x000000000800d84c       0x44 Middlewares/Third_Party/FreeRTOS/Source/portable/GCC/ARM_CM3/port.o
                0x000000000800d84c                vPortSetupTimerInterrupt
 .text.vPortValidateInterruptPriority
                0x000000000800d890       0x7c Middlewares/Third_Party/FreeRTOS/Source/portable/GCC/ARM_CM3/port.o
                0x000000000800d890                vPortValidateInterruptPriority
 .text.pvPortMalloc
                0x000000000800d90c      0x188 Middlewares/Third_Party/FreeRTOS/Source/portable/MemMang/heap_4.o
                0x000000000800d90c                pvPortMalloc
 .text.vPortFree
                0x000000000800da94       0xb4 Middlewares/Third_Party/FreeRTOS/Source/portable/MemMang/heap_4.o
                0x000000000800da94                vPortFree
 .text.prvHeapInit
                0x000000000800db48       0xc4 Middlewares/Third_Party/FreeRTOS/Source/portable/MemMang/heap_4.o
 .text.prvInsertBlockIntoFreeList
                0x000000000800dc0c       0xb0 Middlewares/Third_Party/FreeRTOS/Source/portable/MemMang/heap_4.o
 .text.__assert_func
                0x000000000800dcbc       0x3c c:/st/stm32cubeide_1.6.1/stm32cubeide/plugins/com.st.stm32cube.ide.mcu.externaltools.gnu-tools-for-stm32.9-2020-q2-update.win32_1.5.0.202011040924/tools/bin/../lib/gcc/arm-none-eabi/9.3.1/../../../../arm-none-eabi/lib/thumb/v7-m/nofp\libc_nano.a(lib_a-assert.o)
                0x000000000800dcbc                __assert_func
 .text.__errno  0x000000000800dcf8        0xc c:/st/stm32cubeide_1.6.1/stm32cubeide/plugins/com.st.stm32cube.ide.mcu.externaltools.gnu-tools-for-stm32.9-2020-q2-update.win32_1.5.0.202011040924/tools/bin/../lib/gcc/arm-none-eabi/9.3.1/../../../../arm-none-eabi/lib/thumb/v7-m/nofp\libc_nano.a(lib_a-errno.o)
                0x000000000800dcf8                __errno
 .text.fprintf  0x000000000800dd04       0x24 c:/st/stm32cubeide_1.6.1/stm32cubeide/plugins/com.st.stm32cube.ide.mcu.externaltools.gnu-tools-for-stm32.9-2020-q2-update.win32_1.5.0.202011040924/tools/bin/../lib/gcc/arm-none-eabi/9.3.1/../../../../arm-none-eabi/lib/thumb/v7-m/nofp\libc_nano.a(lib_a-fprintf.o)
                0x000000000800dd04                fiprintf
                0x000000000800dd04                fprintf
 .text.__libc_init_array
                0x000000000800dd28       0x48 c:/st/stm32cubeide_1.6.1/stm32cubeide/plugins/com.st.stm32cube.ide.mcu.externaltools.gnu-tools-for-stm32.9-2020-q2-update.win32_1.5.0.202011040924/tools/bin/../lib/gcc/arm-none-eabi/9.3.1/../../../../arm-none-eabi/lib/thumb/v7-m/nofp\libc_nano.a(lib_a-init.o)
                0x000000000800dd28                __libc_init_array
 .text.memcpy   0x000000000800dd70       0x1c c:/st/stm32cubeide_1.6.1/stm32cubeide/plugins/com.st.stm32cube.ide.mcu.externaltools.gnu-tools-for-stm32.9-2020-q2-update.win32_1.5.0.202011040924/tools/bin/../lib/gcc/arm-none-eabi/9.3.1/../../../../arm-none-eabi/lib/thumb/v7-m/nofp\libc_nano.a(lib_a-memcpy-stub.o)
                0x000000000800dd70                memcpy
 .text.memset   0x000000000800dd8c       0x10 c:/st/stm32cubeide_1.6.1/stm32cubeide/plugins/com.st.stm32cube.ide.mcu.externaltools.gnu-tools-for-stm32.9-2020-q2-update.win32_1.5.0.202011040924/tools/bin/../lib/gcc/arm-none-eabi/9.3.1/../../../../arm-none-eabi/lib/thumb/v7-m/nofp\libc_nano.a(lib_a-memset.o)
                0x000000000800dd8c                memset
 .text.__sfputc_r
                0x000000000800dd9c       0x2a c:/st/stm32cubeide_1.6.1/stm32cubeide/plugins/com.st.stm32cube.ide.mcu.externaltools.gnu-tools-for-stm32.9-2020-q2-update.win32_1.5.0.202011040924/tools/bin/../lib/gcc/arm-none-eabi/9.3.1/../../../../arm-none-eabi/lib/thumb/v7-m/nofp\libc_nano.a(lib_a-nano-vfprintf.o)
 .text.__sfputs_r
                0x000000000800ddc6       0x24 c:/st/stm32cubeide_1.6.1/stm32cubeide/plugins/com.st.stm32cube.ide.mcu.externaltools.gnu-tools-for-stm32.9-2020-q2-update.win32_1.5.0.202011040924/tools/bin/../lib/gcc/arm-none-eabi/9.3.1/../../../../arm-none-eabi/lib/thumb/v7-m/nofp\libc_nano.a(lib_a-nano-vfprintf.o)
                0x000000000800ddc6                __sfputs_r
 *fill*         0x000000000800ddea        0x2 
 .text._vfprintf_r
                0x000000000800ddec      0x260 c:/st/stm32cubeide_1.6.1/stm32cubeide/plugins/com.st.stm32cube.ide.mcu.externaltools.gnu-tools-for-stm32.9-2020-q2-update.win32_1.5.0.202011040924/tools/bin/../lib/gcc/arm-none-eabi/9.3.1/../../../../arm-none-eabi/lib/thumb/v7-m/nofp\libc_nano.a(lib_a-nano-vfprintf.o)
                0x000000000800ddec                _vfprintf_r
                0x000000000800ddec                _vfiprintf_r
 .text.__cvt    0x000000000800e04c       0xbe c:/st/stm32cubeide_1.6.1/stm32cubeide/plugins/com.st.stm32cube.ide.mcu.externaltools.gnu-tools-for-stm32.9-2020-q2-update.win32_1.5.0.202011040924/tools/bin/../lib/gcc/arm-none-eabi/9.3.1/../../../../arm-none-eabi/lib/thumb/v7-m/nofp\libc_nano.a(lib_a-nano-vfprintf_float.o)
                0x000000000800e04c                __cvt
 .text.__exponent
                0x000000000800e10a       0x7c c:/st/stm32cubeide_1.6.1/stm32cubeide/plugins/com.st.stm32cube.ide.mcu.externaltools.gnu-tools-for-stm32.9-2020-q2-update.win32_1.5.0.202011040924/tools/bin/../lib/gcc/arm-none-eabi/9.3.1/../../../../arm-none-eabi/lib/thumb/v7-m/nofp\libc_nano.a(lib_a-nano-vfprintf_float.o)
                0x000000000800e10a                __exponent
 *fill*         0x000000000800e186        0x2 
 .text._printf_float
                0x000000000800e188      0x458 c:/st/stm32cubeide_1.6.1/stm32cubeide/plugins/com.st.stm32cube.ide.mcu.externaltools.gnu-tools-for-stm32.9-2020-q2-update.win32_1.5.0.202011040924/tools/bin/../lib/gcc/arm-none-eabi/9.3.1/../../../../arm-none-eabi/lib/thumb/v7-m/nofp\libc_nano.a(lib_a-nano-vfprintf_float.o)
                0x000000000800e188                _printf_float
 .text._printf_common
                0x000000000800e5e0       0xde c:/st/stm32cubeide_1.6.1/stm32cubeide/plugins/com.st.stm32cube.ide.mcu.externaltools.gnu-tools-for-stm32.9-2020-q2-update.win32_1.5.0.202011040924/tools/bin/../lib/gcc/arm-none-eabi/9.3.1/../../../../arm-none-eabi/lib/thumb/v7-m/nofp\libc_nano.a(lib_a-nano-vfprintf_i.o)
                0x000000000800e5e0                _printf_common
 *fill*         0x000000000800e6be        0x2 
 .text._printf_i
                0x000000000800e6c0      0x24c c:/st/stm32cubeide_1.6.1/stm32cubeide/plugins/com.st.stm32cube.ide.mcu.externaltools.gnu-tools-for-stm32.9-2020-q2-update.win32_1.5.0.202011040924/tools/bin/../lib/gcc/arm-none-eabi/9.3.1/../../../../arm-none-eabi/lib/thumb/v7-m/nofp\libc_nano.a(lib_a-nano-vfprintf_i.o)
                0x000000000800e6c0                _printf_i
 .text.printf   0x000000000800e90c       0x30 c:/st/stm32cubeide_1.6.1/stm32cubeide/plugins/com.st.stm32cube.ide.mcu.externaltools.gnu-tools-for-stm32.9-2020-q2-update.win32_1.5.0.202011040924/tools/bin/../lib/gcc/arm-none-eabi/9.3.1/../../../../arm-none-eabi/lib/thumb/v7-m/nofp\libc_nano.a(lib_a-printf.o)
                0x000000000800e90c                iprintf
                0x000000000800e90c                printf
 .text.snprintf
                0x000000000800e93c       0x68 c:/st/stm32cubeide_1.6.1/stm32cubeide/plugins/com.st.stm32cube.ide.mcu.externaltools.gnu-tools-for-stm32.9-2020-q2-update.win32_1.5.0.202011040924/tools/bin/../lib/gcc/arm-none-eabi/9.3.1/../../../../arm-none-eabi/lib/thumb/v7-m/nofp\libc_nano.a(lib_a-snprintf.o)
                0x000000000800e93c                sniprintf
                0x000000000800e93c                snprintf
 .text.strcpy   0x000000000800e9a4       0x10 c:/st/stm32cubeide_1.6.1/stm32cubeide/plugins/com.st.stm32cube.ide.mcu.externaltools.gnu-tools-for-stm32.9-2020-q2-update.win32_1.5.0.202011040924/tools/bin/../lib/gcc/arm-none-eabi/9.3.1/../../../../arm-none-eabi/lib/thumb/v7-m/nofp\libc_nano.a(lib_a-strcpy.o)
                0x000000000800e9a4                strcpy
 .text.strnlen  0x000000000800e9b4       0x1a c:/st/stm32cubeide_1.6.1/stm32cubeide/plugins/com.st.stm32cube.ide.mcu.externaltools.gnu-tools-for-stm32.9-2020-q2-update.win32_1.5.0.202011040924/tools/bin/../lib/gcc/arm-none-eabi/9.3.1/../../../../arm-none-eabi/lib/thumb/v7-m/nofp\libc_nano.a(lib_a-strnlen.o)
                0x000000000800e9b4                strnlen
 *fill*         0x000000000800e9ce        0x2 
 .text.__swbuf_r
                0x000000000800e9d0       0xa4 c:/st/stm32cubeide_1.6.1/stm32cubeide/plugins/com.st.stm32cube.ide.mcu.externaltools.gnu-tools-for-stm32.9-2020-q2-update.win32_1.5.0.202011040924/tools/bin/../lib/gcc/arm-none-eabi/9.3.1/../../../../arm-none-eabi/lib/thumb/v7-m/nofp\libc_nano.a(lib_a-wbuf.o)
                0x000000000800e9d0                __swbuf_r
 .text.__swsetup_r
                0x000000000800ea74       0xdc c:/st/stm32cubeide_1.6.1/stm32cubeide/plugins/com.st.stm32cube.ide.mcu.externaltools.gnu-tools-for-stm32.9-2020-q2-update.win32_1.5.0.202011040924/tools/bin/../lib/gcc/arm-none-eabi/9.3.1/../../../../arm-none-eabi/lib/thumb/v7-m/nofp\libc_nano.a(lib_a-wsetup.o)
                0x000000000800ea74                __swsetup_r
 .text.abort    0x000000000800eb50        0xe c:/st/stm32cubeide_1.6.1/stm32cubeide/plugins/com.st.stm32cube.ide.mcu.externaltools.gnu-tools-for-stm32.9-2020-q2-update.win32_1.5.0.202011040924/tools/bin/../lib/gcc/arm-none-eabi/9.3.1/../../../../arm-none-eabi/lib/thumb/v7-m/nofp\libc_nano.a(lib_a-abort.o)
                0x000000000800eb50                abort
 .text.quorem   0x000000000800eb5e      0x11a c:/st/stm32cubeide_1.6.1/stm32cubeide/plugins/com.st.stm32cube.ide.mcu.externaltools.gnu-tools-for-stm32.9-2020-q2-update.win32_1.5.0.202011040924/tools/bin/../lib/gcc/arm-none-eabi/9.3.1/../../../../arm-none-eabi/lib/thumb/v7-m/nofp\libc_nano.a(lib_a-dtoa.o)
 .text._dtoa_r  0x000000000800ec78      0xbdc c:/st/stm32cubeide_1.6.1/stm32cubeide/plugins/com.st.stm32cube.ide.mcu.externaltools.gnu-tools-for-stm32.9-2020-q2-update.win32_1.5.0.202011040924/tools/bin/../lib/gcc/arm-none-eabi/9.3.1/../../../../arm-none-eabi/lib/thumb/v7-m/nofp\libc_nano.a(lib_a-dtoa.o)
                0x000000000800ec78                _dtoa_r
 .text.__sflush_r
                0x000000000800f854      0x10c c:/st/stm32cubeide_1.6.1/stm32cubeide/plugins/com.st.stm32cube.ide.mcu.externaltools.gnu-tools-for-stm32.9-2020-q2-update.win32_1.5.0.202011040924/tools/bin/../lib/gcc/arm-none-eabi/9.3.1/../../../../arm-none-eabi/lib/thumb/v7-m/nofp\libc_nano.a(lib_a-fflush.o)
                0x000000000800f854                __sflush_r
 .text._fflush_r
                0x000000000800f960       0x78 c:/st/stm32cubeide_1.6.1/stm32cubeide/plugins/com.st.stm32cube.ide.mcu.externaltools.gnu-tools-for-stm32.9-2020-q2-update.win32_1.5.0.202011040924/tools/bin/../lib/gcc/arm-none-eabi/9.3.1/../../../../arm-none-eabi/lib/thumb/v7-m/nofp\libc_nano.a(lib_a-fflush.o)
                0x000000000800f960                _fflush_r
 .text.std      0x000000000800f9d8       0x48 c:/st/stm32cubeide_1.6.1/stm32cubeide/plugins/com.st.stm32cube.ide.mcu.externaltools.gnu-tools-for-stm32.9-2020-q2-update.win32_1.5.0.202011040924/tools/bin/../lib/gcc/arm-none-eabi/9.3.1/../../../../arm-none-eabi/lib/thumb/v7-m/nofp\libc_nano.a(lib_a-findfp.o)
 .text._cleanup_r
                0x000000000800fa20        0xc c:/st/stm32cubeide_1.6.1/stm32cubeide/plugins/com.st.stm32cube.ide.mcu.externaltools.gnu-tools-for-stm32.9-2020-q2-update.win32_1.5.0.202011040924/tools/bin/../lib/gcc/arm-none-eabi/9.3.1/../../../../arm-none-eabi/lib/thumb/v7-m/nofp\libc_nano.a(lib_a-findfp.o)
                0x000000000800fa20                _cleanup_r
 .text.__sfmoreglue
                0x000000000800fa2c       0x2c c:/st/stm32cubeide_1.6.1/stm32cubeide/plugins/com.st.stm32cube.ide.mcu.externaltools.gnu-tools-for-stm32.9-2020-q2-update.win32_1.5.0.202011040924/tools/bin/../lib/gcc/arm-none-eabi/9.3.1/../../../../arm-none-eabi/lib/thumb/v7-m/nofp\libc_nano.a(lib_a-findfp.o)
                0x000000000800fa2c                __sfmoreglue
 .text.__sfp_lock_acquire
                0x000000000800fa58        0xc c:/st/stm32cubeide_1.6.1/stm32cubeide/plugins/com.st.stm32cube.ide.mcu.externaltools.gnu-tools-for-stm32.9-2020-q2-update.win32_1.5.0.202011040924/tools/bin/../lib/gcc/arm-none-eabi/9.3.1/../../../../arm-none-eabi/lib/thumb/v7-m/nofp\libc_nano.a(lib_a-findfp.o)
                0x000000000800fa58                __sfp_lock_acquire
 .text.__sfp_lock_release
                0x000000000800fa64        0xc c:/st/stm32cubeide_1.6.1/stm32cubeide/plugins/com.st.stm32cube.ide.mcu.externaltools.gnu-tools-for-stm32.9-2020-q2-update.win32_1.5.0.202011040924/tools/bin/../lib/gcc/arm-none-eabi/9.3.1/../../../../arm-none-eabi/lib/thumb/v7-m/nofp\libc_nano.a(lib_a-findfp.o)
                0x000000000800fa64                __sfp_lock_release
 .text.__sinit_lock_acquire
                0x000000000800fa70        0xc c:/st/stm32cubeide_1.6.1/stm32cubeide/plugins/com.st.stm32cube.ide.mcu.externaltools.gnu-tools-for-stm32.9-2020-q2-update.win32_1.5.0.202011040924/tools/bin/../lib/gcc/arm-none-eabi/9.3.1/../../../../arm-none-eabi/lib/thumb/v7-m/nofp\libc_nano.a(lib_a-findfp.o)
                0x000000000800fa70                __sinit_lock_acquire
 .text.__sinit_lock_release
                0x000000000800fa7c        0xc c:/st/stm32cubeide_1.6.1/stm32cubeide/plugins/com.st.stm32cube.ide.mcu.externaltools.gnu-tools-for-stm32.9-2020-q2-update.win32_1.5.0.202011040924/tools/bin/../lib/gcc/arm-none-eabi/9.3.1/../../../../arm-none-eabi/lib/thumb/v7-m/nofp\libc_nano.a(lib_a-findfp.o)
                0x000000000800fa7c                __sinit_lock_release
 .text.__sinit  0x000000000800fa88       0x70 c:/st/stm32cubeide_1.6.1/stm32cubeide/plugins/com.st.stm32cube.ide.mcu.externaltools.gnu-tools-for-stm32.9-2020-q2-update.win32_1.5.0.202011040924/tools/bin/../lib/gcc/arm-none-eabi/9.3.1/../../../../arm-none-eabi/lib/thumb/v7-m/nofp\libc_nano.a(lib_a-findfp.o)
                0x000000000800fa88                __sinit
 .text.__sfp    0x000000000800faf8       0x8c c:/st/stm32cubeide_1.6.1/stm32cubeide/plugins/com.st.stm32cube.ide.mcu.externaltools.gnu-tools-for-stm32.9-2020-q2-update.win32_1.5.0.202011040924/tools/bin/../lib/gcc/arm-none-eabi/9.3.1/../../../../arm-none-eabi/lib/thumb/v7-m/nofp\libc_nano.a(lib_a-findfp.o)
                0x000000000800faf8                __sfp
 .text._fwalk_reent
                0x000000000800fb84       0x3e c:/st/stm32cubeide_1.6.1/stm32cubeide/plugins/com.st.stm32cube.ide.mcu.externaltools.gnu-tools-for-stm32.9-2020-q2-update.win32_1.5.0.202011040924/tools/bin/../lib/gcc/arm-none-eabi/9.3.1/../../../../arm-none-eabi/lib/thumb/v7-m/nofp\libc_nano.a(lib_a-fwalk.o)
                0x000000000800fb84                _fwalk_reent
 *fill*         0x000000000800fbc2        0x2 
 .text._localeconv_r
                0x000000000800fbc4        0x8 c:/st/stm32cubeide_1.6.1/stm32cubeide/plugins/com.st.stm32cube.ide.mcu.externaltools.gnu-tools-for-stm32.9-2020-q2-update.win32_1.5.0.202011040924/tools/bin/../lib/gcc/arm-none-eabi/9.3.1/../../../../arm-none-eabi/lib/thumb/v7-m/nofp\libc_nano.a(lib_a-localeconv.o)
                0x000000000800fbc4                _localeconv_r
 .text.__retarget_lock_init_recursive
                0x000000000800fbcc        0x2 c:/st/stm32cubeide_1.6.1/stm32cubeide/plugins/com.st.stm32cube.ide.mcu.externaltools.gnu-tools-for-stm32.9-2020-q2-update.win32_1.5.0.202011040924/tools/bin/../lib/gcc/arm-none-eabi/9.3.1/../../../../arm-none-eabi/lib/thumb/v7-m/nofp\libc_nano.a(lib_a-lock.o)
                0x000000000800fbcc                __retarget_lock_init_recursive
 .text.__retarget_lock_acquire_recursive
                0x000000000800fbce        0x2 c:/st/stm32cubeide_1.6.1/stm32cubeide/plugins/com.st.stm32cube.ide.mcu.externaltools.gnu-tools-for-stm32.9-2020-q2-update.win32_1.5.0.202011040924/tools/bin/../lib/gcc/arm-none-eabi/9.3.1/../../../../arm-none-eabi/lib/thumb/v7-m/nofp\libc_nano.a(lib_a-lock.o)
                0x000000000800fbce                __retarget_lock_acquire_recursive
 .text.__retarget_lock_release_recursive
                0x000000000800fbd0        0x2 c:/st/stm32cubeide_1.6.1/stm32cubeide/plugins/com.st.stm32cube.ide.mcu.externaltools.gnu-tools-for-stm32.9-2020-q2-update.win32_1.5.0.202011040924/tools/bin/../lib/gcc/arm-none-eabi/9.3.1/../../../../arm-none-eabi/lib/thumb/v7-m/nofp\libc_nano.a(lib_a-lock.o)
                0x000000000800fbd0                __retarget_lock_release_recursive
 .text.__swhatbuf_r
                0x000000000800fbd2       0x48 c:/st/stm32cubeide_1.6.1/stm32cubeide/plugins/com.st.stm32cube.ide.mcu.externaltools.gnu-tools-for-stm32.9-2020-q2-update.win32_1.5.0.202011040924/tools/bin/../lib/gcc/arm-none-eabi/9.3.1/../../../../arm-none-eabi/lib/thumb/v7-m/nofp\libc_nano.a(lib_a-makebuf.o)
                0x000000000800fbd2                __swhatbuf_r
 *fill*         0x000000000800fc1a        0x2 
 .text.__smakebuf_r
                0x000000000800fc1c       0x80 c:/st/stm32cubeide_1.6.1/stm32cubeide/plugins/com.st.stm32cube.ide.mcu.externaltools.gnu-tools-for-stm32.9-2020-q2-update.win32_1.5.0.202011040924/tools/bin/../lib/gcc/arm-none-eabi/9.3.1/../../../../arm-none-eabi/lib/thumb/v7-m/nofp\libc_nano.a(lib_a-makebuf.o)
                0x000000000800fc1c                __smakebuf_r
 .text.malloc   0x000000000800fc9c       0x10 c:/st/stm32cubeide_1.6.1/stm32cubeide/plugins/com.st.stm32cube.ide.mcu.externaltools.gnu-tools-for-stm32.9-2020-q2-update.win32_1.5.0.202011040924/tools/bin/../lib/gcc/arm-none-eabi/9.3.1/../../../../arm-none-eabi/lib/thumb/v7-m/nofp\libc_nano.a(lib_a-malloc.o)
                0x000000000800fc9c                malloc
 .text.memchr   0x000000000800fcac       0x1c c:/st/stm32cubeide_1.6.1/stm32cubeide/plugins/com.st.stm32cube.ide.mcu.externaltools.gnu-tools-for-stm32.9-2020-q2-update.win32_1.5.0.202011040924/tools/bin/../lib/gcc/arm-none-eabi/9.3.1/../../../../arm-none-eabi/lib/thumb/v7-m/nofp\libc_nano.a(lib_a-memchr-stub.o)
                0x000000000800fcac                memchr
 .text.memmove  0x000000000800fcc8       0x34 c:/st/stm32cubeide_1.6.1/stm32cubeide/plugins/com.st.stm32cube.ide.mcu.externaltools.gnu-tools-for-stm32.9-2020-q2-update.win32_1.5.0.202011040924/tools/bin/../lib/gcc/arm-none-eabi/9.3.1/../../../../arm-none-eabi/lib/thumb/v7-m/nofp\libc_nano.a(lib_a-memmove.o)
                0x000000000800fcc8                memmove
 .text._Balloc  0x000000000800fcfc       0x80 c:/st/stm32cubeide_1.6.1/stm32cubeide/plugins/com.st.stm32cube.ide.mcu.externaltools.gnu-tools-for-stm32.9-2020-q2-update.win32_1.5.0.202011040924/tools/bin/../lib/gcc/arm-none-eabi/9.3.1/../../../../arm-none-eabi/lib/thumb/v7-m/nofp\libc_nano.a(lib_a-mprec.o)
                0x000000000800fcfc                _Balloc
 .text._Bfree   0x000000000800fd7c       0x44 c:/st/stm32cubeide_1.6.1/stm32cubeide/plugins/com.st.stm32cube.ide.mcu.externaltools.gnu-tools-for-stm32.9-2020-q2-update.win32_1.5.0.202011040924/tools/bin/../lib/gcc/arm-none-eabi/9.3.1/../../../../arm-none-eabi/lib/thumb/v7-m/nofp\libc_nano.a(lib_a-mprec.o)
                0x000000000800fd7c                _Bfree
 .text.__multadd
                0x000000000800fdc0       0x94 c:/st/stm32cubeide_1.6.1/stm32cubeide/plugins/com.st.stm32cube.ide.mcu.externaltools.gnu-tools-for-stm32.9-2020-q2-update.win32_1.5.0.202011040924/tools/bin/../lib/gcc/arm-none-eabi/9.3.1/../../../../arm-none-eabi/lib/thumb/v7-m/nofp\libc_nano.a(lib_a-mprec.o)
                0x000000000800fdc0                __multadd
 .text.__hi0bits
                0x000000000800fe54       0x40 c:/st/stm32cubeide_1.6.1/stm32cubeide/plugins/com.st.stm32cube.ide.mcu.externaltools.gnu-tools-for-stm32.9-2020-q2-update.win32_1.5.0.202011040924/tools/bin/../lib/gcc/arm-none-eabi/9.3.1/../../../../arm-none-eabi/lib/thumb/v7-m/nofp\libc_nano.a(lib_a-mprec.o)
                0x000000000800fe54                __hi0bits
 .text.__lo0bits
                0x000000000800fe94       0x5c c:/st/stm32cubeide_1.6.1/stm32cubeide/plugins/com.st.stm32cube.ide.mcu.externaltools.gnu-tools-for-stm32.9-2020-q2-update.win32_1.5.0.202011040924/tools/bin/../lib/gcc/arm-none-eabi/9.3.1/../../../../arm-none-eabi/lib/thumb/v7-m/nofp\libc_nano.a(lib_a-mprec.o)
                0x000000000800fe94                __lo0bits