Algo.c:72:6:Algo_Init	16	static
Algo.c:112:6:Algo_task	32	static
Algo.c:192:6:Algo_stoveInit	16	static
Algo.c:225:13:Algo_zeroing_entry	16	static
Algo.c:236:13:Algo_zeroing_action	24	static
Algo.c:247:13:Algo_waiting_entry	24	static
Algo.c:256:13:Algo_Waiting_action	32	static
Algo.c:271:13:Algo_reload_entry	24	static
Algo.c:290:13:Algo_reload_action	32	static
Algo.c:302:13:Algo_tempRise_entry	16	static
Algo.c:315:13:Algo_tempRise_action	40	static
Algo.c:381:13:Algo_combLow_entry	16	static
Algo.c:392:13:Algo_combLow_action	40	static
Algo.c:527:13:Algo_combHigh_entry	16	static
Algo.c:533:13:Algo_combHigh_action	24	static
Algo.c:540:13:Algo_coalLow_entry	16	static
Algo.c:545:13:Algo_coalLow_action	32	static
Algo.c:589:13:Algo_coalHigh_entry	16	static
Algo.c:594:13:Algo_coalHigh_action	24	static
Algo.c:600:13:Algo_manual_action	32	static
Algo.c:626:13:Algo_safety_action	24	static
Algo.c:634:13:Algo_overtemp_action	40	static
Algo.c:648:6:Algo_fill_state_functions	4	static
Algo.c:676:6:Algo_update_steppers_inPlace_flag	8	static
Algo.c:684:6:Algo_adjust_steppers_position	24	static
