Algo.c:61:6:Algo_Init	184	static
Algo.c:101:6:Algo_task	24	static
Algo.c:135:6:Algo_adjust_steppers_position	16	static
Algo.c:149:6:Algo_update_steppers_ready_flag	8	static
Algo.c:158:6:Algo_stoveInit	16	static
Algo.c:186:6:Algo_fill_compute_functions	4	static
Algo.c:202:13:Algo_set_to_zero	32	static
Algo.c:220:13:Algo_compute_Waiting	32	static
Algo.c:249:13:Algo_compute_reload	32	static
Algo.c:275:13:Algo_compute_tempRise	24	static
Algo.c:297:13:Algo_compute_combHigh	24	static
Algo.c:302:13:Algo_compute_combLow	24	static
Algo.c:307:13:Algo_compute_coalHigh	24	static
Algo.c:312:13:Algo_compute_coalLow	24	static
Algo.c:317:13:Algo_compute_manual	24	static
