Algo.c:70:6:Algo_Init	184	static
Algo.c:110:6:Algo_task	24	static
Algo.c:173:6:Algo_adjust_steppers_position	24	static
Algo.c:192:6:Algo_update_steppers_inPlace_flag	8	static
Algo.c:200:6:Algo_stoveInit	16	static
Algo.c:228:6:Algo_fill_state_functions	4	static
Algo.c:261:13:Algo_zeroing_entry	16	static
Algo.c:272:13:Algo_zeroing_action	24	static
Algo.c:283:13:Algo_waiting_entry	24	static
Algo.c:292:13:Algo_Waiting_action	32	static
Algo.c:307:13:Algo_reload_entry	24	static
Algo.c:324:13:Algo_reload_action	32	static
Algo.c:336:13:Algo_tempRise_entry	16	static
Algo.c:347:13:Algo_tempRise_action	32	static
Algo.c:408:13:Algo_combLow_entry	16	static
Algo.c:419:13:Algo_combLow_action	24	static
Algo.c:426:13:Algo_combHigh_entry	16	static
Algo.c:432:13:Algo_combHigh_action	24	static
Algo.c:439:13:Algo_coalLow_entry	16	static
Algo.c:444:13:Algo_coalLow_action	24	static
Algo.c:451:13:Algo_coalHigh_entry	16	static
Algo.c:456:13:Algo_coalHigh_action	24	static
Algo.c:462:13:Algo_manual_action	32	static
