Algo.c:82:6:Algo_Init	184	static
Algo.c:122:6:Algo_task	32	static
Algo.c:232:6:Algo_stoveInit	32	static
Algo.c:263:13:Algo_zeroing_entry	16	static
Algo.c:274:13:Algo_zeroing_action	16	static
Algo.c:283:13:Algo_zeroing_exit	16	static
Algo.c:290:13:Algo_waiting_entry	32	static
Algo.c:301:13:Algo_Waiting_action	32	static
Algo.c:315:13:Algo_waiting_exit	16	static
Algo.c:323:13:Algo_reload_entry	32	static
Algo.c:343:13:Algo_reload_action	32	static
Algo.c:353:13:Algo_reload_exit	16	static
Algo.c:361:13:Algo_tempRise_entry	24	static
Algo.c:377:13:Algo_tempRise_action	32	static
Algo.c:449:13:Algo_tempRise_exit	16	static
Algo.c:457:13:Algo_combLow_entry	24	static
Algo.c:470:13:Algo_combLow_action	32	static
Algo.c:604:13:Algo_combLow_exit	16	static
Algo.c:619:13:Algo_combHigh_entry	16	static
Algo.c:627:13:Algo_combHigh_action	16	static
Algo.c:632:13:Algo_combHigh_exit	16	static
Algo.c:640:13:Algo_coalLow_entry	16	static
Algo.c:646:13:Algo_coalLow_action	32	static
Algo.c:690:13:Algo_coalLow_exit	16	static
Algo.c:697:13:Algo_coalHigh_entry	16	static
Algo.c:702:13:Algo_coalHigh_action	16	static
Algo.c:707:13:Algo_coalHigh_exit	16	static
Algo.c:713:13:Algo_manual_action	24	static
Algo.c:744:13:Algo_safety_action	16	static
Algo.c:752:13:Algo_overtemp_action	32	static
Algo.c:766:6:Algo_fill_state_functions	4	static
Algo.c:806:6:Algo_update_steppers_inPlace_flag	8	static
Algo.c:814:6:Algo_adjust_steppers_position	24	static
