Algo.c:73:6:Algo_Init	184	static
Algo.c:113:6:Algo_task	32	static
Algo.c:221:6:Algo_stoveInit	32	static
Algo.c:245:13:Algo_zeroing_entry	16	static
Algo.c:256:13:Algo_zeroing_action	16	static
Algo.c:267:13:Algo_waiting_entry	32	static
Algo.c:287:13:Algo_Waiting_action	32	static
Algo.c:303:13:Algo_reload_entry	32	static
Algo.c:323:13:Algo_reload_action	32	static
Algo.c:336:13:Algo_tempRise_entry	24	static
Algo.c:352:13:Algo_tempRise_action	32	static
Algo.c:427:13:Algo_combLow_entry	24	static
Algo.c:440:13:Algo_combLow_action	32	static
Algo.c:576:13:Algo_combHigh_entry	16	static
Algo.c:584:13:Algo_combHigh_action	16	static
Algo.c:591:13:Algo_coalLow_entry	16	static
Algo.c:597:13:Algo_coalLow_action	32	static
Algo.c:643:13:Algo_coalHigh_entry	16	static
Algo.c:648:13:Algo_coalHigh_action	16	static
Algo.c:654:13:Algo_manual_action	24	static
Algo.c:685:13:Algo_safety_action	16	static
Algo.c:693:13:Algo_overtemp_action	32	static
Algo.c:707:6:Algo_fill_state_functions	4	static
Algo.c:735:6:Algo_update_steppers_inPlace_flag	8	static
Algo.c:743:6:Algo_adjust_steppers_position	24	static
