Algo.c:72:6:Algo_Init	184	static
Algo.c:112:6:Algo_task	32	static
Algo.c:196:6:Algo_stoveInit	16	static
Algo.c:229:13:Algo_zeroing_entry	16	static
Algo.c:240:13:Algo_zeroing_action	24	static
Algo.c:251:13:Algo_waiting_entry	24	static
Algo.c:260:13:Algo_Waiting_action	32	static
Algo.c:275:13:Algo_reload_entry	24	static
Algo.c:294:13:Algo_reload_action	32	static
Algo.c:306:13:Algo_tempRise_entry	16	static
Algo.c:319:13:Algo_tempRise_action	40	static
Algo.c:393:13:Algo_combLow_entry	16	static
Algo.c:404:13:Algo_combLow_action	40	static
Algo.c:539:13:Algo_combHigh_entry	16	static
Algo.c:545:13:Algo_combHigh_action	24	static
Algo.c:552:13:Algo_coalLow_entry	16	static
Algo.c:557:13:Algo_coalLow_action	32	static
Algo.c:601:13:Algo_coalHigh_entry	16	static
Algo.c:606:13:Algo_coalHigh_action	24	static
Algo.c:612:13:Algo_manual_action	32	static
Algo.c:638:13:Algo_safety_action	24	static
Algo.c:646:13:Algo_overtemp_action	40	static
Algo.c:660:6:Algo_fill_state_functions	4	static
Algo.c:688:6:Algo_update_steppers_inPlace_flag	8	static
Algo.c:696:6:Algo_adjust_steppers_position	24	static
