Algo.c:70:6:Algo_Init	184	static
Algo.c:110:6:Algo_task	24	static
Algo.c:155:6:Algo_adjust_steppers_position	16	static
Algo.c:169:6:Algo_update_steppers_ready_flag	8	static
Algo.c:178:6:Algo_stoveInit	16	static
Algo.c:205:6:Algo_fill_state_functions	4	static
Algo.c:232:13:Algo_zeroing_entry	32	static
Algo.c:241:13:Algo_zeroing_action	24	static
Algo.c:251:13:Algo_Waiting_action	32	static
Algo.c:270:13:Algo_reload_entry	24	static
Algo.c:287:13:Algo_reload_action	32	static
Algo.c:301:13:Algo_tempRise_entry	24	static
Algo.c:312:13:Algo_tempRise_action	24	static
Algo.c:318:13:Algo_combLow_entry	24	static
Algo.c:323:13:Algo_combLow_action	24	static
Algo.c:328:13:Algo_combHigh_entry	24	static
Algo.c:334:13:Algo_combHigh_action	24	static
Algo.c:339:13:Algo_coalLow_entry	24	static
Algo.c:344:13:Algo_coalLow_action	24	static
Algo.c:349:13:Algo_coalHigh_entry	24	static
Algo.c:354:13:Algo_coalHigh_action	24	static
Algo.c:360:13:Algo_manual_action	32	static
