main.c:81:5:main	56	static
main.c:164:6:SystemClock_Config	120	static
main.c:216:6:MX_I2C1_Init	8	static
main.c:250:13:MX_RTC_Init	16	static
main.c:307:13:MX_USART1_UART_Init	8	static
main.c:340:6:MX_USART2_UART_Init	8	static
main.c:373:6:MX_USART3_UART_Init	8	static
main.c:404:13:MX_DMA_Init	16	static
main.c:422:13:MX_GPIO_Init	40	static
main.c:524:13:Algo_Init	16	static
main.c:536:6:TimerCallback	16	static
main.c:551:6:HAL_TIM_PeriodElapsedCallback	16	static
main.c:568:6:Error_Handler	4	static,ignoring_inline_asm
