main.c:84:5:main	80	static
main.c:173:6:SystemClock_Config	120	static
main.c:225:6:MX_I2C1_Init	8	static
main.c:259:13:MX_RTC_Init	16	static
main.c:316:13:MX_USART1_UART_Init	8	static
main.c:349:6:MX_USART2_UART_Init	8	static
main.c:382:6:MX_USART3_UART_Init	8	static
main.c:413:13:MX_DMA_Init	16	static
main.c:431:13:MX_GPIO_Init	40	static
main.c:533:13:Algo_Init	16	static
main.c:545:6:TimerCallback	16	static
main.c:560:6:HAL_TIM_PeriodElapsedCallback	16	static
main.c:577:6:Error_Handler	4	static,ignoring_inline_asm
