ParamFile.c:121:6:PARAMFILE_Init	8	static
ParamFile.c:128:10:PARAMFILE_GetParamEntryCount	4	static
ParamFile.c:133:27:PARAMFILE_GetParamEntryByIndex	16	static
ParamFile.c:140:13:LoadAllCallback	16	static
ParamFile.c:145:13:CommitAllCallback	16	static
ParamFile.c:151:27:PB_GetTemperatureParam	4	static
ParamFile.c:156:32:PB_GetPrimaryMotorParam	4	static
ParamFile.c:161:32:PB_GetSecondaryMotorParam	4	static
ParamFile.c:166:32:PB_GetGrillMotorParam	4	static
ParamFile.c:171:20:PB_GetUserParam	4	static
