ParamFile.c:156:6:PARAMFILE_Init	8	static
ParamFile.c:163:10:PARAMFILE_GetParamEntryCount	4	static
ParamFile.c:168:27:PARAMFILE_GetParamEntryByIndex	16	static
ParamFile.c:175:13:LoadAllCallback	16	static
ParamFile.c:180:13:CommitAllCallback	16	static
ParamFile.c:186:27:PB_GetTemperatureParam	4	static
ParamFile.c:191:32:PB_GetPrimaryMotorParam	4	static
ParamFile.c:196:32:PB_GetSecondaryMotorParam	4	static
ParamFile.c:201:32:PB_GetGrillMotorParam	4	static
ParamFile.c:206:20:PB_GetUserParam	4	static
ParamFile.c:211:21:PB_GetParticlesParam	4	static
