algo.c:315:6:Algo_init	8	static
algo.c:338:13:manageStateMachine	96	static
algo.c:765:6:Algo_task	16	static
algo.c:781:6:Algo_setSimulatorMode	16	static
algo.c:785:7:Algo_getBaffleTempSlope	4	static
algo.c:790:14:computeSlopeBaffleTemp	16	static
algo.c:802:6:Algo_setState	16	static
algo.c:808:7:Algo_getState	4	static
algo.c:811:10:getStateTime	4	static
algo.c:815:6:Algo_setBaffleTemp	16	static
algo.c:820:6:Algo_setRearTemp	16	static
algo.c:823:5:Algo_getRearTemp	4	static
algo.c:827:5:Algo_getBaffleTemp	4	static
algo.c:831:6:Algo_setPlenumTemp	16	static
algo.c:834:5:Algo_getPlenumTemp	4	static
algo.c:838:5:Algo_getPrimary	8	static
algo.c:842:5:Algo_getGrill	8	static
algo.c:846:15:Algo_getStateFinChargemenent	4	static
algo.c:850:15:Algo_getStateFermeturePorte	4	static
algo.c:854:6:Algo_setThermostatRequest	16	static
algo.c:857:6:Algo_getThermostatRequest	4	static
algo.c:860:6:Algo_setInterlockRequest	16	static
algo.c:863:6:Algo_getInterlockRequest	4	static
algo.c:867:6:Algo_startChargement	16	static
algo.c:872:10:Algo_getTimeOfReloadRequest	4	static
algo.c:876:6:Algo_IsFanPauseRequested	4	static
algo.c:880:6:Algo_clearReloadRequest	4	static
algo.c:884:12:computeAjustement	72	static
algo.c:915:6:AirAdjustment	24	static
algo.c:951:6:StateEntryControlAdjustment	48	static
