main.c:105:5:main	184	static,ignoring_inline_asm
main.c:265:6:HAL_ADC_ConvCpltCallback	32	static
main.c:294:6:SystemClock_Config	96	static
main.c:341:13:MX_ADC1_Init	24	static
main.c:395:6:MX_I2C1_Init	8	static
main.c:429:13:MX_RTC_Init	16	static
main.c:486:13:MX_USART3_UART_Init	8	static
main.c:517:13:MX_DMA_Init	16	static
main.c:535:13:MX_GPIO_Init	40	static
main.c:634:6:StartDefaultTask	16	static
main.c:646:6:TimerCallback	16	static
main.c:666:6:HAL_TIM_PeriodElapsedCallback	16	static
main.c:683:6:Error_Handler	4	static
