Archive member included to satisfy reference by file (symbol)

c:/st/stm32cubeide_1.6.1/stm32cubeide/plugins/com.st.stm32cube.ide.mcu.externaltools.gnu-tools-for-stm32.9-2020-q2-update.win32_1.5.0.202011040924/tools/bin/../lib/gcc/arm-none-eabi/9.3.1/../../../../arm-none-eabi/lib/thumb/v7-m/nofp\libc_nano.a(lib_a-errno.o)
                              Core/Src/syscalls.o (__errno)
c:/st/stm32cubeide_1.6.1/stm32cubeide/plugins/com.st.stm32cube.ide.mcu.externaltools.gnu-tools-for-stm32.9-2020-q2-update.win32_1.5.0.202011040924/tools/bin/../lib/gcc/arm-none-eabi/9.3.1/../../../../arm-none-eabi/lib/thumb/v7-m/nofp\libc_nano.a(lib_a-exit.o)
                              c:/st/stm32cubeide_1.6.1/stm32cubeide/plugins/com.st.stm32cube.ide.mcu.externaltools.gnu-tools-for-stm32.9-2020-q2-update.win32_1.5.0.202011040924/tools/bin/../lib/gcc/arm-none-eabi/9.3.1/../../../../arm-none-eabi/lib/thumb/v7-m/nofp/crt0.o (exit)
c:/st/stm32cubeide_1.6.1/stm32cubeide/plugins/com.st.stm32cube.ide.mcu.externaltools.gnu-tools-for-stm32.9-2020-q2-update.win32_1.5.0.202011040924/tools/bin/../lib/gcc/arm-none-eabi/9.3.1/../../../../arm-none-eabi/lib/thumb/v7-m/nofp\libc_nano.a(lib_a-impure.o)
                              c:/st/stm32cubeide_1.6.1/stm32cubeide/plugins/com.st.stm32cube.ide.mcu.externaltools.gnu-tools-for-stm32.9-2020-q2-update.win32_1.5.0.202011040924/tools/bin/../lib/gcc/arm-none-eabi/9.3.1/../../../../arm-none-eabi/lib/thumb/v7-m/nofp\libc_nano.a(lib_a-exit.o) (_global_impure_ptr)
c:/st/stm32cubeide_1.6.1/stm32cubeide/plugins/com.st.stm32cube.ide.mcu.externaltools.gnu-tools-for-stm32.9-2020-q2-update.win32_1.5.0.202011040924/tools/bin/../lib/gcc/arm-none-eabi/9.3.1/../../../../arm-none-eabi/lib/thumb/v7-m/nofp\libc_nano.a(lib_a-init.o)
                              c:/st/stm32cubeide_1.6.1/stm32cubeide/plugins/com.st.stm32cube.ide.mcu.externaltools.gnu-tools-for-stm32.9-2020-q2-update.win32_1.5.0.202011040924/tools/bin/../lib/gcc/arm-none-eabi/9.3.1/../../../../arm-none-eabi/lib/thumb/v7-m/nofp/crt0.o (__libc_init_array)
c:/st/stm32cubeide_1.6.1/stm32cubeide/plugins/com.st.stm32cube.ide.mcu.externaltools.gnu-tools-for-stm32.9-2020-q2-update.win32_1.5.0.202011040924/tools/bin/../lib/gcc/arm-none-eabi/9.3.1/../../../../arm-none-eabi/lib/thumb/v7-m/nofp\libc_nano.a(lib_a-memcpy-stub.o)
                              Middlewares/Third_Party/FreeRTOS/Source/queue.o (memcpy)
c:/st/stm32cubeide_1.6.1/stm32cubeide/plugins/com.st.stm32cube.ide.mcu.externaltools.gnu-tools-for-stm32.9-2020-q2-update.win32_1.5.0.202011040924/tools/bin/../lib/gcc/arm-none-eabi/9.3.1/../../../../arm-none-eabi/lib/thumb/v7-m/nofp\libc_nano.a(lib_a-memset.o)
                              c:/st/stm32cubeide_1.6.1/stm32cubeide/plugins/com.st.stm32cube.ide.mcu.externaltools.gnu-tools-for-stm32.9-2020-q2-update.win32_1.5.0.202011040924/tools/bin/../lib/gcc/arm-none-eabi/9.3.1/../../../../arm-none-eabi/lib/thumb/v7-m/nofp/crt0.o (memset)
c:/st/stm32cubeide_1.6.1/stm32cubeide/plugins/com.st.stm32cube.ide.mcu.externaltools.gnu-tools-for-stm32.9-2020-q2-update.win32_1.5.0.202011040924/tools/bin/../lib/gcc/arm-none-eabi/9.3.1/../../../../arm-none-eabi/lib/thumb/v7-m/nofp\libc_nano.a(lib_a-printf.o)
                              Core/Src/DebugManager.o (printf)
c:/st/stm32cubeide_1.6.1/stm32cubeide/plugins/com.st.stm32cube.ide.mcu.externaltools.gnu-tools-for-stm32.9-2020-q2-update.win32_1.5.0.202011040924/tools/bin/../lib/gcc/arm-none-eabi/9.3.1/../../../../arm-none-eabi/lib/thumb/v7-m/nofp\libc_nano.a(lib_a-putchar.o)
                              Core/Src/DebugManager.o (putchar)
c:/st/stm32cubeide_1.6.1/stm32cubeide/plugins/com.st.stm32cube.ide.mcu.externaltools.gnu-tools-for-stm32.9-2020-q2-update.win32_1.5.0.202011040924/tools/bin/../lib/gcc/arm-none-eabi/9.3.1/../../../../arm-none-eabi/lib/thumb/v7-m/nofp\libc_nano.a(lib_a-findfp.o)
                              c:/st/stm32cubeide_1.6.1/stm32cubeide/plugins/com.st.stm32cube.ide.mcu.externaltools.gnu-tools-for-stm32.9-2020-q2-update.win32_1.5.0.202011040924/tools/bin/../lib/gcc/arm-none-eabi/9.3.1/../../../../arm-none-eabi/lib/thumb/v7-m/nofp\libc_nano.a(lib_a-printf.o) (__sinit)
c:/st/stm32cubeide_1.6.1/stm32cubeide/plugins/com.st.stm32cube.ide.mcu.externaltools.gnu-tools-for-stm32.9-2020-q2-update.win32_1.5.0.202011040924/tools/bin/../lib/gcc/arm-none-eabi/9.3.1/../../../../arm-none-eabi/lib/thumb/v7-m/nofp\libc_nano.a(lib_a-fwalk.o)
                              c:/st/stm32cubeide_1.6.1/stm32cubeide/plugins/com.st.stm32cube.ide.mcu.externaltools.gnu-tools-for-stm32.9-2020-q2-update.win32_1.5.0.202011040924/tools/bin/../lib/gcc/arm-none-eabi/9.3.1/../../../../arm-none-eabi/lib/thumb/v7-m/nofp\libc_nano.a(lib_a-findfp.o) (_fwalk)
c:/st/stm32cubeide_1.6.1/stm32cubeide/plugins/com.st.stm32cube.ide.mcu.externaltools.gnu-tools-for-stm32.9-2020-q2-update.win32_1.5.0.202011040924/tools/bin/../lib/gcc/arm-none-eabi/9.3.1/../../../../arm-none-eabi/lib/thumb/v7-m/nofp\libc_nano.a(lib_a-lock.o)
[...]
Memory Configuration

Name             Origin             Length             Attributes
RAM              0x0000000020000000 0x0000000000010000 xrw
FLASH            0x0000000008000000 0x0000000000040000 xr
*default*        0x0000000000000000 0xffffffffffffffff

Linker script and memory map

LOAD c:/st/stm32cubeide_1.6.1/stm32cubeide/plugins/com.st.stm32cube.ide.mcu.externaltools.gnu-tools-for-stm32.9-2020-q2-update.win32_1.5.0.202011040924/tools/bin/../lib/gcc/arm-none-eabi/9.3.1/thumb/v7-m/nofp/crti.o
LOAD c:/st/stm32cubeide_1.6.1/stm32cubeide/plugins/com.st.stm32cube.ide.mcu.externaltools.gnu-tools-for-stm32.9-2020-q2-update.win32_1.5.0.202011040924/tools/bin/../lib/gcc/arm-none-eabi/9.3.1/thumb/v7-m/nofp/crtbegin.o
LOAD c:/st/stm32cubeide_1.6.1/stm32cubeide/plugins/com.st.stm32cube.ide.mcu.externaltools.gnu-tools-for-stm32.9-2020-q2-update.win32_1.5.0.202011040924/tools/bin/../lib/gcc/arm-none-eabi/9.3.1/../../../../arm-none-eabi/lib/thumb/v7-m/nofp/crt0.o
LOAD Core/Src/DebugManager.o
LOAD Core/Src/DebugPort.o
LOAD Core/Src/Hmi.o
LOAD Core/Src/MotorManager.o
LOAD Core/Src/Pid.o
LOAD Core/Src/ProdTest.o
LOAD Core/Src/TemperatureManager.o
LOAD Core/Src/air_input.o
LOAD Core/Src/algo.o
LOAD Core/Src/freertos.o
LOAD Core/Src/main.o
LOAD Core/Src/slope.o
LOAD Core/Src/stm32f1xx_hal_msp.o
LOAD Core/Src/stm32f1xx_hal_timebase_tim.o
LOAD Core/Src/stm32f1xx_it.o
LOAD Core/Src/syscalls.o
LOAD Core/Src/sysmem.o
LOAD Core/Src/system_stm32f1xx.o
LOAD Core/Startup/startup_stm32f105rctx.o
LOAD Drivers/STM32F1xx_HAL_Driver/Src/stm32f1xx_hal.o
LOAD Drivers/STM32F1xx_HAL_Driver/Src/stm32f1xx_hal_cortex.o
LOAD Drivers/STM32F1xx_HAL_Driver/Src/stm32f1xx_hal_dma.o
LOAD Drivers/STM32F1xx_HAL_Driver/Src/stm32f1xx_hal_exti.o
LOAD Drivers/STM32F1xx_HAL_Driver/Src/stm32f1xx_hal_flash.o
LOAD Drivers/STM32F1xx_HAL_Driver/Src/stm32f1xx_hal_flash_ex.o
LOAD Drivers/STM32F1xx_HAL_Driver/Src/stm32f1xx_hal_gpio.o
LOAD Drivers/STM32F1xx_HAL_Driver/Src/stm32f1xx_hal_gpio_ex.o
LOAD Drivers/STM32F1xx_HAL_Driver/Src/stm32f1xx_hal_i2c.o
LOAD Drivers/STM32F1xx_HAL_Driver/Src/stm32f1xx_hal_pwr.o
LOAD Drivers/STM32F1xx_HAL_Driver/Src/stm32f1xx_hal_rcc.o
LOAD Drivers/STM32F1xx_HAL_Driver/Src/stm32f1xx_hal_rcc_ex.o
LOAD Drivers/STM32F1xx_HAL_Driver/Src/stm32f1xx_hal_rtc.o
LOAD Drivers/STM32F1xx_HAL_Driver/Src/stm32f1xx_hal_rtc_ex.o
LOAD Drivers/STM32F1xx_HAL_Driver/Src/stm32f1xx_hal_tim.o
LOAD Drivers/STM32F1xx_HAL_Driver/Src/stm32f1xx_hal_tim_ex.o
LOAD Drivers/STM32F1xx_HAL_Driver/Src/stm32f1xx_hal_uart.o
LOAD Middlewares/Third_Party/FreeRTOS/Source/CMSIS_RTOS/cmsis_os.o
LOAD Middlewares/Third_Party/FreeRTOS/Source/croutine.o
LOAD Middlewares/Third_Party/FreeRTOS/Source/event_groups.o
LOAD Middlewares/Third_Party/FreeRTOS/Source/list.o
LOAD Middlewares/Third_Party/FreeRTOS/Source/queue.o
LOAD Middlewares/Third_Party/FreeRTOS/Source/stream_buffer.o
LOAD Middlewares/Third_Party/FreeRTOS/Source/tasks.o
LOAD Middlewares/Third_Party/FreeRTOS/Source/timers.o
LOAD Middlewares/Third_Party/FreeRTOS/Source/portable/GCC/ARM_CM3/port.o
LOAD Middlewares/Third_Party/FreeRTOS/Source/portable/MemMang/heap_4.o
START GROUP
LOAD c:/st/stm32cubeide_1.6.1/stm32cubeide/plugins/com.st.stm32cube.ide.mcu.externaltools.gnu-tools-for-stm32.9-2020-q2-update.win32_1.5.0.202011040924/tools/bin/../lib/gcc/arm-none-eabi/9.3.1/../../../../arm-none-eabi/lib/thumb/v7-m/nofp\libc_nano.a
LOAD c:/st/stm32cubeide_1.6.1/stm32cubeide/plugins/com.st.stm32cube.ide.mcu.externaltools.gnu-tools-for-stm32.9-2020-q2-update.win32_1.5.0.202011040924/tools/bin/../lib/gcc/arm-none-eabi/9.3.1/../../../../arm-none-eabi/lib/thumb/v7-m/nofp\libm.a
END GROUP
START GROUP
LOAD c:/st/stm32cubeide_1.6.1/stm32cubeide/plugins/com.st.stm32cube.ide.mcu.externaltools.gnu-tools-for-stm32.9-2020-q2-update.win32_1.5.0.202011040924/tools/bin/../lib/gcc/arm-none-eabi/9.3.1/thumb/v7-m/nofp\libgcc.a
LOAD c:/st/stm32cubeide_1.6.1/stm32cubeide/plugins/com.st.stm32cube.ide.mcu.externaltools.gnu-tools-for-stm32.9-2020-q2-update.win32_1.5.0.202011040924/tools/bin/../lib/gcc/arm-none-eabi/9.3.1/../../../../arm-none-eabi/lib/thumb/v7-m/nofp\libc_nano.a
END GROUP
START GROUP
LOAD c:/st/stm32cubeide_1.6.1/stm32cubeide/plugins/com.st.stm32cube.ide.mcu.externaltools.gnu-tools-for-stm32.9-2020-q2-update.win32_1.5.0.202011040924/tools/bin/../lib/gcc/arm-none-eabi/9.3.1/thumb/v7-m/nofp\libgcc.a
LOAD c:/st/stm32cubeide_1.6.1/stm32cubeide/plugins/com.st.stm32cube.ide.mcu.externaltools.gnu-tools-for-stm32.9-2020-q2-update.win32_1.5.0.202011040924/tools/bin/../lib/gcc/arm-none-eabi/9.3.1/../../../../arm-none-eabi/lib/thumb/v7-m/nofp\libc_nano.a
LOAD c:/st/stm32cubeide_1.6.1/stm32cubeide/plugins/com.st.stm32cube.ide.mcu.externaltools.gnu-tools-for-stm32.9-2020-q2-update.win32_1.5.0.202011040924/tools/bin/../lib/gcc/arm-none-eabi/9.3.1/../../../../arm-none-eabi/lib/thumb/v7-m/nofp\libnosys.a
END GROUP
START GROUP
LOAD c:/st/stm32cubeide_1.6.1/stm32cubeide/plugins/com.st.stm32cube.ide.mcu.externaltools.gnu-tools-for-stm32.9-2020-q2-update.win32_1.5.0.202011040924/tools/bin/../lib/gcc/arm-none-eabi/9.3.1/thumb/v7-m/nofp\libgcc.a
LOAD c:/st/stm32cubeide_1.6.1/stm32cubeide/plugins/com.st.stm32cube.ide.mcu.externaltools.gnu-tools-for-stm32.9-2020-q2-update.win32_1.5.0.202011040924/tools/bin/../lib/gcc/arm-none-eabi/9.3.1/../../../../arm-none-eabi/lib/thumb/v7-m/nofp\libc_nano.a
LOAD c:/st/stm32cubeide_1.6.1/stm32cubeide/plugins/com.st.stm32cube.ide.mcu.externaltools.gnu-tools-for-stm32.9-2020-q2-update.win32_1.5.0.202011040924/tools/bin/../lib/gcc/arm-none-eabi/9.3.1/../../../../arm-none-eabi/lib/thumb/v7-m/nofp\libnosys.a
END GROUP
LOAD c:/st/stm32cubeide_1.6.1/stm32cubeide/plugins/com.st.stm32cube.ide.mcu.externaltools.gnu-tools-for-stm32.9-2020-q2-update.win32_1.5.0.202011040924/tools/bin/../lib/gcc/arm-none-eabi/9.3.1/thumb/v7-m/nofp/crtend.o
LOAD c:/st/stm32cubeide_1.6.1/stm32cubeide/plugins/com.st.stm32cube.ide.mcu.externaltools.gnu-tools-for-stm32.9-2020-q2-update.win32_1.5.0.202011040924/tools/bin/../lib/gcc/arm-none-eabi/9.3.1/thumb/v7-m/nofp/crtn.o
                0x0000000020010000                _estack = (ORIGIN (RAM) + LENGTH (RAM))
                0x0000000000000200                _Min_Heap_Size = 0x200
                0x0000000000000400                _Min_Stack_Size = 0x400

.isr_vector     0x0000000008000000      0x1e4
                0x0000000008000000                . = ALIGN (0x4)
 *(.isr_vector)
 .isr_vector    0x0000000008000000      0x1e4 Core/Startup/startup_stm32f105rctx.o
                0x0000000008000000                g_pfnVectors
                0x00000000080001e4                . = ALIGN (0x4)

.text           0x00000000080001f0     0xed0c
                0x00000000080001f0                . = ALIGN (0x4)
 *(.text)
 .text          0x00000000080001f0       0x40 c:/st/stm32cubeide_1.6.1/stm32cubeide/plugins/com.st.stm32cube.ide.mcu.externaltools.gnu-tools-for-stm32.9-2020-q2-update.win32_1.5.0.202011040924/tools/bin/../lib/gcc/arm-none-eabi/9.3.1/thumb/v7-m/nofp/crtbegin.o
 .text          0x0000000008000230      0x378 c:/st/stm32cubeide_1.6.1/stm32cubeide/plugins/com.st.stm32cube.ide.mcu.externaltools.gnu-tools-for-stm32.9-2020-q2-update.win32_1.5.0.202011040924/tools/bin/../lib/gcc/arm-none-eabi/9.3.1/thumb/v7-m/nofp\libgcc.a(_arm_addsubdf3.o)
                0x0000000008000230                __aeabi_drsub
                0x0000000008000238                __aeabi_dsub
                0x0000000008000238                __subdf3
                0x000000000800023c                __aeabi_dadd
                0x000000000800023c                __adddf3
                0x00000000080004b4                __floatunsidf
                0x00000000080004b4                __aeabi_ui2d
                0x00000000080004d4                __floatsidf
                0x00000000080004d4                __aeabi_i2d
                0x00000000080004f8                __aeabi_f2d
                0x00000000080004f8                __extendsfdf2
                0x000000000800053c                __floatundidf
                0x000000000800053c                __aeabi_ul2d
                0x000000000800054c                __floatdidf
                0x000000000800054c                __aeabi_l2d
 .text          0x00000000080005a8      0x424 c:/st/stm32cubeide_1.6.1/stm32cubeide/plugins/com.st.stm32cube.ide.mcu.externaltools.gnu-tools-for-stm32.9-2020-q2-update.win32_1.5.0.202011040924/tools/bin/../lib/gcc/arm-none-eabi/9.3.1/thumb/v7-m/nofp\libgcc.a(_arm_muldivdf3.o)
                0x00000000080005a8                __aeabi_dmul
                0x00000000080005a8                __muldf3
                0x00000000080007fc                __divdf3
                0x00000000080007fc                __aeabi_ddiv
 .text          0x00000000080009cc      0x110 c:/st/stm32cubeide_1.6.1/stm32cubeide/plugins/com.st.stm32cube.ide.mcu.externaltools.gnu-tools-for-stm32.9-2020-q2-update.win32_1.5.0.202011040924/tools/bin/../lib/gcc/arm-none-eabi/9.3.1/thumb/v7-m/nofp\libgcc.a(_arm_cmpdf2.o)
                0x00000000080009cc                __gtdf2
                0x00000000080009cc                __gedf2
                0x00000000080009d4                __ltdf2
                0x00000000080009d4                __ledf2
                0x00000000080009dc                __nedf2
                0x00000000080009dc                __eqdf2
                0x00000000080009dc                __cmpdf2
                0x0000000008000a58                __aeabi_cdrcmple
                0x0000000008000a68                __aeabi_cdcmpeq
                0x0000000008000a68                __aeabi_cdcmple
                0x0000000008000a78                __aeabi_dcmpeq
                0x0000000008000a8c                __aeabi_dcmplt
                0x0000000008000aa0                __aeabi_dcmple
                0x0000000008000ab4                __aeabi_dcmpge
                0x0000000008000ac8                __aeabi_dcmpgt
 .text          0x0000000008000adc       0x2c c:/st/stm32cubeide_1.6.1/stm32cubeide/plugins/com.st.stm32cube.ide.mcu.externaltools.gnu-tools-for-stm32.9-2020-q2-update.win32_1.5.0.202011040924/tools/bin/../lib/gcc/arm-none-eabi/9.3.1/thumb/v7-m/nofp\libgcc.a(_arm_unorddf2.o)
                0x0000000008000adc                __unorddf2
                0x0000000008000adc                __aeabi_dcmpun
 .text          0x0000000008000b08       0xa0 c:/st/stm32cubeide_1.6.1/stm32cubeide/plugins/com.st.stm32cube.ide.mcu.externaltools.gnu-tools-for-stm32.9-2020-q2-update.win32_1.5.0.202011040924/tools/bin/../lib/gcc/arm-none-eabi/9.3.1/thumb/v7-m/nofp\libgcc.a(_arm_truncdfsf2.o)
                0x0000000008000b08                __truncdfsf2
                0x0000000008000b08                __aeabi_d2f
 .text          0x0000000008000ba8      0x21c c:/st/stm32cubeide_1.6.1/stm32cubeide/plugins/com.st.stm32cube.ide.mcu.externaltools.gnu-tools-for-stm32.9-2020-q2-update.win32_1.5.0.202011040924/tools/bin/../lib/gcc/arm-none-eabi/9.3.1/thumb/v7-m/nofp\libgcc.a(_arm_addsubsf3.o)
                0x0000000008000ba8                __aeabi_frsub
                0x0000000008000bb0                __subsf3
                0x0000000008000bb0                __aeabi_fsub
                0x0000000008000bb4                __aeabi_fadd
                0x0000000008000bb4                __addsf3
                0x0000000008000d14                __aeabi_ui2f
                0x0000000008000d14                __floatunsisf
                0x0000000008000d1c                __aeabi_i2f
                0x0000000008000d1c                __floatsisf
                0x0000000008000d38                __aeabi_ul2f
                0x0000000008000d38                __floatundisf
                0x0000000008000d48                __aeabi_l2f
                0x0000000008000d48                __floatdisf
 .text          0x0000000008000dc4      0x2a0 c:/st/stm32cubeide_1.6.1/stm32cubeide/plugins/com.st.stm32cube.ide.mcu.externaltools.gnu-tools-for-stm32.9-2020-q2-update.win32_1.5.0.202011040924/tools/bin/../lib/gcc/arm-none-eabi/9.3.1/thumb/v7-m/nofp\libgcc.a(_arm_muldivsf3.o)
                0x0000000008000dc4                __mulsf3
                0x0000000008000dc4                __aeabi_fmul
                0x0000000008000f2c                __aeabi_fdiv
                0x0000000008000f2c                __divsf3
 .text          0x0000000008001064       0xec c:/st/stm32cubeide_1.6.1/stm32cubeide/plugins/com.st.stm32cube.ide.mcu.externaltools.gnu-tools-for-stm32.9-2020-q2-update.win32_1.5.0.202011040924/tools/bin/../lib/gcc/arm-none-eabi/9.3.1/thumb/v7-m/nofp\libgcc.a(_arm_cmpsf2.o)
                0x0000000008001064                __gesf2
                0x0000000008001064                __gtsf2
                0x000000000800106c                __lesf2
                0x000000000800106c                __ltsf2
                0x0000000008001074                __nesf2
                0x0000000008001074                __eqsf2
                0x0000000008001074                __cmpsf2
                0x00000000080010d4                __aeabi_cfrcmple
                0x00000000080010dc                __aeabi_cfcmpeq
                0x00000000080010dc                __aeabi_cfcmple
                0x00000000080010ec                __aeabi_fcmpeq
                0x0000000008001100                __aeabi_fcmplt
                0x0000000008001114                __aeabi_fcmple
                0x0000000008001128                __aeabi_fcmpge
                0x000000000800113c                __aeabi_fcmpgt
 .text          0x0000000008001150       0x4c c:/st/stm32cubeide_1.6.1/stm32cubeide/plugins/com.st.stm32cube.ide.mcu.externaltools.gnu-tools-for-stm32.9-2020-q2-update.win32_1.5.0.202011040924/tools/bin/../lib/gcc/arm-none-eabi/9.3.1/thumb/v7-m/nofp\libgcc.a(_arm_fixsfsi.o)
                0x0000000008001150                __aeabi_f2iz
                0x0000000008001150                __fixsfsi
 .text          0x000000000800119c       0x40 c:/st/stm32cubeide_1.6.1/stm32cubeide/plugins/com.st.stm32cube.ide.mcu.externaltools.gnu-tools-for-stm32.9-2020-q2-update.win32_1.5.0.202011040924/tools/bin/../lib/gcc/arm-none-eabi/9.3.1/thumb/v7-m/nofp\libgcc.a(_arm_fixunssfsi.o)
                0x000000000800119c                __fixunssfsi
                0x000000000800119c                __aeabi_f2uiz
 .text          0x00000000080011dc       0x30 c:/st/stm32cubeide_1.6.1/stm32cubeide/plugins/com.st.stm32cube.ide.mcu.externaltools.gnu-tools-for-stm32.9-2020-q2-update.win32_1.5.0.202011040924/tools/bin/../lib/gcc/arm-none-eabi/9.3.1/thumb/v7-m/nofp\libgcc.a(_aeabi_uldivmod.o)
                0x00000000080011dc                __aeabi_uldivmod
 .text          0x000000000800120c      0x2c4 c:/st/stm32cubeide_1.6.1/stm32cubeide/plugins/com.st.stm32cube.ide.mcu.externaltools.gnu-tools-for-stm32.9-2020-q2-update.win32_1.5.0.202011040924/tools/bin/../lib/gcc/arm-none-eabi/9.3.1/thumb/v7-m/nofp\libgcc.a(_udivmoddi4.o)
                0x000000000800120c                __udivmoddi4
 .text          0x00000000080014d0        0x4 c:/st/stm32cubeide_1.6.1/stm32cubeide/plugins/com.st.stm32cube.ide.mcu.externaltools.gnu-tools-for-stm32.9-2020-q2-update.win32_1.5.0.202011040924/tools/bin/../lib/gcc/arm-none-eabi/9.3.1/thumb/v7-m/nofp\libgcc.a(_dvmd_tls.o)
                0x00000000080014d0                __aeabi_idiv0
                0x00000000080014d0                __aeabi_ldiv0
 *(.text*)
 .text.DebugManager
                0x00000000080014d4      0x258 Core/Src/DebugManager.o
                0x00000000080014d4                DebugManager
 .text.__io_putchar
                0x000000000800172c       0x24 Core/Src/DebugPort.o
                0x000000000800172c                __io_putchar
 .text.readModel
                0x0000000008001750       0x16 Core/Src/Hmi.o
                0x0000000008001750                readModel
 *fill*         0x0000000008001766        0x2 
 .text.HmiManager
                0x0000000008001768      0x384 Core/Src/Hmi.o
                0x0000000008001768                HmiManager
 .text.Steppermanager
                0x0000000008001aec       0x60 Core/Src/MotorManager.o
                0x0000000008001aec                Steppermanager
 .text.vStepperPositioning
                0x0000000008001b4c      0x138 Core/Src/MotorManager.o
                0x0000000008001b4c                vStepperPositioning
 .text.vToggleOneStep
                0x0000000008001c84       0x70 Core/Src/MotorManager.o
                0x0000000008001c84                vToggleOneStep
 .text.vLimitSwitchActive
                0x0000000008001cf4       0x54 Core/Src/MotorManager.o
                0x0000000008001cf4                vLimitSwitchActive
 .text.vEnableStepper
                0x0000000008001d48       0x60 Core/Src/MotorManager.o
                0x0000000008001d48                vEnableStepper
 .text.vStepperMaxTorque
                0x0000000008001da8       0x6c Core/Src/MotorManager.o
                0x0000000008001da8                vStepperMaxTorque
 .text.vDisableStepper
                0x0000000008001e14       0x40 Core/Src/MotorManager.o
                0x0000000008001e14                vDisableStepper
 .text.vSetStepperMotorDirection
                0x0000000008001e54       0x6c Core/Src/MotorManager.o
                0x0000000008001e54                vSetStepperMotorDirection
 .text.vSetSpeed
                0x0000000008001ec0       0x94 Core/Src/MotorManager.o
                0x0000000008001ec0                vSetSpeed
 .text.Mot_getFanSpeed
                0x0000000008001f54       0x14 Core/Src/MotorManager.o
                0x0000000008001f54                Mot_getFanSpeed
 .text.StepperMotorProdTest
                0x0000000008001f68      0x170 Core/Src/MotorManager.o
                0x0000000008001f68                StepperMotorProdTest
 .text.AllMotorToZero
                0x00000000080020d8       0x92 Core/Src/MotorManager.o
                0x00000000080020d8                AllMotorToZero
 .text.initPID  0x000000000800216a       0x48 Core/Src/Pid.o
                0x000000000800216a                initPID
 *fill*         0x00000000080021b2        0x2 
 .text.TestButtonWalkthrough
                0x00000000080021b4       0x7c Core/Src/ProdTest.o
                0x00000000080021b4                TestButtonWalkthrough
 .text.TestRunner
                0x0000000008002230       0xbc Core/Src/ProdTest.o
                0x0000000008002230                TestRunner
 .text.getTestState
                0x00000000080022ec       0x14 Core/Src/ProdTest.o
                0x00000000080022ec                getTestState
 .text.TemperatureManager
                0x0000000008002300      0x324 Core/Src/TemperatureManager.o
                0x0000000008002300                TemperatureManager
 .text.HAL_I2C_MasterTxCpltCallback
                0x0000000008002624       0x20 Core/Src/TemperatureManager.o
                0x0000000008002624                HAL_I2C_MasterTxCpltCallback
 .text.HAL_I2C_MasterRxCpltCallback
                0x0000000008002644       0x20 Core/Src/TemperatureManager.o
                0x0000000008002644                HAL_I2C_MasterRxCpltCallback
 .text.HAL_I2C_ErrorCallback
                0x0000000008002664       0x18 Core/Src/TemperatureManager.o
                0x0000000008002664                HAL_I2C_ErrorCallback
 .text.HAL_I2C_AbortCpltCallback
                0x000000000800267c       0x18 Core/Src/TemperatureManager.o
                0x000000000800267c                HAL_I2C_AbortCpltCallback
 *fill*         0x0000000008002694        0x4 
 .text.uVtoDegreeCTypeK
                0x0000000008002698      0x644 Core/Src/TemperatureManager.o
                0x0000000008002698                uVtoDegreeCTypeK
 *fill*         0x0000000008002cdc        0x4 
 .text.VtoDegreeCRtd
                0x0000000008002ce0       0x88 Core/Src/TemperatureManager.o
                0x0000000008002ce0                VtoDegreeCRtd
 .text.AirInput_forceAperture
                0x0000000008002d68       0x3e Core/Src/air_input.o
                0x0000000008002d68                AirInput_forceAperture
 .text.AirInput_getAperture
                0x0000000008002da6       0x16 Core/Src/air_input.o
                0x0000000008002da6                AirInput_getAperture
 .text.AirInput_InPosition
                0x0000000008002dbc       0x24 Core/Src/air_input.o
                0x0000000008002dbc                AirInput_InPosition
 .text.AirInput_setAjustement
                0x0000000008002de0       0x4c Core/Src/air_input.o
                0x0000000008002de0                AirInput_setAjustement
 .text.AirInput_task
                0x0000000008002e2c       0x60 Core/Src/air_input.o
                0x0000000008002e2c                AirInput_task
 .text.Algo_init
                0x0000000008002e8c       0x9c Core/Src/algo.o
                0x0000000008002e8c                Algo_init
 .text.manageStateMachine
                0x0000000008002f28      0xda8 Core/Src/algo.o
 .text.Algo_task
                0x0000000008003cd0       0x38 Core/Src/algo.o
                0x0000000008003cd0                Algo_task
 .text.Algo_getBaffleTempSlope
                0x0000000008003d08       0x14 Core/Src/algo.o
                0x0000000008003d08                Algo_getBaffleTempSlope
 .text.computeSlopeBaffleTemp
                0x0000000008003d1c       0x50 Core/Src/algo.o
 .text.Algo_setState
                0x0000000008003d6c       0x20 Core/Src/algo.o
                0x0000000008003d6c                Algo_setState
 .text.Algo_getState
                0x0000000008003d8c       0x14 Core/Src/algo.o
                0x0000000008003d8c                Algo_getState
 .text.Algo_setBaffleTemp
                0x0000000008003da0       0x28 Core/Src/algo.o
                0x0000000008003da0                Algo_setBaffleTemp
 .text.Algo_setRearTemp
                0x0000000008003dc8       0x1c Core/Src/algo.o
                0x0000000008003dc8                Algo_setRearTemp
 .text.Algo_getRearTemp
                0x0000000008003de4       0x14 Core/Src/algo.o
                0x0000000008003de4                Algo_getRearTemp
 .text.Algo_getBaffleTemp
                0x0000000008003df8       0x14 Core/Src/algo.o
                0x0000000008003df8                Algo_getBaffleTemp
 .text.Algo_setPlenumTemp
                0x0000000008003e0c       0x1c Core/Src/algo.o
                0x0000000008003e0c                Algo_setPlenumTemp
 .text.Algo_getPlenumTemp
                0x0000000008003e28       0x14 Core/Src/algo.o
                0x0000000008003e28                Algo_getPlenumTemp
 .text.Algo_getPrimary
                0x0000000008003e3c       0x14 Core/Src/algo.o
                0x0000000008003e3c                Algo_getPrimary
 .text.Algo_getGrill
                0x0000000008003e50       0x14 Core/Src/algo.o
                0x0000000008003e50                Algo_getGrill
 .text.Algo_setThermostatRequest
                0x0000000008003e64       0x20 Core/Src/algo.o
                0x0000000008003e64                Algo_setThermostatRequest
 .text.Algo_getThermostatRequest
                0x0000000008003e84       0x14 Core/Src/algo.o
                0x0000000008003e84                Algo_getThermostatRequest
 .text.Algo_setInterlockRequest
                0x0000000008003e98       0x20 Core/Src/algo.o
                0x0000000008003e98                Algo_setInterlockRequest
 .text.Algo_getInterlockRequest
                0x0000000008003eb8       0x14 Core/Src/algo.o
                0x0000000008003eb8                Algo_getInterlockRequest
 .text.Algo_startChargement
                0x0000000008003ecc       0x30 Core/Src/algo.o
                0x0000000008003ecc                Algo_startChargement
 .text.computeAjustement
                0x0000000008003efc       0xa8 Core/Src/algo.o
 .text.AirAdjustment
                0x0000000008003fa4       0x8c Core/Src/algo.o
                0x0000000008003fa4                AirAdjustment
 .text.StateEntryControlAdjustment
                0x0000000008004030      0x102 Core/Src/algo.o
                0x0000000008004030                StateEntryControlAdjustment
 *fill*         0x0000000008004132        0x2 
 .text.vApplicationGetIdleTaskMemory
                0x0000000008004134       0x30 Core/Src/freertos.o
                0x0000000008004134                vApplicationGetIdleTaskMemory
 .text.vApplicationGetTimerTaskMemory
                0x0000000008004164       0x34 Core/Src/freertos.o
                0x0000000008004164                vApplicationGetTimerTaskMemory
 .text.main     0x0000000008004198      0x150 Core/Src/main.o
                0x0000000008004198                main
 .text.SystemClock_Config
                0x00000000080042e8       0xc8 Core/Src/main.o
                0x00000000080042e8                SystemClock_Config
 .text.MX_I2C1_Init
                0x00000000080043b0       0x5c Core/Src/main.o
                0x00000000080043b0                MX_I2C1_Init
 .text.MX_RTC_Init
                0x000000000800440c       0x94 Core/Src/main.o
 .text.MX_USART1_UART_Init
                0x00000000080044a0       0x54 Core/Src/main.o
 .text.MX_GPIO_Init
                0x00000000080044f4      0x1f8 Core/Src/main.o
 .text.StartDefaultTask
                0x00000000080046ec      0x1a0 Core/Src/main.o
                0x00000000080046ec                StartDefaultTask
 .text.TimerCallback
                0x000000000800488c       0x20 Core/Src/main.o
                0x000000000800488c                TimerCallback
 .text.HAL_TIM_PeriodElapsedCallback
                0x00000000080048ac       0x24 Core/Src/main.o
                0x00000000080048ac                HAL_TIM_PeriodElapsedCallback
 .text.Error_Handler
                0x00000000080048d0       0x14 Core/Src/main.o
                0x00000000080048d0                Error_Handler
 .text.Slope_init
                0x00000000080048e4       0x36 Core/Src/slope.o
                0x00000000080048e4                Slope_init
 .text.Slope_addData
                0x000000000800491a       0x56 Core/Src/slope.o
                0x000000000800491a                Slope_addData
 .text.Slope_compute
                0x0000000008004970      0x232 Core/Src/slope.o
                0x0000000008004970                Slope_compute
 *fill*         0x0000000008004ba2        0x2 
 .text.HAL_MspInit
                0x0000000008004ba4       0x70 Core/Src/stm32f1xx_hal_msp.o
                0x0000000008004ba4                HAL_MspInit
 .text.HAL_I2C_MspInit
                0x0000000008004c14       0x9c Core/Src/stm32f1xx_hal_msp.o
                0x0000000008004c14                HAL_I2C_MspInit
 .text.HAL_I2C_MspDeInit
                0x0000000008004cb0       0x50 Core/Src/stm32f1xx_hal_msp.o
                0x0000000008004cb0                HAL_I2C_MspDeInit
 .text.HAL_RTC_MspInit
                0x0000000008004d00       0x48 Core/Src/stm32f1xx_hal_msp.o
                0x0000000008004d00                HAL_RTC_MspInit
 .text.HAL_UART_MspInit
                0x0000000008004d48       0x98 Core/Src/stm32f1xx_hal_msp.o
                0x0000000008004d48                HAL_UART_MspInit
 .text.HAL_InitTick
                0x0000000008004de0       0xac Core/Src/stm32f1xx_hal_timebase_tim.o
                0x0000000008004de0                HAL_InitTick
 .text.NMI_Handler
                0x0000000008004e8c        0x6 Core/Src/stm32f1xx_it.o
                0x0000000008004e8c                NMI_Handler
 .text.HardFault_Handler
                0x0000000008004e92        0x6 Core/Src/stm32f1xx_it.o
                0x0000000008004e92                HardFault_Handler
 .text.MemManage_Handler
                0x0000000008004e98        0x6 Core/Src/stm32f1xx_it.o
                0x0000000008004e98                MemManage_Handler
 .text.BusFault_Handler
                0x0000000008004e9e        0x6 Core/Src/stm32f1xx_it.o
                0x0000000008004e9e                BusFault_Handler
 .text.UsageFault_Handler
                0x0000000008004ea4        0x6 Core/Src/stm32f1xx_it.o
                0x0000000008004ea4                UsageFault_Handler
 .text.DebugMon_Handler
                0x0000000008004eaa        0xc Core/Src/stm32f1xx_it.o
                0x0000000008004eaa                DebugMon_Handler
 *fill*         0x0000000008004eb6        0x2 
 .text.TIM1_UP_IRQHandler
                0x0000000008004eb8       0x14 Core/Src/stm32f1xx_it.o
                0x0000000008004eb8                TIM1_UP_IRQHandler
 .text.I2C1_EV_IRQHandler
                0x0000000008004ecc       0x14 Core/Src/stm32f1xx_it.o
                0x0000000008004ecc                I2C1_EV_IRQHandler
 .text.I2C1_ER_IRQHandler
                0x0000000008004ee0       0x14 Core/Src/stm32f1xx_it.o
                0x0000000008004ee0                I2C1_ER_IRQHandler
 .text._read    0x0000000008004ef4       0x3a Core/Src/syscalls.o
                0x0000000008004ef4                _read
 .text._write   0x0000000008004f2e       0x38 Core/Src/syscalls.o
                0x0000000008004f2e                _write
 .text._close   0x0000000008004f66       0x16 Core/Src/syscalls.o
                0x0000000008004f66                _close
 .text._fstat   0x0000000008004f7c       0x1e Core/Src/syscalls.o
                0x0000000008004f7c                _fstat
 .text._isatty  0x0000000008004f9a       0x14 Core/Src/syscalls.o
                0x0000000008004f9a                _isatty
 .text._lseek   0x0000000008004fae       0x18 Core/Src/syscalls.o
                0x0000000008004fae                _lseek
 *fill*         0x0000000008004fc6        0x2 
 .text._sbrk    0x0000000008004fc8       0x6c Core/Src/sysmem.o
                0x0000000008004fc8                _sbrk
 .text.SystemInit
                0x0000000008005034        0xc Core/Src/system_stm32f1xx.o
                0x0000000008005034                SystemInit
 .text.Reset_Handler
                0x0000000008005040       0x48 Core/Startup/startup_stm32f105rctx.o
                0x0000000008005040                Reset_Handler
 .text.Default_Handler
                0x0000000008005088        0x2 Core/Startup/startup_stm32f105rctx.o
                0x0000000008005088                RTC_Alarm_IRQHandler
                0x0000000008005088                EXTI2_IRQHandler
                0x0000000008005088                TIM1_CC_IRQHandler
                0x0000000008005088                TIM6_IRQHandler
                0x0000000008005088                PVD_IRQHandler
                0x0000000008005088                CAN2_RX1_IRQHandler
                0x0000000008005088                EXTI3_IRQHandler
                0x0000000008005088                EXTI0_IRQHandler
                0x0000000008005088                I2C2_EV_IRQHandler
                0x0000000008005088                CAN1_RX0_IRQHandler
                0x0000000008005088                CAN2_SCE_IRQHandler
                0x0000000008005088                ADC1_2_IRQHandler
                0x0000000008005088                SPI1_IRQHandler
                0x0000000008005088                TAMPER_IRQHandler
                0x0000000008005088                CAN2_RX0_IRQHandler
                0x0000000008005088                DMA2_Channel2_IRQHandler
                0x0000000008005088                DMA1_Channel4_IRQHandler
                0x0000000008005088                USART3_IRQHandler
                0x0000000008005088                RTC_IRQHandler
                0x0000000008005088                DMA1_Channel7_IRQHandler
                0x0000000008005088                CAN1_RX1_IRQHandler
                0x0000000008005088                UART5_IRQHandler
                0x0000000008005088                TIM4_IRQHandler
                0x0000000008005088                DMA2_Channel1_IRQHandler
                0x0000000008005088                DMA1_Channel6_IRQHandler
                0x0000000008005088                UART4_IRQHandler
                0x0000000008005088                DMA2_Channel4_IRQHandler
                0x0000000008005088                TIM3_IRQHandler
                0x0000000008005088                RCC_IRQHandler
                0x0000000008005088                TIM1_TRG_COM_IRQHandler
                0x0000000008005088                DMA1_Channel1_IRQHandler
                0x0000000008005088                Default_Handler
                0x0000000008005088                EXTI15_10_IRQHandler
                0x0000000008005088                TIM7_IRQHandler
                0x0000000008005088                CAN2_TX_IRQHandler
                0x0000000008005088                TIM5_IRQHandler
                0x0000000008005088                EXTI9_5_IRQHandler
                0x0000000008005088                SPI2_IRQHandler
                0x0000000008005088                CAN1_TX_IRQHandler
                0x0000000008005088                DMA2_Channel5_IRQHandler
                0x0000000008005088                DMA1_Channel5_IRQHandler
                0x0000000008005088                EXTI4_IRQHandler
                0x0000000008005088                DMA1_Channel3_IRQHandler
                0x0000000008005088                WWDG_IRQHandler
                0x0000000008005088                TIM2_IRQHandler
                0x0000000008005088                OTG_FS_WKUP_IRQHandler
                0x0000000008005088                TIM1_BRK_IRQHandler
                0x0000000008005088                EXTI1_IRQHandler
                0x0000000008005088                USART2_IRQHandler
                0x0000000008005088                I2C2_ER_IRQHandler
                0x0000000008005088                DMA1_Channel2_IRQHandler
                0x0000000008005088                CAN1_SCE_IRQHandler
                0x0000000008005088                FLASH_IRQHandler
                0x0000000008005088                USART1_IRQHandler
                0x0000000008005088                OTG_FS_IRQHandler
                0x0000000008005088                SPI3_IRQHandler
                0x0000000008005088                DMA2_Channel3_IRQHandler
 *fill*         0x000000000800508a        0x2 
 .text.HAL_Init
                0x000000000800508c       0x2c Drivers/STM32F1xx_HAL_Driver/Src/stm32f1xx_hal.o
                0x000000000800508c                HAL_Init
 .text.HAL_IncTick
                0x00000000080050b8       0x24 Drivers/STM32F1xx_HAL_Driver/Src/stm32f1xx_hal.o
                0x00000000080050b8                HAL_IncTick
 .text.HAL_GetTick
                0x00000000080050dc       0x14 Drivers/STM32F1xx_HAL_Driver/Src/stm32f1xx_hal.o
                0x00000000080050dc                HAL_GetTick
 .text.__NVIC_SetPriorityGrouping
                0x00000000080050f0       0x48 Drivers/STM32F1xx_HAL_Driver/Src/stm32f1xx_hal_cortex.o
 .text.__NVIC_GetPriorityGrouping
                0x0000000008005138       0x1c Drivers/STM32F1xx_HAL_Driver/Src/stm32f1xx_hal_cortex.o
 .text.__NVIC_EnableIRQ
                0x0000000008005154       0x38 Drivers/STM32F1xx_HAL_Driver/Src/stm32f1xx_hal_cortex.o
 .text.__NVIC_DisableIRQ
                0x000000000800518c       0x48 Drivers/STM32F1xx_HAL_Driver/Src/stm32f1xx_hal_cortex.o
 .text.__NVIC_SetPriority
                0x00000000080051d4       0x54 Drivers/STM32F1xx_HAL_Driver/Src/stm32f1xx_hal_cortex.o
 .text.NVIC_EncodePriority
                0x0000000008005228       0x64 Drivers/STM32F1xx_HAL_Driver/Src/stm32f1xx_hal_cortex.o
 .text.HAL_NVIC_SetPriorityGrouping
                0x000000000800528c       0x16 Drivers/STM32F1xx_HAL_Driver/Src/stm32f1xx_hal_cortex.o
                0x000000000800528c                HAL_NVIC_SetPriorityGrouping
 .text.HAL_NVIC_SetPriority
                0x00000000080052a2       0x38 Drivers/STM32F1xx_HAL_Driver/Src/stm32f1xx_hal_cortex.o
                0x00000000080052a2                HAL_NVIC_SetPriority
 .text.HAL_NVIC_EnableIRQ
                0x00000000080052da       0x1c Drivers/STM32F1xx_HAL_Driver/Src/stm32f1xx_hal_cortex.o
                0x00000000080052da                HAL_NVIC_EnableIRQ
 .text.HAL_NVIC_DisableIRQ
                0x00000000080052f6       0x1c Drivers/STM32F1xx_HAL_Driver/Src/stm32f1xx_hal_cortex.o
                0x00000000080052f6                HAL_NVIC_DisableIRQ
 *fill*         0x0000000008005312        0x2 
 .text.HAL_DMA_Abort_IT
                0x0000000008005314      0x210 Drivers/STM32F1xx_HAL_Driver/Src/stm32f1xx_hal_dma.o
                0x0000000008005314                HAL_DMA_Abort_IT
 .text.HAL_DMA_GetState
                0x0000000008005524       0x18 Drivers/STM32F1xx_HAL_Driver/Src/stm32f1xx_hal_dma.o
                0x0000000008005524                HAL_DMA_GetState
 .text.HAL_GPIO_Init
                0x000000000800553c      0x308 Drivers/STM32F1xx_HAL_Driver/Src/stm32f1xx_hal_gpio.o
                0x000000000800553c                HAL_GPIO_Init
 .text.HAL_GPIO_DeInit
                0x0000000008005844      0x178 Drivers/STM32F1xx_HAL_Driver/Src/stm32f1xx_hal_gpio.o
                0x0000000008005844                HAL_GPIO_DeInit
 .text.HAL_GPIO_ReadPin
                0x00000000080059bc       0x2e Drivers/STM32F1xx_HAL_Driver/Src/stm32f1xx_hal_gpio.o
                0x00000000080059bc                HAL_GPIO_ReadPin
 .text.HAL_GPIO_WritePin
                0x00000000080059ea       0x30 Drivers/STM32F1xx_HAL_Driver/Src/stm32f1xx_hal_gpio.o
                0x00000000080059ea                HAL_GPIO_WritePin
 .text.HAL_GPIO_TogglePin
                0x0000000008005a1a       0x32 Drivers/STM32F1xx_HAL_Driver/Src/stm32f1xx_hal_gpio.o
                0x0000000008005a1a                HAL_GPIO_TogglePin
 .text.HAL_I2C_Init
                0x0000000008005a4c      0x288 Drivers/STM32F1xx_HAL_Driver/Src/stm32f1xx_hal_i2c.o
                0x0000000008005a4c                HAL_I2C_Init
 .text.HAL_I2C_DeInit
                0x0000000008005cd4       0x5e Drivers/STM32F1xx_HAL_Driver/Src/stm32f1xx_hal_i2c.o
                0x0000000008005cd4                HAL_I2C_DeInit
 *fill*         0x0000000008005d32        0x2 
 .text.HAL_I2C_Master_Transmit_IT
                0x0000000008005d34      0x148 Drivers/STM32F1xx_HAL_Driver/Src/stm32f1xx_hal_i2c.o
                0x0000000008005d34                HAL_I2C_Master_Transmit_IT
 .text.HAL_I2C_Master_Receive_IT
                0x0000000008005e7c      0x158 Drivers/STM32F1xx_HAL_Driver/Src/stm32f1xx_hal_i2c.o
                0x0000000008005e7c                HAL_I2C_Master_Receive_IT
 .text.HAL_I2C_Master_Abort_IT
                0x0000000008005fd4       0x9e Drivers/STM32F1xx_HAL_Driver/Src/stm32f1xx_hal_i2c.o
                0x0000000008005fd4                HAL_I2C_Master_Abort_IT
 .text.HAL_I2C_EV_IRQHandler
                0x0000000008006072      0x2e2 Drivers/STM32F1xx_HAL_Driver/Src/stm32f1xx_hal_i2c.o
                0x0000000008006072                HAL_I2C_EV_IRQHandler
 .text.HAL_I2C_ER_IRQHandler
                0x0000000008006354      0x15e Drivers/STM32F1xx_HAL_Driver/Src/stm32f1xx_hal_i2c.o
                0x0000000008006354                HAL_I2C_ER_IRQHandler
 .text.HAL_I2C_SlaveTxCpltCallback
                0x00000000080064b2       0x12 Drivers/STM32F1xx_HAL_Driver/Src/stm32f1xx_hal_i2c.o
                0x00000000080064b2                HAL_I2C_SlaveTxCpltCallback
 .text.HAL_I2C_SlaveRxCpltCallback
                0x00000000080064c4       0x12 Drivers/STM32F1xx_HAL_Driver/Src/stm32f1xx_hal_i2c.o
                0x00000000080064c4                HAL_I2C_SlaveRxCpltCallback
 .text.HAL_I2C_AddrCallback
                0x00000000080064d6       0x1a Drivers/STM32F1xx_HAL_Driver/Src/stm32f1xx_hal_i2c.o
                0x00000000080064d6                HAL_I2C_AddrCallback
 .text.HAL_I2C_ListenCpltCallback
                0x00000000080064f0       0x12 Drivers/STM32F1xx_HAL_Driver/Src/stm32f1xx_hal_i2c.o
                0x00000000080064f0                HAL_I2C_ListenCpltCallback
 .text.HAL_I2C_MemTxCpltCallback
                0x0000000008006502       0x12 Drivers/STM32F1xx_HAL_Driver/Src/stm32f1xx_hal_i2c.o
                0x0000000008006502                HAL_I2C_MemTxCpltCallback
 .text.HAL_I2C_MemRxCpltCallback
                0x0000000008006514       0x12 Drivers/STM32F1xx_HAL_Driver/Src/stm32f1xx_hal_i2c.o
                0x0000000008006514                HAL_I2C_MemRxCpltCallback
 .text.I2C_MasterTransmit_TXE
                0x0000000008006526      0x138 Drivers/STM32F1xx_HAL_Driver/Src/stm32f1xx_hal_i2c.o
 .text.I2C_MasterTransmit_BTF
                0x000000000800665e       0xec Drivers/STM32F1xx_HAL_Driver/Src/stm32f1xx_hal_i2c.o
 .text.I2C_MemoryTransmit_TXE_BTF
                0x000000000800674a      0x128 Drivers/STM32F1xx_HAL_Driver/Src/stm32f1xx_hal_i2c.o
 .text.I2C_MasterReceive_RXNE
                0x0000000008006872      0x162 Drivers/STM32F1xx_HAL_Driver/Src/stm32f1xx_hal_i2c.o
 .text.I2C_MasterReceive_BTF
                0x00000000080069d4      0x1d4 Drivers/STM32F1xx_HAL_Driver/Src/stm32f1xx_hal_i2c.o
 .text.I2C_Master_SB
                0x0000000008006ba8      0x10a Drivers/STM32F1xx_HAL_Driver/Src/stm32f1xx_hal_i2c.o
 .text.I2C_Master_ADD10
                0x0000000008006cb2       0x52 Drivers/STM32F1xx_HAL_Driver/Src/stm32f1xx_hal_i2c.o
 .text.I2C_Master_ADDR
                0x0000000008006d04      0x336 Drivers/STM32F1xx_HAL_Driver/Src/stm32f1xx_hal_i2c.o
 .text.I2C_SlaveTransmit_TXE
                0x000000000800703a       0x7a Drivers/STM32F1xx_HAL_Driver/Src/stm32f1xx_hal_i2c.o
 .text.I2C_SlaveTransmit_BTF
                0x00000000080070b4       0x40 Drivers/STM32F1xx_HAL_Driver/Src/stm32f1xx_hal_i2c.o
 .text.I2C_SlaveReceive_RXNE
                0x00000000080070f4       0x7c Drivers/STM32F1xx_HAL_Driver/Src/stm32f1xx_hal_i2c.o
 .text.I2C_SlaveReceive_BTF
                0x0000000008007170       0x42 Drivers/STM32F1xx_HAL_Driver/Src/stm32f1xx_hal_i2c.o
 .text.I2C_Slave_ADDR
                0x00000000080071b2       0x94 Drivers/STM32F1xx_HAL_Driver/Src/stm32f1xx_hal_i2c.o
 *fill*         0x0000000008007246        0x2 
 .text.I2C_Slave_STOPF
                0x0000000008007248      0x260 Drivers/STM32F1xx_HAL_Driver/Src/stm32f1xx_hal_i2c.o
 .text.I2C_Slave_AF
                0x00000000080074a8       0xe0 Drivers/STM32F1xx_HAL_Driver/Src/stm32f1xx_hal_i2c.o
 .text.I2C_ITError
                0x0000000008007588      0x264 Drivers/STM32F1xx_HAL_Driver/Src/stm32f1xx_hal_i2c.o
 .text.I2C_DMAAbort
                0x00000000080077ec      0x150 Drivers/STM32F1xx_HAL_Driver/Src/stm32f1xx_hal_i2c.o
 .text.I2C_WaitOnSTOPRequestThroughIT
                0x000000000800793c       0x64 Drivers/STM32F1xx_HAL_Driver/Src/stm32f1xx_hal_i2c.o
 .text.I2C_ConvertOtherXferOptions
                0x00000000080079a0       0x34 Drivers/STM32F1xx_HAL_Driver/Src/stm32f1xx_hal_i2c.o
 .text.HAL_PWR_EnableBkUpAccess
                0x00000000080079d4       0x18 Drivers/STM32F1xx_HAL_Driver/Src/stm32f1xx_hal_pwr.o
                0x00000000080079d4                HAL_PWR_EnableBkUpAccess
 .text.HAL_RCC_OscConfig
                0x00000000080079ec      0x62c Drivers/STM32F1xx_HAL_Driver/Src/stm32f1xx_hal_rcc.o
                0x00000000080079ec                HAL_RCC_OscConfig
 .text.HAL_RCC_ClockConfig
                0x0000000008008018      0x1d4 Drivers/STM32F1xx_HAL_Driver/Src/stm32f1xx_hal_rcc.o
                0x0000000008008018                HAL_RCC_ClockConfig
 .text.HAL_RCC_GetSysClockFreq
                0x00000000080081ec      0x1c8 Drivers/STM32F1xx_HAL_Driver/Src/stm32f1xx_hal_rcc.o
                0x00000000080081ec                HAL_RCC_GetSysClockFreq
 .text.HAL_RCC_GetHCLKFreq
                0x00000000080083b4       0x14 Drivers/STM32F1xx_HAL_Driver/Src/stm32f1xx_hal_rcc.o
                0x00000000080083b4                HAL_RCC_GetHCLKFreq
 .text.HAL_RCC_GetPCLK1Freq
                0x00000000080083c8       0x28 Drivers/STM32F1xx_HAL_Driver/Src/stm32f1xx_hal_rcc.o
                0x00000000080083c8                HAL_RCC_GetPCLK1Freq
 .text.HAL_RCC_GetPCLK2Freq
                0x00000000080083f0       0x28 Drivers/STM32F1xx_HAL_Driver/Src/stm32f1xx_hal_rcc.o
                0x00000000080083f0                HAL_RCC_GetPCLK2Freq
 .text.HAL_RCC_GetClockConfig
                0x0000000008008418       0x60 Drivers/STM32F1xx_HAL_Driver/Src/stm32f1xx_hal_rcc.o
                0x0000000008008418                HAL_RCC_GetClockConfig
 .text.RCC_Delay
                0x0000000008008478       0x3c Drivers/STM32F1xx_HAL_Driver/Src/stm32f1xx_hal_rcc.o
 .text.HAL_RCCEx_PeriphCLKConfig
                0x00000000080084b4      0x264 Drivers/STM32F1xx_HAL_Driver/Src/stm32f1xx_hal_rcc_ex.o
                0x00000000080084b4                HAL_RCCEx_PeriphCLKConfig
 .text.HAL_RCCEx_GetPeriphCLKFreq
                0x0000000008008718      0x2c8 Drivers/STM32F1xx_HAL_Driver/Src/stm32f1xx_hal_rcc_ex.o
                0x0000000008008718                HAL_RCCEx_GetPeriphCLKFreq
 .text.HAL_RTC_Init
                0x00000000080089e0      0x12c Drivers/STM32F1xx_HAL_Driver/Src/stm32f1xx_hal_rtc.o
                0x00000000080089e0                HAL_RTC_Init
 .text.HAL_RTC_SetTime
                0x0000000008008b0c      0x12e Drivers/STM32F1xx_HAL_Driver/Src/stm32f1xx_hal_rtc.o
                0x0000000008008b0c                HAL_RTC_SetTime
 *fill*         0x0000000008008c3a        0x2 
 .text.HAL_RTC_GetTime
                0x0000000008008c3c      0x1b0 Drivers/STM32F1xx_HAL_Driver/Src/stm32f1xx_hal_rtc.o
                0x0000000008008c3c                HAL_RTC_GetTime
 .text.HAL_RTC_SetDate
                0x0000000008008dec      0x16c Drivers/STM32F1xx_HAL_Driver/Src/stm32f1xx_hal_rtc.o
                0x0000000008008dec                HAL_RTC_SetDate
 .text.HAL_RTC_WaitForSynchro
                0x0000000008008f58       0x5a Drivers/STM32F1xx_HAL_Driver/Src/stm32f1xx_hal_rtc.o
                0x0000000008008f58                HAL_RTC_WaitForSynchro
 .text.RTC_ReadTimeCounter
                0x0000000008008fb2       0x60 Drivers/STM32F1xx_HAL_Driver/Src/stm32f1xx_hal_rtc.o
 .text.RTC_WriteTimeCounter
                0x0000000008009012       0x4e Drivers/STM32F1xx_HAL_Driver/Src/stm32f1xx_hal_rtc.o
 .text.RTC_ReadAlarmCounter
                0x0000000008009060       0x32 Drivers/STM32F1xx_HAL_Driver/Src/stm32f1xx_hal_rtc.o
 .text.RTC_WriteAlarmCounter
                0x0000000008009092       0x4e Drivers/STM32F1xx_HAL_Driver/Src/stm32f1xx_hal_rtc.o
 .text.RTC_EnterInitMode
                0x00000000080090e0       0x50 Drivers/STM32F1xx_HAL_Driver/Src/stm32f1xx_hal_rtc.o
 .text.RTC_ExitInitMode
                0x0000000008009130       0x50 Drivers/STM32F1xx_HAL_Driver/Src/stm32f1xx_hal_rtc.o
 .text.RTC_ByteToBcd2
                0x0000000008009180       0x3a Drivers/STM32F1xx_HAL_Driver/Src/stm32f1xx_hal_rtc.o
 .text.RTC_Bcd2ToByte
                0x00000000080091ba       0x3a Drivers/STM32F1xx_HAL_Driver/Src/stm32f1xx_hal_rtc.o
 .text.RTC_DateUpdate
                0x00000000080091f4      0x152 Drivers/STM32F1xx_HAL_Driver/Src/stm32f1xx_hal_rtc.o
 *fill*         0x0000000008009346        0x2 
 .text.RTC_IsLeapYear
                0x0000000008009348       0x64 Drivers/STM32F1xx_HAL_Driver/Src/stm32f1xx_hal_rtc.o
 .text.RTC_WeekDayNum
                0x00000000080093ac       0xf0 Drivers/STM32F1xx_HAL_Driver/Src/stm32f1xx_hal_rtc.o
 .text.HAL_TIM_Base_Init
                0x000000000800949c       0x9e Drivers/STM32F1xx_HAL_Driver/Src/stm32f1xx_hal_tim.o
                0x000000000800949c                HAL_TIM_Base_Init
 .text.HAL_TIM_Base_MspInit
                0x000000000800953a       0x12 Drivers/STM32F1xx_HAL_Driver/Src/stm32f1xx_hal_tim.o
                0x000000000800953a                HAL_TIM_Base_MspInit
 .text.HAL_TIM_Base_Start_IT
                0x000000000800954c       0xb4 Drivers/STM32F1xx_HAL_Driver/Src/stm32f1xx_hal_tim.o
                0x000000000800954c                HAL_TIM_Base_Start_IT
 .text.HAL_TIM_IRQHandler
                0x0000000008009600      0x210 Drivers/STM32F1xx_HAL_Driver/Src/stm32f1xx_hal_tim.o
                0x0000000008009600                HAL_TIM_IRQHandler
 .text.HAL_TIM_OC_DelayElapsedCallback
                0x0000000008009810       0x12 Drivers/STM32F1xx_HAL_Driver/Src/stm32f1xx_hal_tim.o
                0x0000000008009810                HAL_TIM_OC_DelayElapsedCallback
 .text.HAL_TIM_IC_CaptureCallback
                0x0000000008009822       0x12 Drivers/STM32F1xx_HAL_Driver/Src/stm32f1xx_hal_tim.o
                0x0000000008009822                HAL_TIM_IC_CaptureCallback
 .text.HAL_TIM_PWM_PulseFinishedCallback
                0x0000000008009834       0x12 Drivers/STM32F1xx_HAL_Driver/Src/stm32f1xx_hal_tim.o
                0x0000000008009834                HAL_TIM_PWM_PulseFinishedCallback
 .text.HAL_TIM_TriggerCallback
                0x0000000008009846       0x12 Drivers/STM32F1xx_HAL_Driver/Src/stm32f1xx_hal_tim.o
                0x0000000008009846                HAL_TIM_TriggerCallback
 .text.TIM_Base_SetConfig
                0x0000000008009858       0xd8 Drivers/STM32F1xx_HAL_Driver/Src/stm32f1xx_hal_tim.o
                0x0000000008009858                TIM_Base_SetConfig
 .text.HAL_TIMEx_CommutCallback
                0x0000000008009930       0x12 Drivers/STM32F1xx_HAL_Driver/Src/stm32f1xx_hal_tim_ex.o
                0x0000000008009930                HAL_TIMEx_CommutCallback
 .text.HAL_TIMEx_BreakCallback
                0x0000000008009942       0x12 Drivers/STM32F1xx_HAL_Driver/Src/stm32f1xx_hal_tim_ex.o
                0x0000000008009942                HAL_TIMEx_BreakCallback
 .text.HAL_UART_Init
                0x0000000008009954       0x9a Drivers/STM32F1xx_HAL_Driver/Src/stm32f1xx_hal_uart.o
                0x0000000008009954                HAL_UART_Init
 .text.HAL_UART_Transmit
                0x00000000080099ee      0x124 Drivers/STM32F1xx_HAL_Driver/Src/stm32f1xx_hal_uart.o
                0x00000000080099ee                HAL_UART_Transmit
 .text.UART_WaitOnFlagUntilTimeout
                0x0000000008009b12       0x94 Drivers/STM32F1xx_HAL_Driver/Src/stm32f1xx_hal_uart.o
 *fill*         0x0000000008009ba6        0x2 
 .text.UART_SetConfig
                0x0000000008009ba8      0x11c Drivers/STM32F1xx_HAL_Driver/Src/stm32f1xx_hal_uart.o
 .text.makeFreeRtosPriority
                0x0000000008009cc4       0x2e Middlewares/Third_Party/FreeRTOS/Source/CMSIS_RTOS/cmsis_os.o
 .text.inHandlerMode
                0x0000000008009cf2       0x22 Middlewares/Third_Party/FreeRTOS/Source/CMSIS_RTOS/cmsis_os.o
 .text.osKernelStart
                0x0000000008009d14        0xe Middlewares/Third_Party/FreeRTOS/Source/CMSIS_RTOS/cmsis_os.o
                0x0000000008009d14                osKernelStart
 .text.osKernelSysTick
                0x0000000008009d22       0x20 Middlewares/Third_Party/FreeRTOS/Source/CMSIS_RTOS/cmsis_os.o
                0x0000000008009d22                osKernelSysTick
 .text.osThreadCreate
                0x0000000008009d42       0x98 Middlewares/Third_Party/FreeRTOS/Source/CMSIS_RTOS/cmsis_os.o
                0x0000000008009d42                osThreadCreate
 .text.osDelay  0x0000000008009dda       0x28 Middlewares/Third_Party/FreeRTOS/Source/CMSIS_RTOS/cmsis_os.o
                0x0000000008009dda                osDelay
 *fill*         0x0000000008009e02        0x2 
 .text.osTimerCreate
                0x0000000008009e04       0x68 Middlewares/Third_Party/FreeRTOS/Source/CMSIS_RTOS/cmsis_os.o
                0x0000000008009e04                osTimerCreate
 .text.osTimerStop
                0x0000000008009e6c       0x78 Middlewares/Third_Party/FreeRTOS/Source/CMSIS_RTOS/cmsis_os.o
                0x0000000008009e6c                osTimerStop
 .text.osSemaphoreCreate
                0x0000000008009ee4       0x64 Middlewares/Third_Party/FreeRTOS/Source/CMSIS_RTOS/cmsis_os.o
                0x0000000008009ee4                osSemaphoreCreate
 .text.osSemaphoreWait
                0x0000000008009f48       0x9c Middlewares/Third_Party/FreeRTOS/Source/CMSIS_RTOS/cmsis_os.o
                0x0000000008009f48                osSemaphoreWait
 .text.osSemaphoreRelease
                0x0000000008009fe4       0x6c Middlewares/Third_Party/FreeRTOS/Source/CMSIS_RTOS/cmsis_os.o
                0x0000000008009fe4                osSemaphoreRelease
 .text.osDelayUntil
                0x000000000800a050       0x16 Middlewares/Third_Party/FreeRTOS/Source/CMSIS_RTOS/cmsis_os.o
                0x000000000800a050                osDelayUntil
 .text.vListInitialise
                0x000000000800a066       0x3e Middlewares/Third_Party/FreeRTOS/Source/list.o
                0x000000000800a066                vListInitialise
 .text.vListInitialiseItem
                0x000000000800a0a4       0x18 Middlewares/Third_Party/FreeRTOS/Source/list.o
                0x000000000800a0a4                vListInitialiseItem
 .text.vListInsertEnd
                0x000000000800a0bc       0x46 Middlewares/Third_Party/FreeRTOS/Source/list.o
                0x000000000800a0bc                vListInsertEnd
 .text.vListInsert
                0x000000000800a102       0x70 Middlewares/Third_Party/FreeRTOS/Source/list.o
                0x000000000800a102                vListInsert
 .text.uxListRemove
                0x000000000800a172       0x52 Middlewares/Third_Party/FreeRTOS/Source/list.o
                0x000000000800a172                uxListRemove
 .text.xQueueGenericReset
                0x000000000800a1c4       0xd0 Middlewares/Third_Party/FreeRTOS/Source/queue.o
                0x000000000800a1c4                xQueueGenericReset
 .text.xQueueGenericCreateStatic
                0x000000000800a294       0xee Middlewares/Third_Party/FreeRTOS/Source/queue.o
                0x000000000800a294                xQueueGenericCreateStatic
 .text.xQueueGenericCreate
                0x000000000800a382       0x7c Middlewares/Third_Party/FreeRTOS/Source/queue.o
                0x000000000800a382                xQueueGenericCreate
 .text.prvInitialiseNewQueue
                0x000000000800a3fe       0x3e Middlewares/Third_Party/FreeRTOS/Source/queue.o
 .text.xQueueGenericSend
                0x000000000800a43c      0x1fc Middlewares/Third_Party/FreeRTOS/Source/queue.o
                0x000000000800a43c                xQueueGenericSend
 .text.xQueueGenericSendFromISR
                0x000000000800a638      0x130 Middlewares/Third_Party/FreeRTOS/Source/queue.o
                0x000000000800a638                xQueueGenericSendFromISR
 .text.xQueueGiveFromISR
                0x000000000800a768      0x11a Middlewares/Third_Party/FreeRTOS/Source/queue.o
                0x000000000800a768                xQueueGiveFromISR
 *fill*         0x000000000800a882        0x2 
 .text.xQueueReceive
                0x000000000800a884      0x1c0 Middlewares/Third_Party/FreeRTOS/Source/queue.o
                0x000000000800a884                xQueueReceive
 .text.xQueueSemaphoreTake
                0x000000000800aa44      0x218 Middlewares/Third_Party/FreeRTOS/Source/queue.o
                0x000000000800aa44                xQueueSemaphoreTake
 .text.xQueueReceiveFromISR
                0x000000000800ac5c      0x100 Middlewares/Third_Party/FreeRTOS/Source/queue.o
                0x000000000800ac5c                xQueueReceiveFromISR
 .text.prvGetDisinheritPriorityAfterTimeout
                0x000000000800ad5c       0x2e Middlewares/Third_Party/FreeRTOS/Source/queue.o
 .text.prvCopyDataToQueue
                0x000000000800ad8a       0xd4 Middlewares/Third_Party/FreeRTOS/Source/queue.o
 .text.prvCopyDataFromQueue
                0x000000000800ae5e       0x4c Middlewares/Third_Party/FreeRTOS/Source/queue.o
 .text.prvUnlockQueue
                0x000000000800aeaa       0xa4 Middlewares/Third_Party/FreeRTOS/Source/queue.o
 .text.prvIsQueueEmpty
                0x000000000800af4e       0x2c Middlewares/Third_Party/FreeRTOS/Source/queue.o
 .text.prvIsQueueFull
                0x000000000800af7a       0x30 Middlewares/Third_Party/FreeRTOS/Source/queue.o
 *fill*         0x000000000800afaa        0x2 
 .text.vQueueAddToRegistry
                0x000000000800afac       0x50 Middlewares/Third_Party/FreeRTOS/Source/queue.o
                0x000000000800afac                vQueueAddToRegistry
 .text.vQueueWaitForMessageRestricted
                0x000000000800affc       0x68 Middlewares/Third_Party/FreeRTOS/Source/queue.o
                0x000000000800affc                vQueueWaitForMessageRestricted
 .text.xTaskCreateStatic
                0x000000000800b064       0xb8 Middlewares/Third_Party/FreeRTOS/Source/tasks.o
                0x000000000800b064                xTaskCreateStatic
 .text.xTaskCreate
                0x000000000800b11c       0x8a Middlewares/Third_Party/FreeRTOS/Source/tasks.o
                0x000000000800b11c                xTaskCreate
 .text.prvInitialiseNewTask
                0x000000000800b1a6      0x10e Middlewares/Third_Party/FreeRTOS/Source/tasks.o
 .text.prvAddNewTaskToReadyList
                0x000000000800b2b4       0xd4 Middlewares/Third_Party/FreeRTOS/Source/tasks.o
 .text.vTaskDelay
                0x000000000800b388       0x68 Middlewares/Third_Party/FreeRTOS/Source/tasks.o
                0x000000000800b388                vTaskDelay
 .text.vTaskStartScheduler
                0x000000000800b3f0       0xcc Middlewares/Third_Party/FreeRTOS/Source/tasks.o
                0x000000000800b3f0                vTaskStartScheduler
 .text.vTaskSuspendAll
                0x000000000800b4bc       0x1c Middlewares/Third_Party/FreeRTOS/Source/tasks.o
                0x000000000800b4bc                vTaskSuspendAll
 .text.xTaskResumeAll
                0x000000000800b4d8      0x138 Middlewares/Third_Party/FreeRTOS/Source/tasks.o
                0x000000000800b4d8                xTaskResumeAll
 .text.xTaskGetTickCount
                0x000000000800b610       0x1c Middlewares/Third_Party/FreeRTOS/Source/tasks.o
                0x000000000800b610                xTaskGetTickCount
 .text.xTaskGetTickCountFromISR
                0x000000000800b62c       0x24 Middlewares/Third_Party/FreeRTOS/Source/tasks.o
                0x000000000800b62c                xTaskGetTickCountFromISR
 .text.xTaskIncrementTick
                0x000000000800b650      0x17c Middlewares/Third_Party/FreeRTOS/Source/tasks.o
                0x000000000800b650                xTaskIncrementTick
 .text.vTaskSwitchContext
                0x000000000800b7cc       0xb4 Middlewares/Third_Party/FreeRTOS/Source/tasks.o
                0x000000000800b7cc                vTaskSwitchContext
 .text.vTaskPlaceOnEventList
                0x000000000800b880       0x48 Middlewares/Third_Party/FreeRTOS/Source/tasks.o
                0x000000000800b880                vTaskPlaceOnEventList
 .text.vTaskPlaceOnEventListRestricted
                0x000000000800b8c8       0x58 Middlewares/Third_Party/FreeRTOS/Source/tasks.o
                0x000000000800b8c8                vTaskPlaceOnEventListRestricted
 .text.xTaskRemoveFromEventList
                0x000000000800b920       0xc4 Middlewares/Third_Party/FreeRTOS/Source/tasks.o
                0x000000000800b920                xTaskRemoveFromEventList
 .text.vTaskInternalSetTimeOutState
                0x000000000800b9e4       0x2c Middlewares/Third_Party/FreeRTOS/Source/tasks.o
                0x000000000800b9e4                vTaskInternalSetTimeOutState
 .text.xTaskCheckForTimeOut
                0x000000000800ba10       0xc4 Middlewares/Third_Party/FreeRTOS/Source/tasks.o
                0x000000000800ba10                xTaskCheckForTimeOut
 .text.vTaskMissedYield
                0x000000000800bad4       0x18 Middlewares/Third_Party/FreeRTOS/Source/tasks.o
                0x000000000800bad4                vTaskMissedYield
 .text.prvIdleTask
                0x000000000800baec       0x30 Middlewares/Third_Party/FreeRTOS/Source/tasks.o
 .text.prvInitialiseTaskLists
                0x000000000800bb1c       0x80 Middlewares/Third_Party/FreeRTOS/Source/tasks.o
 .text.prvCheckTasksWaitingTermination
                0x000000000800bb9c       0x5c Middlewares/Third_Party/FreeRTOS/Source/tasks.o
 .text.prvDeleteTCB
                0x000000000800bbf8       0x5e Middlewares/Third_Party/FreeRTOS/Source/tasks.o
 *fill*         0x000000000800bc56        0x2 
 .text.prvResetNextTaskUnblockTime
                0x000000000800bc58       0x48 Middlewares/Third_Party/FreeRTOS/Source/tasks.o
 .text.xTaskGetSchedulerState
                0x000000000800bca0       0x3c Middlewares/Third_Party/FreeRTOS/Source/tasks.o
                0x000000000800bca0                xTaskGetSchedulerState
 .text.xTaskPriorityInherit
                0x000000000800bcdc      0x10c Middlewares/Third_Party/FreeRTOS/Source/tasks.o
                0x000000000800bcdc                xTaskPriorityInherit
 .text.xTaskPriorityDisinherit
                0x000000000800bde8      0x10c Middlewares/Third_Party/FreeRTOS/Source/tasks.o
                0x000000000800bde8                xTaskPriorityDisinherit
 .text.vTaskPriorityDisinheritAfterTimeout
                0x000000000800bef4      0x140 Middlewares/Third_Party/FreeRTOS/Source/tasks.o
                0x000000000800bef4                vTaskPriorityDisinheritAfterTimeout
 .text.pvTaskIncrementMutexHeldCount
                0x000000000800c034       0x28 Middlewares/Third_Party/FreeRTOS/Source/tasks.o
                0x000000000800c034                pvTaskIncrementMutexHeldCount
 .text.prvAddCurrentTaskToDelayedList
                0x000000000800c05c       0xcc Middlewares/Third_Party/FreeRTOS/Source/tasks.o
 .text.xTimerCreateTimerTask
                0x000000000800c128       0x90 Middlewares/Third_Party/FreeRTOS/Source/timers.o
                0x000000000800c128                xTimerCreateTimerTask
 .text.xTimerCreate
                0x000000000800c1b8       0x42 Middlewares/Third_Party/FreeRTOS/Source/timers.o
                0x000000000800c1b8                xTimerCreate
 .text.xTimerCreateStatic
                0x000000000800c1fa       0x7a Middlewares/Third_Party/FreeRTOS/Source/timers.o
                0x000000000800c1fa                xTimerCreateStatic
 .text.prvInitialiseNewTimer
                0x000000000800c274       0x64 Middlewares/Third_Party/FreeRTOS/Source/timers.o
 .text.xTimerGenericCommand
                0x000000000800c2d8       0x9c Middlewares/Third_Party/FreeRTOS/Source/timers.o
                0x000000000800c2d8                xTimerGenericCommand
 .text.prvProcessExpiredTimer
                0x000000000800c374       0x80 Middlewares/Third_Party/FreeRTOS/Source/timers.o
 .text.prvTimerTask
                0x000000000800c3f4       0x24 Middlewares/Third_Party/FreeRTOS/Source/timers.o
 .text.prvProcessTimerOrBlockTask
                0x000000000800c418       0x9c Middlewares/Third_Party/FreeRTOS/Source/timers.o
 .text.prvGetNextExpireTime
                0x000000000800c4b4       0x48 Middlewares/Third_Party/FreeRTOS/Source/timers.o
 .text.prvSampleTimeNow
                0x000000000800c4fc       0x40 Middlewares/Third_Party/FreeRTOS/Source/timers.o
 .text.prvInsertTimerInActiveList
                0x000000000800c53c       0x84 Middlewares/Third_Party/FreeRTOS/Source/timers.o
 .text.prvProcessReceivedCommands
                0x000000000800c5c0      0x134 Middlewares/Third_Party/FreeRTOS/Source/timers.o
 .text.prvSwitchTimerLists
                0x000000000800c6f4       0xc4 Middlewares/Third_Party/FreeRTOS/Source/timers.o
 .text.prvCheckForValidListAndQueue
                0x000000000800c7b8       0x80 Middlewares/Third_Party/FreeRTOS/Source/timers.o
 .text.pxPortInitialiseStack
                0x000000000800c838       0x58 Middlewares/Third_Party/FreeRTOS/Source/portable/GCC/ARM_CM3/port.o
                0x000000000800c838                pxPortInitialiseStack
 .text.prvTaskExitError
                0x000000000800c890       0x58 Middlewares/Third_Party/FreeRTOS/Source/portable/GCC/ARM_CM3/port.o
 *fill*         0x000000000800c8e8        0x8 
 .text.SVC_Handler
                0x000000000800c8f0       0x28 Middlewares/Third_Party/FreeRTOS/Source/portable/GCC/ARM_CM3/port.o
                0x000000000800c8f0                SVC_Handler
 .text.prvPortStartFirstTask
                0x000000000800c918       0x20 Middlewares/Third_Party/FreeRTOS/Source/portable/GCC/ARM_CM3/port.o
 .text.xPortStartScheduler
                0x000000000800c938       0xe4 Middlewares/Third_Party/FreeRTOS/Source/portable/GCC/ARM_CM3/port.o
                0x000000000800c938                xPortStartScheduler
 .text.vPortEnterCritical
                0x000000000800ca1c       0x60 Middlewares/Third_Party/FreeRTOS/Source/portable/GCC/ARM_CM3/port.o
                0x000000000800ca1c                vPortEnterCritical
 .text.vPortExitCritical
                0x000000000800ca7c       0x50 Middlewares/Third_Party/FreeRTOS/Source/portable/GCC/ARM_CM3/port.o
                0x000000000800ca7c                vPortExitCritical
 *fill*         0x000000000800cacc        0x4 
 .text.PendSV_Handler
                0x000000000800cad0       0x48 Middlewares/Third_Party/FreeRTOS/Source/portable/GCC/ARM_CM3/port.o
                0x000000000800cad0                PendSV_Handler
 .text.SysTick_Handler
                0x000000000800cb18       0x44 Middlewares/Third_Party/FreeRTOS/Source/portable/GCC/ARM_CM3/port.o
                0x000000000800cb18                SysTick_Handler
 .text.vPortSetupTimerInterrupt
                0x000000000800cb5c       0x44 Middlewares/Third_Party/FreeRTOS/Source/portable/GCC/ARM_CM3/port.o
                0x000000000800cb5c                vPortSetupTimerInterrupt
 .text.vPortValidateInterruptPriority
                0x000000000800cba0       0x7c Middlewares/Third_Party/FreeRTOS/Source/portable/GCC/ARM_CM3/port.o
                0x000000000800cba0                vPortValidateInterruptPriority
 .text.pvPortMalloc
                0x000000000800cc1c      0x188 Middlewares/Third_Party/FreeRTOS/Source/portable/MemMang/heap_4.o
                0x000000000800cc1c                pvPortMalloc
 .text.vPortFree
                0x000000000800cda4       0xb4 Middlewares/Third_Party/FreeRTOS/Source/portable/MemMang/heap_4.o
                0x000000000800cda4                vPortFree
 .text.prvHeapInit
                0x000000000800ce58       0xc4 Middlewares/Third_Party/FreeRTOS/Source/portable/MemMang/heap_4.o
 .text.prvInsertBlockIntoFreeList
                0x000000000800cf1c       0xb0 Middlewares/Third_Party/FreeRTOS/Source/portable/MemMang/heap_4.o
 .text.__errno  0x000000000800cfcc        0xc c:/st/stm32cubeide_1.6.1/stm32cubeide/plugins/com.st.stm32cube.ide.mcu.externaltools.gnu-tools-for-stm32.9-2020-q2-update.win32_1.5.0.202011040924/tools/bin/../lib/gcc/arm-none-eabi/9.3.1/../../../../arm-none-eabi/lib/thumb/v7-m/nofp\libc_nano.a(lib_a-errno.o)
                0x000000000800cfcc                __errno
 .text.__libc_init_array
                0x000000000800cfd8       0x48 c:/st/stm32cubeide_1.6.1/stm32cubeide/plugins/com.st.stm32cube.ide.mcu.externaltools.gnu-tools-for-stm32.9-2020-q2-update.win32_1.5.0.202011040924/tools/bin/../lib/gcc/arm-none-eabi/9.3.1/../../../../arm-none-eabi/lib/thumb/v7-m/nofp\libc_nano.a(lib_a-init.o)
                0x000000000800cfd8                __libc_init_array
 .text.memcpy   0x000000000800d020       0x1c c:/st/stm32cubeide_1.6.1/stm32cubeide/plugins/com.st.stm32cube.ide.mcu.externaltools.gnu-tools-for-stm32.9-2020-q2-update.win32_1.5.0.202011040924/tools/bin/../lib/gcc/arm-none-eabi/9.3.1/../../../../arm-none-eabi/lib/thumb/v7-m/nofp\libc_nano.a(lib_a-memcpy-stub.o)
                0x000000000800d020                memcpy
 .text.memset   0x000000000800d03c       0x10 c:/st/stm32cubeide_1.6.1/stm32cubeide/plugins/com.st.stm32cube.ide.mcu.externaltools.gnu-tools-for-stm32.9-2020-q2-update.win32_1.5.0.202011040924/tools/bin/../lib/gcc/arm-none-eabi/9.3.1/../../../../arm-none-eabi/lib/thumb/v7-m/nofp\libc_nano.a(lib_a-memset.o)
                0x000000000800d03c                memset
 .text.printf   0x000000000800d04c       0x30 c:/st/stm32cubeide_1.6.1/stm32cubeide/plugins/com.st.stm32cube.ide.mcu.externaltools.gnu-tools-for-stm32.9-2020-q2-update.win32_1.5.0.202011040924/tools/bin/../lib/gcc/arm-none-eabi/9.3.1/../../../../arm-none-eabi/lib/thumb/v7-m/nofp\libc_nano.a(lib_a-printf.o)
                0x000000000800d04c                iprintf
                0x000000000800d04c                printf
 .text.putchar  0x000000000800d07c       0x28 c:/st/stm32cubeide_1.6.1/stm32cubeide/plugins/com.st.stm32cube.ide.mcu.externaltools.gnu-tools-for-stm32.9-2020-q2-update.win32_1.5.0.202011040924/tools/bin/../lib/gcc/arm-none-eabi/9.3.1/../../../../arm-none-eabi/lib/thumb/v7-m/nofp\libc_nano.a(lib_a-putchar.o)
                0x000000000800d07c                putchar
 .text.std      0x000000000800d0a4       0x48 c:/st/stm32cubeide_1.6.1/stm32cubeide/plugins/com.st.stm32cube.ide.mcu.externaltools.gnu-tools-for-stm32.9-2020-q2-update.win32_1.5.0.202011040924/tools/bin/../lib/gcc/arm-none-eabi/9.3.1/../../../../arm-none-eabi/lib/thumb/v7-m/nofp\libc_nano.a(lib_a-findfp.o)
 .text._cleanup_r
                0x000000000800d0ec        0xc c:/st/stm32cubeide_1.6.1/stm32cubeide/plugins/com.st.stm32cube.ide.mcu.externaltools.gnu-tools-for-stm32.9-2020-q2-update.win32_1.5.0.202011040924/tools/bin/../lib/gcc/arm-none-eabi/9.3.1/../../../../arm-none-eabi/lib/thumb/v7-m/nofp\libc_nano.a(lib_a-findfp.o)
                0x000000000800d0ec                _cleanup_r
 .text.__sfmoreglue
                0x000000000800d0f8       0x2c c:/st/stm32cubeide_1.6.1/stm32cubeide/plugins/com.st.stm32cube.ide.mcu.externaltools.gnu-tools-for-stm32.9-2020-q2-update.win32_1.5.0.202011040924/tools/bin/../lib/gcc/arm-none-eabi/9.3.1/../../../../arm-none-eabi/lib/thumb/v7-m/nofp\libc_nano.a(lib_a-findfp.o)
                0x000000000800d0f8                __sfmoreglue
 .text.__sfp_lock_acquire
                0x000000000800d124        0xc c:/st/stm32cubeide_1.6.1/stm32cubeide/plugins/com.st.stm32cube.ide.mcu.externaltools.gnu-tools-for-stm32.9-2020-q2-update.win32_1.5.0.202011040924/tools/bin/../lib/gcc/arm-none-eabi/9.3.1/../../../../arm-none-eabi/lib/thumb/v7-m/nofp\libc_nano.a(lib_a-findfp.o)
                0x000000000800d124                __sfp_lock_acquire
 .text.__sfp_lock_release
                0x000000000800d130        0xc c:/st/stm32cubeide_1.6.1/stm32cubeide/plugins/com.st.stm32cube.ide.mcu.externaltools.gnu-tools-for-stm32.9-2020-q2-update.win32_1.5.0.202011040924/tools/bin/../lib/gcc/arm-none-eabi/9.3.1/../../../../arm-none-eabi/lib/thumb/v7-m/nofp\libc_nano.a(lib_a-findfp.o)
                0x000000000800d130                __sfp_lock_release
 .text.__sinit_lock_acquire
                0x000000000800d13c        0xc c:/st/stm32cubeide_1.6.1/stm32cubeide/plugins/com.st.stm32cube.ide.mcu.externaltools.gnu-tools-for-stm32.9-2020-q2-update.win32_1.5.0.202011040924/tools/bin/../lib/gcc/arm-none-eabi/9.3.1/../../../../arm-none-eabi/lib/thumb/v7-m/nofp\libc_nano.a(lib_a-findfp.o)
                0x000000000800d13c                __sinit_lock_acquire
 .text.__sinit_lock_release
                0x000000000800d148        0xc c:/st/stm32cubeide_1.6.1/stm32cubeide/plugins/com.st.stm32cube.ide.mcu.externaltools.gnu-tools-for-stm32.9-2020-q2-update.win32_1.5.0.202011040924/tools/bin/../lib/gcc/arm-none-eabi/9.3.1/../../../../arm-none-eabi/lib/thumb/v7-m/nofp\libc_nano.a(lib_a-findfp.o)
                0x000000000800d148                __sinit_lock_release
 .text.__sinit  0x000000000800d154       0x70 c:/st/stm32cubeide_1.6.1/stm32cubeide/plugins/com.st.stm32cube.ide.mcu.externaltools.gnu-tools-for-stm32.9-2020-q2-update.win32_1.5.0.202011040924/tools/bin/../lib/gcc/arm-none-eabi/9.3.1/../../../../arm-none-eabi/lib/thumb/v7-m/nofp\libc_nano.a(lib_a-findfp.o)
                0x000000000800d154                __sinit
 .text.__sfp    0x000000000800d1c4       0x8c c:/st/stm32cubeide_1.6.1/stm32cubeide/plugins/com.st.stm32cube.ide.mcu.externaltools.gnu-tools-for-stm32.9-2020-q2-update.win32_1.5.0.202011040924/tools/bin/../lib/gcc/arm-none-eabi/9.3.1/../../../../arm-none-eabi/lib/thumb/v7-m/nofp\libc_nano.a(lib_a-findfp.o)
                0x000000000800d1c4                __sfp
 .text._fwalk_reent
                0x000000000800d250       0x3e c:/st/stm32cubeide_1.6.1/stm32cubeide/plugins/com.st.stm32cube.ide.mcu.externaltools.gnu-tools-for-stm32.9-2020-q2-update.win32_1.5.0.202011040924/tools/bin/../lib/gcc/arm-none-eabi/9.3.1/../../../../arm-none-eabi/lib/thumb/v7-m/nofp\libc_nano.a(lib_a-fwalk.o)
                0x000000000800d250                _fwalk_reent
 .text.__retarget_lock_init_recursive
                0x000000000800d28e        0x2 c:/st/stm32cubeide_1.6.1/stm32cubeide/plugins/com.st.stm32cube.ide.mcu.externaltools.gnu-tools-for-stm32.9-2020-q2-update.win32_1.5.0.202011040924/tools/bin/../lib/gcc/arm-none-eabi/9.3.1/../../../../arm-none-eabi/lib/thumb/v7-m/nofp\libc_nano.a(lib_a-lock.o)
                0x000000000800d28e                __retarget_lock_init_recursive
 .text.__retarget_lock_acquire_recursive
                0x000000000800d290        0x2 c:/st/stm32cubeide_1.6.1/stm32cubeide/plugins/com.st.stm32cube.ide.mcu.externaltools.gnu-tools-for-stm32.9-2020-q2-update.win32_1.5.0.202011040924/tools/bin/../lib/gcc/arm-none-eabi/9.3.1/../../../../arm-none-eabi/lib/thumb/v7-m/nofp\libc_nano.a(lib_a-lock.o)
                0x000000000800d290                __retarget_lock_acquire_recursive
 .text.__retarget_lock_release_recursive
                0x000000000800d292        0x2 c:/st/stm32cubeide_1.6.1/stm32cubeide/plugins/com.st.stm32cube.ide.mcu.externaltools.gnu-tools-for-stm32.9-2020-q2-update.win32_1.5.0.202011040924/tools/bin/../lib/gcc/arm-none-eabi/9.3.1/../../../../arm-none-eabi/lib/thumb/v7-m/nofp\libc_nano.a(lib_a-lock.o)
                0x000000000800d292                __retarget_lock_release_recursive
 .text._malloc_r
                0x000000000800d294       0xb4 c:/st/stm32cubeide_1.6.1/stm32cubeide/plugins/com.st.stm32cube.ide.mcu.externaltools.gnu-tools-for-stm32.9-2020-q2-update.win32_1.5.0.202011040924/tools/bin/../lib/gcc/arm-none-eabi/9.3.1/../../../../arm-none-eabi/lib/thumb/v7-m/nofp\libc_nano.a(lib_a-nano-mallocr.o)
                0x000000000800d294                _malloc_r
 .text.__sfputc_r
                0x000000000800d348       0x2a c:/st/stm32cubeide_1.6.1/stm32cubeide/plugins/com.st.stm32cube.ide.mcu.externaltools.gnu-tools-for-stm32.9-2020-q2-update.win32_1.5.0.202011040924/tools/bin/../lib/gcc/arm-none-eabi/9.3.1/../../../../arm-none-eabi/lib/thumb/v7-m/nofp\libc_nano.a(lib_a-nano-vfprintf.o)
 .text.__sfputs_r
                0x000000000800d372       0x24 c:/st/stm32cubeide_1.6.1/stm32cubeide/plugins/com.st.stm32cube.ide.mcu.externaltools.gnu-tools-for-stm32.9-2020-q2-update.win32_1.5.0.202011040924/tools/bin/../lib/gcc/arm-none-eabi/9.3.1/../../../../arm-none-eabi/lib/thumb/v7-m/nofp\libc_nano.a(lib_a-nano-vfprintf.o)
                0x000000000800d372                __sfputs_r
 *fill*         0x000000000800d396        0x2 
 .text._vfprintf_r
                0x000000000800d398      0x260 c:/st/stm32cubeide_1.6.1/stm32cubeide/plugins/com.st.stm32cube.ide.mcu.externaltools.gnu-tools-for-stm32.9-2020-q2-update.win32_1.5.0.202011040924/tools/bin/../lib/gcc/arm-none-eabi/9.3.1/../../../../arm-none-eabi/lib/thumb/v7-m/nofp\libc_nano.a(lib_a-nano-vfprintf.o)
                0x000000000800d398                _vfprintf_r
                0x000000000800d398                _vfiprintf_r
 .text._printf_common
                0x000000000800d5f8       0xde c:/st/stm32cubeide_1.6.1/stm32cubeide/plugins/com.st.stm32cube.ide.mcu.externaltools.gnu-tools-for-stm32.9-2020-q2-update.win32_1.5.0.202011040924/tools/bin/../lib/gcc/arm-none-eabi/9.3.1/../../../../arm-none-eabi/lib/thumb/v7-m/nofp\libc_nano.a(lib_a-nano-vfprintf_i.o)
                0x000000000800d5f8                _printf_common
 *fill*         0x000000000800d6d6        0x2 
 .text._printf_i
                0x000000000800d6d8      0x24c c:/st/stm32cubeide_1.6.1/stm32cubeide/plugins/com.st.stm32cube.ide.mcu.externaltools.gnu-tools-for-stm32.9-2020-q2-update.win32_1.5.0.202011040924/tools/bin/../lib/gcc/arm-none-eabi/9.3.1/../../../../arm-none-eabi/lib/thumb/v7-m/nofp\libc_nano.a(lib_a-nano-vfprintf_i.o)
                0x000000000800d6d8                _printf_i
 .text._putc_r  0x000000000800d924       0x90 c:/st/stm32cubeide_1.6.1/stm32cubeide/plugins/com.st.stm32cube.ide.mcu.externaltools.gnu-tools-for-stm32.9-2020-q2-update.win32_1.5.0.202011040924/tools/bin/../lib/gcc/arm-none-eabi/9.3.1/../../../../arm-none-eabi/lib/thumb/v7-m/nofp\libc_nano.a(lib_a-putc.o)
                0x000000000800d924                _putc_r
 .text._sbrk_r  0x000000000800d9b4       0x20 c:/st/stm32cubeide_1.6.1/stm32cubeide/plugins/com.st.stm32cube.ide.mcu.externaltools.gnu-tools-for-stm32.9-2020-q2-update.win32_1.5.0.202011040924/tools/bin/../lib/gcc/arm-none-eabi/9.3.1/../../../../arm-none-eabi/lib/thumb/v7-m/nofp\libc_nano.a(lib_a-sbrkr.o)
                0x000000000800d9b4                _sbrk_r
 .text.__sread  0x000000000800d9d4       0x22 c:/st/stm32cubeide_1.6.1/stm32cubeide/plugins/com.st.stm32cube.ide.mcu.externaltools.gnu-tools-for-stm32.9-2020-q2-update.win32_1.5.0.202011040924/tools/bin/../lib/gcc/arm-none-eabi/9.3.1/../../../../arm-none-eabi/lib/thumb/v7-m/nofp\libc_nano.a(lib_a-stdio.o)
                0x000000000800d9d4                __sread
 .text.__swrite
                0x000000000800d9f6       0x38 c:/st/stm32cubeide_1.6.1/stm32cubeide/plugins/com.st.stm32cube.ide.mcu.externaltools.gnu-tools-for-stm32.9-2020-q2-update.win32_1.5.0.202011040924/tools/bin/../lib/gcc/arm-none-eabi/9.3.1/../../../../arm-none-eabi/lib/thumb/v7-m/nofp\libc_nano.a(lib_a-stdio.o)
                0x000000000800d9f6                __swrite
 .text.__sseek  0x000000000800da2e       0x24 c:/st/stm32cubeide_1.6.1/stm32cubeide/plugins/com.st.stm32cube.ide.mcu.externaltools.gnu-tools-for-stm32.9-2020-q2-update.win32_1.5.0.202011040924/tools/bin/../lib/gcc/arm-none-eabi/9.3.1/../../../../arm-none-eabi/lib/thumb/v7-m/nofp\libc_nano.a(lib_a-stdio.o)
                0x000000000800da2e                __sseek
 .text.__sclose
                0x000000000800da52        0x8 c:/st/stm32cubeide_1.6.1/stm32cubeide/plugins/com.st.stm32cube.ide.mcu.externaltools.gnu-tools-for-stm32.9-2020-q2-update.win32_1.5.0.202011040924/tools/bin/../lib/gcc/arm-none-eabi/9.3.1/../../../../arm-none-eabi/lib/thumb/v7-m/nofp\libc_nano.a(lib_a-stdio.o)
                0x000000000800da52                __sclose
 *fill*         0x000000000800da5a        0x2 
 .text.__swbuf_r
                0x000000000800da5c       0xa4 c:/st/stm32cubeide_1.6.1/stm32cubeide/plugins/com.st.stm32cube.ide.mcu.externaltools.gnu-tools-for-stm32.9-2020-q2-update.win32_1.5.0.202011040924/tools/bin/../lib/gcc/arm-none-eabi/9.3.1/../../../../arm-none-eabi/lib/thumb/v7-m/nofp\libc_nano.a(lib_a-wbuf.o)
                0x000000000800da5c                __swbuf_r
 .text._write_r
                0x000000000800db00       0x24 c:/st/stm32cubeide_1.6.1/stm32cubeide/plugins/com.st.stm32cube.ide.mcu.externaltools.gnu-tools-for-stm32.9-2020-q2-update.win32_1.5.0.202011040924/tools/bin/../lib/gcc/arm-none-eabi/9.3.1/../../../../arm-none-eabi/lib/thumb/v7-m/nofp\libc_nano.a(lib_a-writer.o)
                0x000000000800db00                _write_r
 .text.__swsetup_r
                0x000000000800db24       0xdc c:/st/stm32cubeide_1.6.1/stm32cubeide/plugins/com.st.stm32cube.ide.mcu.externaltools.gnu-tools-for-stm32.9-2020-q2-update.win32_1.5.0.202011040924/tools/bin/../lib/gcc/arm-none-eabi/9.3.1/../../../../arm-none-eabi/lib/thumb/v7-m/nofp\libc_nano.a(lib_a-wsetup.o)
                0x000000000800db24                __swsetup_r
 .text._close_r
                0x000000000800dc00       0x20 c:/st/stm32cubeide_1.6.1/stm32cubeide/plugins/com.st.stm32cube.ide.mcu.externaltools.gnu-tools-for-stm32.9-2020-q2-update.win32_1.5.0.202011040924/tools/bin/../lib/gcc/arm-none-eabi/9.3.1/../../../../arm-none-eabi/lib/thumb/v7-m/nofp\libc_nano.a(lib_a-closer.o)
                0x000000000800dc00                _close_r
 .text.__sflush_r
                0x000000000800dc20      0x10c c:/st/stm32cubeide_1.6.1/stm32cubeide/plugins/com.st.stm32cube.ide.mcu.externaltools.gnu-tools-for-stm32.9-2020-q2-update.win32_1.5.0.202011040924/tools/bin/../lib/gcc/arm-none-eabi/9.3.1/../../../../arm-none-eabi/lib/thumb/v7-m/nofp\libc_nano.a(lib_a-fflush.o)
                0x000000000800dc20                __sflush_r
 .text._fflush_r
                0x000000000800dd2c       0x78 c:/st/stm32cubeide_1.6.1/stm32cubeide/plugins/com.st.stm32cube.ide.mcu.externaltools.gnu-tools-for-stm32.9-2020-q2-update.win32_1.5.0.202011040924/tools/bin/../lib/gcc/arm-none-eabi/9.3.1/../../../../arm-none-eabi/lib/thumb/v7-m/nofp\libc_nano.a(lib_a-fflush.o)
                0x000000000800dd2c                _fflush_r
 .text._lseek_r
                0x000000000800dda4       0x24 c:/st/stm32cubeide_1.6.1/stm32cubeide/plugins/com.st.stm32cube.ide.mcu.externaltools.gnu-tools-for-stm32.9-2020-q2-update.win32_1.5.0.202011040924/tools/bin/../lib/gcc/arm-none-eabi/9.3.1/../../../../arm-none-eabi/lib/thumb/v7-m/nofp\libc_nano.a(lib_a-lseekr.o)
                0x000000000800dda4                _lseek_r
 .text.__swhatbuf_r
                0x000000000800ddc8       0x48 c:/st/stm32cubeide_1.6.1/stm32cubeide/plugins/com.st.stm32cube.ide.mcu.externaltools.gnu-tools-for-stm32.9-2020-q2-update.win32_1.5.0.202011040924/tools/bin/../lib/gcc/arm-none-eabi/9.3.1/../../../../arm-none-eabi/lib/thumb/v7-m/nofp\libc_nano.a(lib_a-makebuf.o)
                0x000000000800ddc8                __swhatbuf_r
 .text.__smakebuf_r
                0x000000000800de10       0x80 c:/st/stm32cubeide_1.6.1/stm32cubeide/plugins/com.st.stm32cube.ide.mcu.externaltools.gnu-tools-for-stm32.9-2020-q2-update.win32_1.5.0.202011040924/tools/bin/../lib/gcc/arm-none-eabi/9.3.1/../../../../arm-none-eabi/lib/thumb/v7-m/nofp\libc_nano.a(lib_a-makebuf.o)
                0x000000000800de10                __smakebuf_r
 .text.memchr   0x000000000800de90       0x1c c:/st/stm32cubeide_1.6.1/stm32cubeide/plugins/com.st.stm32cube.ide.mcu.externaltools.gnu-tools-for-stm32.9-2020-q2-update.win32_1.5.0.202011040924/tools/bin/../lib/gcc/arm-none-eabi/9.3.1/../../../../arm-none-eabi/lib/thumb/v7-m/nofp\libc_nano.a(lib_a-memchr-stub.o)
                0x000000000800de90                memchr
 .text.__malloc_lock
                0x000000000800deac        0xc c:/st/stm32cubeide_1.6.1/stm32cubeide/plugins/com.st.stm32cube.ide.mcu.externaltools.gnu-tools-for-stm32.9-2020-q2-update.win32_1.5.0.202011040924/tools/bin/../lib/gcc/arm-none-eabi/9.3.1/../../../../arm-none-eabi/lib/thumb/v7-m/nofp\libc_nano.a(lib_a-mlock.o)
                0x000000000800deac                __malloc_lock
 .text.__malloc_unlock
                0x000000000800deb8        0xc c:/st/stm32cubeide_1.6.1/stm32cubeide/plugins/com.st.stm32cube.ide.mcu.externaltools.gnu-tools-for-stm32.9-2020-q2-update.win32_1.5.0.202011040924/tools/bin/../lib/gcc/arm-none-eabi/9.3.1/../../../../arm-none-eabi/lib/thumb/v7-m/nofp\libc_nano.a(lib_a-mlock.o)
                0x000000000800deb8                __malloc_unlock
 .text._free_r  0x000000000800dec4       0x98 c:/st/stm32cubeide_1.6.1/stm32cubeide/plugins/com.st.stm32cube.ide.mcu.externaltools.gnu-tools-for-stm32.9-2020-q2-update.win32_1.5.0.202011040924/tools/bin/../lib/gcc/arm-none-eabi/9.3.1/../../../../arm-none-eabi/lib/thumb/v7-m/nofp\libc_nano.a(lib_a-nano-freer.o)
                0x000000000800dec4                _free_r
 .text._read_r  0x000000000800df5c       0x24 c:/st/stm32cubeide_1.6.1/stm32cubeide/plugins/com.st.stm32cube.ide.mcu.externaltools.gnu-tools-for-stm32.9-2020-q2-update.win32_1.5.0.202011040924/tools/bin/../lib/gcc/arm-none-eabi/9.3.1/../../../../arm-none-eabi/lib/thumb/v7-m/nofp\libc_nano.a(lib_a-readr.o)
                0x000000000800df5c                _read_r
 .text._fstat_r
                0x000000000800df80       0x24 c:/st/stm32cubeide_1.6.1/stm32cubeide/plugins/com.st.stm32cube.ide.mcu.externaltools.gnu-tools-for-stm32.9-2020-q2-update.win32_1.5.0.202011040924/tools/bin/../lib/gcc/arm-none-eabi/9.3.1/../../../../arm-none-eabi/lib/thumb/v7-m/nofp\libc_nano.a(lib_a-fstatr.o)
                0x000000000800df80                _fstat_r
 .text._isatty_r
                0x000000000800dfa4       0x20 c:/st/stm32cubeide_1.6.1/stm32cubeide/plugins/com.st.stm32cube.ide.mcu.externaltools.gnu-tools-for-stm32.9-2020-q2-update.win32_1.5.0.202011040924/tools/bin/../lib/gcc/arm-none-eabi/9.3.1/../../../../arm-none-eabi/lib/thumb/v7-m/nofp\libc_nano.a(lib_a-isattyr.o)
                0x000000000800dfa4                _isatty_r
 .text.pow      0x000000000800dfc4      0x158 c:/st/stm32cubeide_1.6.1/stm32cubeide/plugins/com.st.stm32cube.ide.mcu.externaltools.gnu-tools-for-stm32.9-2020-q2-update.win32_1.5.0.202011040924/tools/bin/../lib/gcc/arm-none-eabi/9.3.1/../../../../arm-none-eabi/lib/thumb/v7-m/nofp\libm.a(lib_a-w_pow.o)
                0x000000000800dfc4                pow
 *fill*         0x000000000800e11c        0x4 
 .text.__ieee754_pow
                0x000000000800e120      0xa2c c:/st/stm32cubeide_1.6.1/stm32cubeide/plugins/com.st.stm32cube.ide.mcu.externaltools.gnu-tools-for-stm32.9-2020-q2-update.win32_1.5.0.202011040924/tools/bin/../lib/gcc/arm-none-eabi/9.3.1/../../../../arm-none-eabi/lib/thumb/v7-m/nofp\libm.a(lib_a-e_pow.o)
                0x000000000800e120                __ieee754_pow
 .text.__ieee754_sqrt
                0x000000000800eb4c      0x158 c:/st/stm32cubeide_1.6.1/stm32cubeide/plugins/com.st.stm32cube.ide.mcu.externaltools.gnu-tools-for-stm32.9-2020-q2-update.win32_1.5.0.202011040924/tools/bin/../lib/gcc/arm-none-eabi/9.3.1/../../../../arm-none-eabi/lib/thumb/v7-m/nofp\libm.a(lib_a-e_sqrt.o)
                0x000000000800eb4c                __ieee754_sqrt
 .text.fabs     0x000000000800eca4        0x6 c:/st/stm32cubeide_1.6.1/stm32cubeide/plugins/com.st.stm32cube.ide.mcu.externaltools.gnu-tools-for-stm32.9-2020-q2-update.win32_1.5.0.202011040924/tools/bin/../lib/gcc/arm-none-eabi/9.3.1/../../../../arm-none-eabi/lib/thumb/v7-m/nofp\libm.a(lib_a-s_fabs.o)
                0x000000000800eca4                fabs
 .text.finite   0x000000000800ecaa        0xc c:/st/stm32cubeide_1.6.1/stm32cubeide/plugins/com.st.stm32cube.ide.mcu.externaltools.gnu-tools-for-stm32.9-2020-q2-update.win32_1.5.0.202011040924/tools/bin/../lib/gcc/arm-none-eabi/9.3.1/../../../../arm-none-eabi/lib/thumb/v7-m/nofp\libm.a(lib_a-s_finite.o)
                0x000000000800ecaa                finite
 *fill*         0x000000000800ecb6        0x2 
 .text.nan      0x000000000800ecb8        0xc c:/st/stm32cubeide_1.6.1/stm32cubeide/plugins/com.st.stm32cube.ide.mcu.externaltools.gnu-tools-for-stm32.9-2020-q2-update.win32_1.5.0.202011040924/tools/bin/../lib/gcc/arm-none-eabi/9.3.1/../../../../arm-none-eabi/lib/thumb/v7-m/nofp\libm.a(lib_a-s_nan.o)
                0x000000000800ecb8                nan
 .text.rint     0x000000000800ecc4      0x114 c:/st/stm32cubeide_1.6.1/stm32cubeide/plugins/com.st.stm32cube.ide.mcu.externaltools.gnu-tools-for-stm32.9-2020-q2-update.win32_1.5.0.202011040924/tools/bin/../lib/gcc/arm-none-eabi/9.3.1/../../../../arm-none-eabi/lib/thumb/v7-m/nofp\libm.a(lib_a-s_rint.o)
                0x000000000800ecc4                rint
 .text.scalbn   0x000000000800edd8      0x10c c:/st/stm32cubeide_1.6.1/stm32cubeide/plugins/com.st.stm32cube.ide.mcu.externaltools.gnu-tools-for-stm32.9-2020-q2-update.win32_1.5.0.202011040924/tools/bin/../lib/gcc/arm-none-eabi/9.3.1/../../../../arm-none-eabi/lib/thumb/v7-m/nofp\libm.a(lib_a-s_scalbn.o)
                0x000000000800edd8                scalbn
 *(.glue_7)
 .glue_7        0x000000000800eee4        0x0 linker stubs
 *(.glue_7t)
 .glue_7t       0x000000000800eee4        0x0 linker stubs
 *(.eh_frame)
 .eh_frame      0x000000000800eee4        0x0 c:/st/stm32cubeide_1.6.1/stm32cubeide/plugins/com.st.stm32cube.ide.mcu.externaltools.gnu-tools-for-stm32.9-2020-q2-update.win32_1.5.0.202011040924/tools/bin/../lib/gcc/arm-none-eabi/9.3.1/thumb/v7-m/nofp/crtbegin.o
 *(.init)
 .init          0x000000000800eee4        0x4 c:/st/stm32cubeide_1.6.1/stm32cubeide/plugins/com.st.stm32cube.ide.mcu.externaltools.gnu-tools-for-stm32.9-2020-q2-update.win32_1.5.0.202011040924/tools/bin/../lib/gcc/arm-none-eabi/9.3.1/thumb/v7-m/nofp/crti.o
                0x000000000800eee4                _init
 .init          0x000000000800eee8        0x8 c:/st/stm32cubeide_1.6.1/stm32cubeide/plugins/com.st.stm32cube.ide.mcu.externaltools.gnu-tools-for-stm32.9-2020-q2-update.win32_1.5.0.202011040924/tools/bin/../lib/gcc/arm-none-eabi/9.3.1/thumb/v7-m/nofp/crtn.o
 *(.fini)
 .fini          0x000000000800eef0        0x4 c:/st/stm32cubeide_1.6.1/stm32cubeide/plugins/com.st.stm32cube.ide.mcu.externaltools.gnu-tools-for-stm32.9-2020-q2-update.win32_1.5.0.202011040924/tools/bin/../lib/gcc/arm-none-eabi/9.3.1/thumb/v7-m/nofp/crti.o
                0x000000000800eef0                _fini
 .fini          0x000000000800eef4        0x8 c:/st/stm32cubeide_1.6.1/stm32cubeide/plugins/com.st.stm32cube.ide.mcu.externaltools.gnu-tools-for-stm32.9-2020-q2-update.win32_1.5.0.202011040924/tools/bin/../lib/gcc/arm-none-eabi/9.3.1/thumb/v7-m/nofp/crtn.o
                0x000000000800eefc                . = ALIGN (0x4)
                0x000000000800eefc                _etext = .

.vfp11_veneer   0x000000000800eefc        0x0
 .vfp11_veneer  0x000000000800eefc        0x0 linker stubs

.v4_bx          0x000000000800eefc        0x0
 .v4_bx         0x000000000800eefc        0x0 linker stubs

.iplt           0x000000000800eefc        0x0
 .iplt          0x000000000800eefc        0x0 c:/st/stm32cubeide_1.6.1/stm32cubeide/plugins/com.st.stm32cube.ide.mcu.externaltools.gnu-tools-for-stm32.9-2020-q2-update.win32_1.5.0.202011040924/tools/bin/../lib/gcc/arm-none-eabi/9.3.1/thumb/v7-m/nofp/crtbegin.o

.rodata         0x000000000800ef00      0x4e8
                0x000000000800ef00                . = ALIGN (0x4)
 *(.rodata)
 .rodata        0x000000000800ef00      0x130 Core/Src/DebugManager.o
 .rodata        0x000000000800f030       0x24 Core/Src/algo.o
 .rodata        0x000000000800f054      0x181 Core/Src/main.o
 *fill*         0x000000000800f1d5        0x3 
 .rodata        0x000000000800f1d8       0x20 Drivers/STM32F1xx_HAL_Driver/Src/stm32f1xx_hal_rcc.o
 .rodata        0x000000000800f1f8       0x20 Drivers/STM32F1xx_HAL_Driver/Src/stm32f1xx_hal_rcc_ex.o
 .rodata        0x000000000800f218        0x1 Middlewares/Third_Party/FreeRTOS/Source/CMSIS_RTOS/cmsis_os.o
 *fill*         0x000000000800f219        0x3 
 .rodata        0x000000000800f21c        0x5 Middlewares/Third_Party/FreeRTOS/Source/tasks.o
 *fill*         0x000000000800f221        0x3 
 .rodata        0x000000000800f224        0xd Middlewares/Third_Party/FreeRTOS/Source/timers.o
 *(.rodata*)
 *fill*         0x000000000800f231        0x3 
 .rodata.TemperatureParam
                0x000000000800f234       0x44 Core/Src/algo.o
                0x000000000800f234                TemperatureParam
 .rodata.PrimaryMotorParam
                0x000000000800f278       0x40 Core/Src/algo.o
                0x000000000800f278                PrimaryMotorParam
 .rodata.BoostMotorParam
                0x000000000800f2b8       0x40 Core/Src/algo.o
                0x000000000800f2b8                BoostMotorParam
 .rodata.AHBPrescTable
                0x000000000800f2f8       0x10 Core/Src/system_stm32f1xx.o
                0x000000000800f2f8                AHBPrescTable
 .rodata.APBPrescTable
                0x000000000800f308        0x8 Core/Src/system_stm32f1xx.o
                0x000000000800f308                APBPrescTable
 .rodata._global_impure_ptr
                0x000000000800f310        0x4 c:/st/stm32cubeide_1.6.1/stm32cubeide/plugins/com.st.stm32cube.ide.mcu.externaltools.gnu-tools-for-stm32.9-2020-q2-update.win32_1.5.0.202011040924/tools/bin/../lib/gcc/arm-none-eabi/9.3.1/../../../../arm-none-eabi/lib/thumb/v7-m/nofp\libc_nano.a(lib_a-impure.o)
                0x000000000800f310                _global_impure_ptr
 .rodata.__sf_fake_stderr
                0x000000000800f314       0x20 c:/st/stm32cubeide_1.6.1/stm32cubeide/plugins/com.st.stm32cube.ide.mcu.externaltools.gnu-tools-for-stm32.9-2020-q2-update.win32_1.5.0.202011040924/tools/bin/../lib/gcc/arm-none-eabi/9.3.1/../../../../arm-none-eabi/lib/thumb/v7-m/nofp\libc_nano.a(lib_a-findfp.o)
                0x000000000800f314                __sf_fake_stderr
 .rodata.__sf_fake_stdin
                0x000000000800f334       0x20 c:/st/stm32cubeide_1.6.1/stm32cubeide/plugins/com.st.stm32cube.ide.mcu.externaltools.gnu-tools-for-stm32.9-2020-q2-update.win32_1.5.0.202011040924/tools/bin/../lib/gcc/arm-none-eabi/9.3.1/../../../../arm-none-eabi/lib/thumb/v7-m/nofp\libc_nano.a(lib_a-findfp.o)
                0x000000000800f334                __sf_fake_stdin
 .rodata.__sf_fake_stdout
                0x000000000800f354       0x20 c:/st/stm32cubeide_1.6.1/stm32cubeide/plugins/com.st.stm32cube.ide.mcu.externaltools.gnu-tools-for-stm32.9-2020-q2-update.win32_1.5.0.202011040924/tools/bin/../lib/gcc/arm-none-eabi/9.3.1/../../../../arm-none-eabi/lib/thumb/v7-m/nofp\libc_nano.a(lib_a-findfp.o)
                0x000000000800f354                __sf_fake_stdout
 .rodata._vfprintf_r.str1.1
                0x000000000800f374       0x11 c:/st/stm32cubeide_1.6.1/stm32cubeide/plugins/com.st.stm32cube.ide.mcu.externaltools.gnu-tools-for-stm32.9-2020-q2-update.win32_1.5.0.202011040924/tools/bin/../lib/gcc/arm-none-eabi/9.3.1/../../../../arm-none-eabi/lib/thumb/v7-m/nofp\libc_nano.a(lib_a-nano-vfprintf.o)
 .rodata._printf_i.str1.1
                0x000000000800f385       0x22 c:/st/stm32cubeide_1.6.1/stm32cubeide/plugins/com.st.stm32cube.ide.mcu.externaltools.gnu-tools-for-stm32.9-2020-q2-update.win32_1.5.0.202011040924/tools/bin/../lib/gcc/arm-none-eabi/9.3.1/../../../../arm-none-eabi/lib/thumb/v7-m/nofp\libc_nano.a(lib_a-nano-vfprintf_i.o)
 .rodata.__ieee754_pow.str1.1
                0x000000000800f3a7       0x22 c:/st/stm32cubeide_1.6.1/stm32cubeide/plugins/com.st.stm32cube.ide.mcu.externaltools.gnu-tools-for-stm32.9-2020-q2-update.win32_1.5.0.202011040924/tools/bin/../lib/gcc/arm-none-eabi/9.3.1/../../../../arm-none-eabi/lib/thumb/v7-m/nofp\libm.a(lib_a-e_pow.o)
                                          0x1 (size before relaxing)
 *fill*         0x000000000800f3a7        0x1 
 .rodata.bp     0x000000000800f3a8       0x10 c:/st/stm32cubeide_1.6.1/stm32cubeide/plugins/com.st.stm32cube.ide.mcu.externaltools.gnu-tools-for-stm32.9-2020-q2-update.win32_1.5.0.202011040924/tools/bin/../lib/gcc/arm-none-eabi/9.3.1/../../../../arm-none-eabi/lib/thumb/v7-m/nofp\libm.a(lib_a-e_pow.o)