stm32f1xx_hal_i2c.c:6931:26:I2C_WaitOnMasterAddressFlagUntilTimeout.constprop	24	static
stm32f1xx_hal_i2c.c:6931:26:I2C_WaitOnMasterAddressFlagUntilTimeout.constprop	24	static
stm32f1xx_hal_i2c.c:6483:26:I2C_RequestMemoryWrite	40	static
stm32f1xx_hal_i2c.c:6559:26:I2C_RequestMemoryRead	40	static
stm32f1xx_hal_i2c.c:607:13:HAL_I2C_MspInit	0	static
stm32f1xx_hal_i2c.c:449:19:HAL_I2C_Init	24	static
stm32f1xx_hal_i2c.c:623:13:HAL_I2C_MspDeInit	0	static
stm32f1xx_hal_i2c.c:561:19:HAL_I2C_DeInit	8	static
stm32f1xx_hal_i2c.c:1043:19:HAL_I2C_Master_Transmit	40	static
stm32f1xx_hal_i2c.c:1164:19:HAL_I2C_Master_Receive	56	static,ignoring_inline_asm
stm32f1xx_hal_i2c.c:1436:19:HAL_I2C_Slave_Transmit	40	static
stm32f1xx_hal_i2c.c:1566:19:HAL_I2C_Slave_Receive	40	static
stm32f1xx_hal_i2c.c:1687:19:HAL_I2C_Master_Transmit_IT	32	static
stm32f1xx_hal_i2c.c:1767:19:HAL_I2C_Master_Receive_IT	32	static
stm32f1xx_hal_i2c.c:1849:19:HAL_I2C_Slave_Transmit_IT	16	static
stm32f1xx_hal_i2c.c:1911:19:HAL_I2C_Slave_Receive_IT	16	static
stm32f1xx_hal_i2c.c:1975:19:HAL_I2C_Master_Transmit_DMA	32	static
stm32f1xx_hal_i2c.c:2114:19:HAL_I2C_Master_Receive_DMA	32	static
stm32f1xx_hal_i2c.c:2251:19:HAL_I2C_Slave_Transmit_DMA	24	static
stm32f1xx_hal_i2c.c:2346:19:HAL_I2C_Slave_Receive_DMA	24	static
stm32f1xx_hal_i2c.c:2446:19:HAL_I2C_Mem_Write	48	static
stm32f1xx_hal_i2c.c:2569:19:HAL_I2C_Mem_Read	64	static,ignoring_inline_asm
stm32f1xx_hal_i2c.c:2846:19:HAL_I2C_Mem_Write_IT	32	static
stm32f1xx_hal_i2c.c:2934:19:HAL_I2C_Mem_Read_IT	32	static
stm32f1xx_hal_i2c.c:3028:19:HAL_I2C_Mem_Write_DMA	48	static
stm32f1xx_hal_i2c.c:3172:19:HAL_I2C_Mem_Read_DMA	56	static
stm32f1xx_hal_i2c.c:3330:19:HAL_I2C_IsDeviceReady	48	static
stm32f1xx_hal_i2c.c:3462:19:HAL_I2C_Master_Seq_Transmit_IT	32	static
stm32f1xx_hal_i2c.c:3560:19:HAL_I2C_Master_Seq_Transmit_DMA	32	static
stm32f1xx_hal_i2c.c:3726:19:HAL_I2C_Master_Seq_Receive_IT	32	static
stm32f1xx_hal_i2c.c:3850:19:HAL_I2C_Master_Seq_Receive_DMA	32	static
stm32f1xx_hal_i2c.c:4053:19:HAL_I2C_Slave_Seq_Transmit_IT	24	static
stm32f1xx_hal_i2c.c:4119:19:HAL_I2C_Slave_Seq_Transmit_DMA	48	static
stm32f1xx_hal_i2c.c:4276:19:HAL_I2C_Slave_Seq_Receive_IT	24	static
stm32f1xx_hal_i2c.c:4342:19:HAL_I2C_Slave_Seq_Receive_DMA	48	static
stm32f1xx_hal_i2c.c:4495:19:HAL_I2C_EnableListen_IT	0	static
stm32f1xx_hal_i2c.c:4528:19:HAL_I2C_DisableListen_IT	4	static
stm32f1xx_hal_i2c.c:4870:13:HAL_I2C_MasterTxCpltCallback	0	static
stm32f1xx_hal_i2c.c:4886:13:HAL_I2C_MasterRxCpltCallback	0	static
stm32f1xx_hal_i2c.c:4901:13:HAL_I2C_SlaveTxCpltCallback	0	static
stm32f1xx_hal_i2c.c:4917:13:HAL_I2C_SlaveRxCpltCallback	0	static
stm32f1xx_hal_i2c.c:4935:13:HAL_I2C_AddrCallback	0	static
stm32f1xx_hal_i2c.c:4953:13:HAL_I2C_ListenCpltCallback	0	static
stm32f1xx_hal_i2c.c:4969:13:HAL_I2C_MemTxCpltCallback	0	static
stm32f1xx_hal_i2c.c:4985:13:HAL_I2C_MemRxCpltCallback	0	static
stm32f1xx_hal_i2c.c:5001:13:HAL_I2C_ErrorCallback	0	static
stm32f1xx_hal_i2c.c:6792:13:I2C_DMAError	16	static
stm32f1xx_hal_i2c.c:6660:13:I2C_DMAXferCplt	24	static
stm32f1xx_hal_i2c.c:5017:13:HAL_I2C_AbortCpltCallback	0	static
stm32f1xx_hal_i2c.c:6821:13:I2C_DMAAbort	16	static
stm32f1xx_hal_i2c.c:6170:13:I2C_ITError	16	static
stm32f1xx_hal_i2c.c:4618:6:HAL_I2C_EV_IRQHandler	64	static
stm32f1xx_hal_i2c.c:4788:6:HAL_I2C_ER_IRQHandler	32	static
stm32f1xx_hal_i2c.c:4563:19:HAL_I2C_Master_Abort_IT	16	static
stm32f1xx_hal_i2c.c:5052:22:HAL_I2C_GetState	0	static
stm32f1xx_hal_i2c.c:5064:21:HAL_I2C_GetMode	0	static
stm32f1xx_hal_i2c.c:5075:10:HAL_I2C_GetError	0	static
